Device: mps
Dataset: 88780 samples, 20 classes, input shape per sample: (6, 48, 21)  (xyz+vel)
Model: STGCNGestureNet-large  |  trainable params: 10,336,400
/Users/rickeabati/Library/Python/3.12/lib/python/site-packages/torch/utils/data/dataloader.py:775: UserWarning: 'pin_memory' argument is set as true but not supported on MPS now, device pinned memory won't be used.
  super().__init__(loader)
  epoch 001 [ 100/1110]  loss=2.9033
  epoch 001 [ 200/1110]  loss=2.7208
  epoch 001 [ 300/1110]  loss=2.5725
  epoch 001 [ 400/1110]  loss=2.4403
  epoch 001 [ 500/1110]  loss=2.3271
  epoch 001 [ 600/1110]  loss=2.2077
  epoch 001 [ 700/1110]  loss=2.0900
  epoch 001 [ 800/1110]  loss=1.9827
  epoch 001 [ 900/1110]  loss=1.8893
  epoch 001 [1000/1110]  loss=1.8085
  epoch 001 [1100/1110]  loss=1.7386
epoch 001 | train_loss=1.7322 | val_loss=0.9797 | val_acc=0.8931 | val_f1=0.8768 | lr=2.00e-04
  epoch 002 [ 100/1110]  loss=1.0476
  epoch 002 [ 200/1110]  loss=1.0310
  epoch 002 [ 300/1110]  loss=1.0124
  epoch 002 [ 400/1110]  loss=1.0003
  epoch 002 [ 500/1110]  loss=0.9882
  epoch 002 [ 600/1110]  loss=0.9752
  epoch 002 [ 700/1110]  loss=0.9632
  epoch 002 [ 800/1110]  loss=0.9523
  epoch 002 [ 900/1110]  loss=0.9430
  epoch 002 [1000/1110]  loss=0.9343
  epoch 002 [1100/1110]  loss=0.9277
epoch 002 | train_loss=0.9269 | val_loss=0.9329 | val_acc=0.8770 | val_f1=0.8540 | lr=4.00e-04
  epoch 003 [ 100/1110]  loss=0.8697
  epoch 003 [ 200/1110]  loss=0.8661
  epoch 003 [ 300/1110]  loss=0.8624
  epoch 003 [ 400/1110]  loss=0.8588
  epoch 003 [ 500/1110]  loss=0.8512
  epoch 003 [ 600/1110]  loss=0.8470
  epoch 003 [ 700/1110]  loss=0.8427
  epoch 003 [ 800/1110]  loss=0.8404
  epoch 003 [ 900/1110]  loss=0.8372
  epoch 003 [1000/1110]  loss=0.8331
  epoch 003 [1100/1110]  loss=0.8295
epoch 003 | train_loss=0.8295 | val_loss=0.8040 | val_acc=0.9264 | val_f1=0.9095 | lr=6.00e-04
  epoch 004 [ 100/1110]  loss=0.8288
  epoch 004 [ 200/1110]  loss=0.8206
  epoch 004 [ 300/1110]  loss=0.8144
  epoch 004 [ 400/1110]  loss=0.8106
  epoch 004 [ 500/1110]  loss=0.8081
  epoch 004 [ 600/1110]  loss=0.8043
  epoch 004 [ 700/1110]  loss=0.8021
  epoch 004 [ 800/1110]  loss=0.7994
  epoch 004 [ 900/1110]  loss=0.7968
  epoch 004 [1000/1110]  loss=0.7941
  epoch 004 [1100/1110]  loss=0.7922
epoch 004 | train_loss=0.7919 | val_loss=0.7554 | val_acc=0.9369 | val_f1=0.9204 | lr=8.00e-04
  epoch 005 [ 100/1110]  loss=0.7752
  epoch 005 [ 200/1110]  loss=0.7738
  epoch 005 [ 300/1110]  loss=0.7748
  epoch 005 [ 400/1110]  loss=0.7722
  epoch 005 [ 500/1110]  loss=0.7706
  epoch 005 [ 600/1110]  loss=0.7706
  epoch 005 [ 700/1110]  loss=0.7690
  epoch 005 [ 800/1110]  loss=0.7665
  epoch 005 [ 900/1110]  loss=0.7636
  epoch 005 [1000/1110]  loss=0.7632
  epoch 005 [1100/1110]  loss=0.7607
epoch 005 | train_loss=0.7604 | val_loss=0.7715 | val_acc=0.9136 | val_f1=0.8950 | lr=1.00e-03
  epoch 006 [ 100/1110]  loss=0.7384
  epoch 006 [ 200/1110]  loss=0.7373
  epoch 006 [ 300/1110]  loss=0.7379
  epoch 006 [ 400/1110]  loss=0.7390
  epoch 006 [ 500/1110]  loss=0.7371
  epoch 006 [ 600/1110]  loss=0.7368
  epoch 006 [ 700/1110]  loss=0.7367
  epoch 006 [ 800/1110]  loss=0.7359
  epoch 006 [ 900/1110]  loss=0.7344
  epoch 006 [1000/1110]  loss=0.7334
  epoch 006 [1100/1110]  loss=0.7328
epoch 006 | train_loss=0.7329 | val_loss=0.7216 | val_acc=0.9314 | val_f1=0.9147 | lr=9.99e-04
  epoch 007 [ 100/1110]  loss=0.7245
  epoch 007 [ 200/1110]  loss=0.7241
  epoch 007 [ 300/1110]  loss=0.7251
  epoch 007 [ 400/1110]  loss=0.7248
  epoch 007 [ 500/1110]  loss=0.7254
  epoch 007 [ 600/1110]  loss=0.7243
  epoch 007 [ 700/1110]  loss=0.7238
  epoch 007 [ 800/1110]  loss=0.7227
  epoch 007 [ 900/1110]  loss=0.7227
  epoch 007 [1000/1110]  loss=0.7229
  epoch 007 [1100/1110]  loss=0.7220
epoch 007 | train_loss=0.7219 | val_loss=0.6950 | val_acc=0.9410 | val_f1=0.9244 | lr=9.97e-04
  epoch 008 [ 100/1110]  loss=0.7211
  epoch 008 [ 200/1110]  loss=0.7195
  epoch 008 [ 300/1110]  loss=0.7176
  epoch 008 [ 400/1110]  loss=0.7158
  epoch 008 [ 500/1110]  loss=0.7157
  epoch 008 [ 600/1110]  loss=0.7147
  epoch 008 [ 700/1110]  loss=0.7136
  epoch 008 [ 800/1110]  loss=0.7136
  epoch 008 [ 900/1110]  loss=0.7135
  epoch 008 [1000/1110]  loss=0.7133
  epoch 008 [1100/1110]  loss=0.7131
epoch 008 | train_loss=0.7130 | val_loss=0.7098 | val_acc=0.9363 | val_f1=0.9234 | lr=9.93e-04
  epoch 009 [ 100/1110]  loss=0.7072
  epoch 009 [ 200/1110]  loss=0.7052
  epoch 009 [ 300/1110]  loss=0.7071
  epoch 009 [ 400/1110]  loss=0.7099
  epoch 009 [ 500/1110]  loss=0.7101
  epoch 009 [ 600/1110]  loss=0.7093
  epoch 009 [ 700/1110]  loss=0.7090
  epoch 009 [ 800/1110]  loss=0.7086
  epoch 009 [ 900/1110]  loss=0.7074
  epoch 009 [1000/1110]  loss=0.7078
  epoch 009 [1100/1110]  loss=0.7078
epoch 009 | train_loss=0.7077 | val_loss=0.7094 | val_acc=0.9420 | val_f1=0.9407 | lr=9.87e-04
  epoch 010 [ 100/1110]  loss=0.7044
  epoch 010 [ 200/1110]  loss=0.7079
  epoch 010 [ 300/1110]  loss=0.7085
  epoch 010 [ 400/1110]  loss=0.7068
  epoch 010 [ 500/1110]  loss=0.7047
  epoch 010 [ 600/1110]  loss=0.7046
  epoch 010 [ 700/1110]  loss=0.7052
  epoch 010 [ 800/1110]  loss=0.7065
  epoch 010 [ 900/1110]  loss=0.7067
  epoch 010 [1000/1110]  loss=0.7064
  epoch 010 [1100/1110]  loss=0.7066
epoch 010 | train_loss=0.7066 | val_loss=0.6963 | val_acc=0.9394 | val_f1=0.9352 | lr=9.80e-04
  epoch 011 [ 100/1110]  loss=0.6963
  epoch 011 [ 200/1110]  loss=0.6998
  epoch 011 [ 300/1110]  loss=0.6991
  epoch 011 [ 400/1110]  loss=0.6996
  epoch 011 [ 500/1110]  loss=0.6997
  epoch 011 [ 600/1110]  loss=0.7012
  epoch 011 [ 700/1110]  loss=0.7014
  epoch 011 [ 800/1110]  loss=0.7007
  epoch 011 [ 900/1110]  loss=0.7016
  epoch 011 [1000/1110]  loss=0.7010
  epoch 011 [1100/1110]  loss=0.7010
epoch 011 | train_loss=0.7011 | val_loss=0.6895 | val_acc=0.9394 | val_f1=0.9228 | lr=9.71e-04
  epoch 012 [ 100/1110]  loss=0.6924
  epoch 012 [ 200/1110]  loss=0.6941
  epoch 012 [ 300/1110]  loss=0.6962
  epoch 012 [ 400/1110]  loss=0.6980
  epoch 012 [ 500/1110]  loss=0.6984
  epoch 012 [ 600/1110]  loss=0.6982
  epoch 012 [ 700/1110]  loss=0.6981
  epoch 012 [ 800/1110]  loss=0.6975
  epoch 012 [ 900/1110]  loss=0.6974
  epoch 012 [1000/1110]  loss=0.6976
  epoch 012 [1100/1110]  loss=0.6979
epoch 012 | train_loss=0.6981 | val_loss=0.6864 | val_acc=0.9441 | val_f1=0.9278 | lr=9.61e-04
  epoch 013 [ 100/1110]  loss=0.6961
  epoch 013 [ 200/1110]  loss=0.6942
  epoch 013 [ 300/1110]  loss=0.6963
  epoch 013 [ 400/1110]  loss=0.6963
  epoch 013 [ 500/1110]  loss=0.6965
  epoch 013 [ 600/1110]  loss=0.6971
  epoch 013 [ 700/1110]  loss=0.6980
  epoch 013 [ 800/1110]  loss=0.6992
  epoch 013 [ 900/1110]  loss=0.6987
  epoch 013 [1000/1110]  loss=0.6981
  epoch 013 [1100/1110]  loss=0.6979
epoch 013 | train_loss=0.6979 | val_loss=0.7023 | val_acc=0.9421 | val_f1=0.9314 | lr=9.49e-04
  epoch 014 [ 100/1110]  loss=0.6950
  epoch 014 [ 200/1110]  loss=0.6941
  epoch 014 [ 300/1110]  loss=0.6944
  epoch 014 [ 400/1110]  loss=0.6939
  epoch 014 [ 500/1110]  loss=0.6938
  epoch 014 [ 600/1110]  loss=0.6935
  epoch 014 [ 700/1110]  loss=0.6938
  epoch 014 [ 800/1110]  loss=0.6942
  epoch 014 [ 900/1110]  loss=0.6950
  epoch 014 [1000/1110]  loss=0.6951
  epoch 014 [1100/1110]  loss=0.6951
epoch 014 | train_loss=0.6952 | val_loss=0.6921 | val_acc=0.9445 | val_f1=0.9294 | lr=9.36e-04
  epoch 015 [ 100/1110]  loss=0.6976
  epoch 015 [ 200/1110]  loss=0.6953
  epoch 015 [ 300/1110]  loss=0.6940
  epoch 015 [ 400/1110]  loss=0.6953
  epoch 015 [ 500/1110]  loss=0.6948
  epoch 015 [ 600/1110]  loss=0.6954
  epoch 015 [ 700/1110]  loss=0.6948
  epoch 015 [ 800/1110]  loss=0.6947
  epoch 015 [ 900/1110]  loss=0.6941
  epoch 015 [1000/1110]  loss=0.6939
  epoch 015 [1100/1110]  loss=0.6938
epoch 015 | train_loss=0.6937 | val_loss=0.6995 | val_acc=0.9367 | val_f1=0.9202 | lr=9.21e-04
  epoch 016 [ 100/1110]  loss=0.6950
  epoch 016 [ 200/1110]  loss=0.6926
  epoch 016 [ 300/1110]  loss=0.6935
  epoch 016 [ 400/1110]  loss=0.6956
  epoch 016 [ 500/1110]  loss=0.6951
  epoch 016 [ 600/1110]  loss=0.6938
  epoch 016 [ 700/1110]  loss=0.6936
  epoch 016 [ 800/1110]  loss=0.6932
  epoch 016 [ 900/1110]  loss=0.6927
  epoch 016 [1000/1110]  loss=0.6929
  epoch 016 [1100/1110]  loss=0.6927
epoch 016 | train_loss=0.6927 | val_loss=0.6849 | val_acc=0.9436 | val_f1=0.9272 | lr=9.05e-04
  epoch 017 [ 100/1110]  loss=0.6845
  epoch 017 [ 200/1110]  loss=0.6897
  epoch 017 [ 300/1110]  loss=0.6903
  epoch 017 [ 400/1110]  loss=0.6903
  epoch 017 [ 500/1110]  loss=0.6904
  epoch 017 [ 600/1110]  loss=0.6916
  epoch 017 [ 700/1110]  loss=0.6917
  epoch 017 [ 800/1110]  loss=0.6922
  epoch 017 [ 900/1110]  loss=0.6916
  epoch 017 [1000/1110]  loss=0.6911
  epoch 017 [1100/1110]  loss=0.6919
epoch 017 | train_loss=0.6919 | val_loss=0.6856 | val_acc=0.9447 | val_f1=0.9281 | lr=8.88e-04
  epoch 018 [ 100/1110]  loss=0.6887
  epoch 018 [ 200/1110]  loss=0.6899
  epoch 018 [ 300/1110]  loss=0.6899
  epoch 018 [ 400/1110]  loss=0.6908
  epoch 018 [ 500/1110]  loss=0.6910
  epoch 018 [ 600/1110]  loss=0.6907
  epoch 018 [ 700/1110]  loss=0.6903
  epoch 018 [ 800/1110]  loss=0.6909
  epoch 018 [ 900/1110]  loss=0.6906
  epoch 018 [1000/1110]  loss=0.6908
  epoch 018 [1100/1110]  loss=0.6906
epoch 018 | train_loss=0.6906 | val_loss=0.6881 | val_acc=0.9413 | val_f1=0.9279 | lr=8.70e-04
  epoch 019 [ 100/1110]  loss=0.6912
  epoch 019 [ 200/1110]  loss=0.6886
  epoch 019 [ 300/1110]  loss=0.6885
  epoch 019 [ 400/1110]  loss=0.6872
  epoch 019 [ 500/1110]  loss=0.6875
  epoch 019 [ 600/1110]  loss=0.6883
  epoch 019 [ 700/1110]  loss=0.6887
  epoch 019 [ 800/1110]  loss=0.6887
  epoch 019 [ 900/1110]  loss=0.6881
  epoch 019 [1000/1110]  loss=0.6879
  epoch 019 [1100/1110]  loss=0.6880
epoch 019 | train_loss=0.6880 | val_loss=0.6810 | val_acc=0.9449 | val_f1=0.9282 | lr=8.50e-04
  epoch 020 [ 100/1110]  loss=0.6917
  epoch 020 [ 200/1110]  loss=0.6882
  epoch 020 [ 300/1110]  loss=0.6874
  epoch 020 [ 400/1110]  loss=0.6874
  epoch 020 [ 500/1110]  loss=0.6873
  epoch 020 [ 600/1110]  loss=0.6874
  epoch 020 [ 700/1110]  loss=0.6866
  epoch 020 [ 800/1110]  loss=0.6873
  epoch 020 [ 900/1110]  loss=0.6874
  epoch 020 [1000/1110]  loss=0.6879
  epoch 020 [1100/1110]  loss=0.6877
epoch 020 | train_loss=0.6875 | val_loss=0.6812 | val_acc=0.9449 | val_f1=0.9379 | lr=8.29e-04
  epoch 021 [ 100/1110]  loss=0.6897
  epoch 021 [ 200/1110]  loss=0.6867
  epoch 021 [ 300/1110]  loss=0.6886
  epoch 021 [ 400/1110]  loss=0.6886
  epoch 021 [ 500/1110]  loss=0.6882
  epoch 021 [ 600/1110]  loss=0.6873
  epoch 021 [ 700/1110]  loss=0.6873
  epoch 021 [ 800/1110]  loss=0.6874
  epoch 021 [ 900/1110]  loss=0.6876
  epoch 021 [1000/1110]  loss=0.6874
  epoch 021 [1100/1110]  loss=0.6875
epoch 021 | train_loss=0.6874 | val_loss=0.6814 | val_acc=0.9440 | val_f1=0.9274 | lr=8.07e-04
  epoch 022 [ 100/1110]  loss=0.6872
  epoch 022 [ 200/1110]  loss=0.6892
  epoch 022 [ 300/1110]  loss=0.6879
  epoch 022 [ 400/1110]  loss=0.6869
  epoch 022 [ 500/1110]  loss=0.6874
  epoch 022 [ 600/1110]  loss=0.6867
  epoch 022 [ 700/1110]  loss=0.6866
  epoch 022 [ 800/1110]  loss=0.6868
  epoch 022 [ 900/1110]  loss=0.6864
  epoch 022 [1000/1110]  loss=0.6863
  epoch 022 [1100/1110]  loss=0.6867
epoch 022 | train_loss=0.6866 | val_loss=0.6849 | val_acc=0.9429 | val_f1=0.9263 | lr=7.84e-04
  epoch 023 [ 100/1110]  loss=0.6863
  epoch 023 [ 200/1110]  loss=0.6866
  epoch 023 [ 300/1110]  loss=0.6850
  epoch 023 [ 400/1110]  loss=0.6860
  epoch 023 [ 500/1110]  loss=0.6851
  epoch 023 [ 600/1110]  loss=0.6857
  epoch 023 [ 700/1110]  loss=0.6849
  epoch 023 [ 800/1110]  loss=0.6849
  epoch 023 [ 900/1110]  loss=0.6851
  epoch 023 [1000/1110]  loss=0.6849
  epoch 023 [1100/1110]  loss=0.6847
epoch 023 | train_loss=0.6848 | val_loss=0.6754 | val_acc=0.9461 | val_f1=0.9295 | lr=7.61e-04
  epoch 024 [ 100/1110]  loss=0.6826
  epoch 024 [ 200/1110]  loss=0.6819
  epoch 024 [ 300/1110]  loss=0.6818
  epoch 024 [ 400/1110]  loss=0.6813
  epoch 024 [ 500/1110]  loss=0.6815
  epoch 024 [ 600/1110]  loss=0.6820
  epoch 024 [ 700/1110]  loss=0.6819
  epoch 024 [ 800/1110]  loss=0.6821
  epoch 024 [ 900/1110]  loss=0.6829
  epoch 024 [1000/1110]  loss=0.6838
  epoch 024 [1100/1110]  loss=0.6843
epoch 024 | train_loss=0.6844 | val_loss=0.6741 | val_acc=0.9466 | val_f1=0.9383 | lr=7.36e-04
  epoch 025 [ 100/1110]  loss=0.6814
  epoch 025 [ 200/1110]  loss=0.6838
  epoch 025 [ 300/1110]  loss=0.6836
  epoch 025 [ 400/1110]  loss=0.6827
  epoch 025 [ 500/1110]  loss=0.6833
  epoch 025 [ 600/1110]  loss=0.6840
  epoch 025 [ 700/1110]  loss=0.6835
  epoch 025 [ 800/1110]  loss=0.6826
  epoch 025 [ 900/1110]  loss=0.6823
  epoch 025 [1000/1110]  loss=0.6825
  epoch 025 [1100/1110]  loss=0.6830
epoch 025 | train_loss=0.6830 | val_loss=0.6837 | val_acc=0.9414 | val_f1=0.9250 | lr=7.11e-04
  epoch 026 [ 100/1110]  loss=0.6853
  epoch 026 [ 200/1110]  loss=0.6829
  epoch 026 [ 300/1110]  loss=0.6855
  epoch 026 [ 400/1110]  loss=0.6844
  epoch 026 [ 500/1110]  loss=0.6850
  epoch 026 [ 600/1110]  loss=0.6840
  epoch 026 [ 700/1110]  loss=0.6840
  epoch 026 [ 800/1110]  loss=0.6834
  epoch 026 [ 900/1110]  loss=0.6830
  epoch 026 [1000/1110]  loss=0.6825
  epoch 026 [1100/1110]  loss=0.6825
epoch 026 | train_loss=0.6825 | val_loss=0.6980 | val_acc=0.9324 | val_f1=0.9157 | lr=6.85e-04
  epoch 027 [ 100/1110]  loss=0.6777
  epoch 027 [ 200/1110]  loss=0.6785
  epoch 027 [ 300/1110]  loss=0.6796
  epoch 027 [ 400/1110]  loss=0.6803
  epoch 027 [ 500/1110]  loss=0.6804
  epoch 027 [ 600/1110]  loss=0.6813
  epoch 027 [ 700/1110]  loss=0.6819
  epoch 027 [ 800/1110]  loss=0.6819
  epoch 027 [ 900/1110]  loss=0.6814
  epoch 027 [1000/1110]  loss=0.6809
  epoch 027 [1100/1110]  loss=0.6812
epoch 027 | train_loss=0.6812 | val_loss=0.6731 | val_acc=0.9462 | val_f1=0.9356 | lr=6.58e-04
  epoch 028 [ 100/1110]  loss=0.6795
  epoch 028 [ 200/1110]  loss=0.6819
  epoch 028 [ 300/1110]  loss=0.6808
  epoch 028 [ 400/1110]  loss=0.6815
  epoch 028 [ 500/1110]  loss=0.6811
  epoch 028 [ 600/1110]  loss=0.6811
  epoch 028 [ 700/1110]  loss=0.6810
  epoch 028 [ 800/1110]  loss=0.6805
  epoch 028 [ 900/1110]  loss=0.6803
  epoch 028 [1000/1110]  loss=0.6807
  epoch 028 [1100/1110]  loss=0.6808
epoch 028 | train_loss=0.6807 | val_loss=0.6770 | val_acc=0.9445 | val_f1=0.9281 | lr=6.31e-04
  epoch 029 [ 100/1110]  loss=0.6783
  epoch 029 [ 200/1110]  loss=0.6804
  epoch 029 [ 300/1110]  loss=0.6798
  epoch 029 [ 400/1110]  loss=0.6798
  epoch 029 [ 500/1110]  loss=0.6797
  epoch 029 [ 600/1110]  loss=0.6799
  epoch 029 [ 700/1110]  loss=0.6803
  epoch 029 [ 800/1110]  loss=0.6808
  epoch 029 [ 900/1110]  loss=0.6810
  epoch 029 [1000/1110]  loss=0.6805
  epoch 029 [1100/1110]  loss=0.6810
epoch 029 | train_loss=0.6810 | val_loss=0.6872 | val_acc=0.9436 | val_f1=0.9271 | lr=6.03e-04
  epoch 030 [ 100/1110]  loss=0.6815
  epoch 030 [ 200/1110]  loss=0.6817
  epoch 030 [ 300/1110]  loss=0.6809
  epoch 030 [ 400/1110]  loss=0.6806
  epoch 030 [ 500/1110]  loss=0.6814
  epoch 030 [ 600/1110]  loss=0.6809
  epoch 030 [ 700/1110]  loss=0.6806
  epoch 030 [ 800/1110]  loss=0.6803
  epoch 030 [ 900/1110]  loss=0.6799
  epoch 030 [1000/1110]  loss=0.6795
  epoch 030 [1100/1110]  loss=0.6795
epoch 030 | train_loss=0.6796 | val_loss=0.6871 | val_acc=0.9419 | val_f1=0.9253 | lr=5.75e-04
  epoch 031 [ 100/1110]  loss=0.6792
  epoch 031 [ 200/1110]  loss=0.6798
  epoch 031 [ 300/1110]  loss=0.6803
  epoch 031 [ 400/1110]  loss=0.6796
  epoch 031 [ 500/1110]  loss=0.6796
  epoch 031 [ 600/1110]  loss=0.6793
  epoch 031 [ 700/1110]  loss=0.6797
  epoch 031 [ 800/1110]  loss=0.6795
  epoch 031 [ 900/1110]  loss=0.6794
  epoch 031 [1000/1110]  loss=0.6795
  epoch 031 [1100/1110]  loss=0.6794
epoch 031 | train_loss=0.6793 | val_loss=0.6757 | val_acc=0.9443 | val_f1=0.9277 | lr=5.47e-04
  epoch 032 [ 100/1110]  loss=0.6785
  epoch 032 [ 200/1110]  loss=0.6782
  epoch 032 [ 300/1110]  loss=0.6775
  epoch 032 [ 400/1110]  loss=0.6771
  epoch 032 [ 500/1110]  loss=0.6780
  epoch 032 [ 600/1110]  loss=0.6785
  epoch 032 [ 700/1110]  loss=0.6779
  epoch 032 [ 800/1110]  loss=0.6776
  epoch 032 [ 900/1110]  loss=0.6781
  epoch 032 [1000/1110]  loss=0.6779
  epoch 032 [1100/1110]  loss=0.6783
epoch 032 | train_loss=0.6782 | val_loss=0.6773 | val_acc=0.9432 | val_f1=0.9266 | lr=5.19e-04
  epoch 033 [ 100/1110]  loss=0.6766
  epoch 033 [ 200/1110]  loss=0.6766
  epoch 033 [ 300/1110]  loss=0.6770
  epoch 033 [ 400/1110]  loss=0.6764
  epoch 033 [ 500/1110]  loss=0.6769
  epoch 033 [ 600/1110]  loss=0.6771
  epoch 033 [ 700/1110]  loss=0.6771
  epoch 033 [ 800/1110]  loss=0.6772
  epoch 033 [ 900/1110]  loss=0.6774
  epoch 033 [1000/1110]  loss=0.6774
  epoch 033 [1100/1110]  loss=0.6771
epoch 033 | train_loss=0.6771 | val_loss=0.6725 | val_acc=0.9465 | val_f1=0.9300 | lr=4.91e-04
  epoch 034 [ 100/1110]  loss=0.6777
  epoch 034 [ 200/1110]  loss=0.6775
  epoch 034 [ 300/1110]  loss=0.6781
  epoch 034 [ 400/1110]  loss=0.6765
  epoch 034 [ 500/1110]  loss=0.6765
  epoch 034 [ 600/1110]  loss=0.6771
  epoch 034 [ 700/1110]  loss=0.6767
  epoch 034 [ 800/1110]  loss=0.6774
  epoch 034 [ 900/1110]  loss=0.6771
  epoch 034 [1000/1110]  loss=0.6770
  epoch 034 [1100/1110]  loss=0.6773
epoch 034 | train_loss=0.6772 | val_loss=0.6744 | val_acc=0.9440 | val_f1=0.9274 | lr=4.63e-04
  epoch 035 [ 100/1110]  loss=0.6729
  epoch 035 [ 200/1110]  loss=0.6757
  epoch 035 [ 300/1110]  loss=0.6781
  epoch 035 [ 400/1110]  loss=0.6768
  epoch 035 [ 500/1110]  loss=0.6761
  epoch 035 [ 600/1110]  loss=0.6770
  epoch 035 [ 700/1110]  loss=0.6767
  epoch 035 [ 800/1110]  loss=0.6763
  epoch 035 [ 900/1110]  loss=0.6764
  epoch 035 [1000/1110]  loss=0.6766
  epoch 035 [1100/1110]  loss=0.6769
epoch 035 | train_loss=0.6768 | val_loss=0.6793 | val_acc=0.9450 | val_f1=0.9367 | lr=4.35e-04
  epoch 036 [ 100/1110]  loss=0.6761
  epoch 036 [ 200/1110]  loss=0.6758
  epoch 036 [ 300/1110]  loss=0.6748
  epoch 036 [ 400/1110]  loss=0.6751
  epoch 036 [ 500/1110]  loss=0.6753
  epoch 036 [ 600/1110]  loss=0.6755
  epoch 036 [ 700/1110]  loss=0.6757
  epoch 036 [ 800/1110]  loss=0.6756
  epoch 036 [ 900/1110]  loss=0.6759
  epoch 036 [1000/1110]  loss=0.6756
  epoch 036 [1100/1110]  loss=0.6756
epoch 036 | train_loss=0.6757 | val_loss=0.6751 | val_acc=0.9464 | val_f1=0.9337 | lr=4.07e-04
  epoch 037 [ 100/1110]  loss=0.6713
  epoch 037 [ 200/1110]  loss=0.6738
  epoch 037 [ 300/1110]  loss=0.6755
  epoch 037 [ 400/1110]  loss=0.6750
  epoch 037 [ 500/1110]  loss=0.6760
  epoch 037 [ 600/1110]  loss=0.6763
  epoch 037 [ 700/1110]  loss=0.6764
  epoch 037 [ 800/1110]  loss=0.6761
  epoch 037 [ 900/1110]  loss=0.6760
  epoch 037 [1000/1110]  loss=0.6758
  epoch 037 [1100/1110]  loss=0.6758
epoch 037 | train_loss=0.6757 | val_loss=0.6714 | val_acc=0.9471 | val_f1=0.9307 | lr=3.79e-04
  epoch 038 [ 100/1110]  loss=0.6757
  epoch 038 [ 200/1110]  loss=0.6757
  epoch 038 [ 300/1110]  loss=0.6752
  epoch 038 [ 400/1110]  loss=0.6753
  epoch 038 [ 500/1110]  loss=0.6751
  epoch 038 [ 600/1110]  loss=0.6755
  epoch 038 [ 700/1110]  loss=0.6750
  epoch 038 [ 800/1110]  loss=0.6752
  epoch 038 [ 900/1110]  loss=0.6751
  epoch 038 [1000/1110]  loss=0.6748
  epoch 038 [1100/1110]  loss=0.6747
epoch 038 | train_loss=0.6747 | val_loss=0.6792 | val_acc=0.9408 | val_f1=0.9244 | lr=3.52e-04
  epoch 039 [ 100/1110]  loss=0.6693
  epoch 039 [ 200/1110]  loss=0.6698
  epoch 039 [ 300/1110]  loss=0.6701
  epoch 039 [ 400/1110]  loss=0.6711
  epoch 039 [ 500/1110]  loss=0.6727
  epoch 039 [ 600/1110]  loss=0.6726
  epoch 039 [ 700/1110]  loss=0.6722
  epoch 039 [ 800/1110]  loss=0.6728
  epoch 039 [ 900/1110]  loss=0.6730
  epoch 039 [1000/1110]  loss=0.6732
  epoch 039 [1100/1110]  loss=0.6739
epoch 039 | train_loss=0.6740 | val_loss=0.6745 | val_acc=0.9459 | val_f1=0.9296 | lr=3.25e-04
  epoch 040 [ 100/1110]  loss=0.6712
  epoch 040 [ 200/1110]  loss=0.6720
  epoch 040 [ 300/1110]  loss=0.6731
  epoch 040 [ 400/1110]  loss=0.6744
  epoch 040 [ 500/1110]  loss=0.6738
  epoch 040 [ 600/1110]  loss=0.6737
  epoch 040 [ 700/1110]  loss=0.6745
  epoch 040 [ 800/1110]  loss=0.6743
  epoch 040 [ 900/1110]  loss=0.6742
  epoch 040 [1000/1110]  loss=0.6737
  epoch 040 [1100/1110]  loss=0.6738
epoch 040 | train_loss=0.6739 | val_loss=0.6778 | val_acc=0.9422 | val_f1=0.9415 | lr=2.99e-04
  epoch 041 [ 100/1110]  loss=0.6709
  epoch 041 [ 200/1110]  loss=0.6711
  epoch 041 [ 300/1110]  loss=0.6725
  epoch 041 [ 400/1110]  loss=0.6723
  epoch 041 [ 500/1110]  loss=0.6730
  epoch 041 [ 600/1110]  loss=0.6729
  epoch 041 [ 700/1110]  loss=0.6730
  epoch 041 [ 800/1110]  loss=0.6733
  epoch 041 [ 900/1110]  loss=0.6738
  epoch 041 [1000/1110]  loss=0.6737
  epoch 041 [1100/1110]  loss=0.6739
epoch 041 | train_loss=0.6739 | val_loss=0.6724 | val_acc=0.9447 | val_f1=0.9286 | lr=2.74e-04
  epoch 042 [ 100/1110]  loss=0.6771
  epoch 042 [ 200/1110]  loss=0.6736
  epoch 042 [ 300/1110]  loss=0.6743
  epoch 042 [ 400/1110]  loss=0.6748
  epoch 042 [ 500/1110]  loss=0.6745
  epoch 042 [ 600/1110]  loss=0.6747
  epoch 042 [ 700/1110]  loss=0.6744
  epoch 042 [ 800/1110]  loss=0.6739
  epoch 042 [ 900/1110]  loss=0.6737
  epoch 042 [1000/1110]  loss=0.6736
  epoch 042 [1100/1110]  loss=0.6736
epoch 042 | train_loss=0.6736 | val_loss=0.6683 | val_acc=0.9466 | val_f1=0.9307 | lr=2.49e-04
  epoch 043 [ 100/1110]  loss=0.6680
  epoch 043 [ 200/1110]  loss=0.6697
  epoch 043 [ 300/1110]  loss=0.6704
  epoch 043 [ 400/1110]  loss=0.6708
  epoch 043 [ 500/1110]  loss=0.6716
  epoch 043 [ 600/1110]  loss=0.6722
  epoch 043 [ 700/1110]  loss=0.6722
  epoch 043 [ 800/1110]  loss=0.6725
  epoch 043 [ 900/1110]  loss=0.6726
  epoch 043 [1000/1110]  loss=0.6727
  epoch 043 [1100/1110]  loss=0.6730
epoch 043 | train_loss=0.6730 | val_loss=0.6782 | val_acc=0.9442 | val_f1=0.9276 | lr=2.26e-04
  epoch 044 [ 100/1110]  loss=0.6776
  epoch 044 [ 200/1110]  loss=0.6745
  epoch 044 [ 300/1110]  loss=0.6741
  epoch 044 [ 400/1110]  loss=0.6739
  epoch 044 [ 500/1110]  loss=0.6733
  epoch 044 [ 600/1110]  loss=0.6734
  epoch 044 [ 700/1110]  loss=0.6730
  epoch 044 [ 800/1110]  loss=0.6730
  epoch 044 [ 900/1110]  loss=0.6728
  epoch 044 [1000/1110]  loss=0.6728
  epoch 044 [1100/1110]  loss=0.6727
epoch 044 | train_loss=0.6728 | val_loss=0.6767 | val_acc=0.9431 | val_f1=0.9264 | lr=2.03e-04
  epoch 045 [ 100/1110]  loss=0.6676
  epoch 045 [ 200/1110]  loss=0.6707
  epoch 045 [ 300/1110]  loss=0.6700
  epoch 045 [ 400/1110]  loss=0.6701
  epoch 045 [ 500/1110]  loss=0.6707
  epoch 045 [ 600/1110]  loss=0.6706
  epoch 045 [ 700/1110]  loss=0.6712
  epoch 045 [ 800/1110]  loss=0.6713
  epoch 045 [ 900/1110]  loss=0.6717
  epoch 045 [1000/1110]  loss=0.6715
  epoch 045 [1100/1110]  loss=0.6714
epoch 045 | train_loss=0.6715 | val_loss=0.6721 | val_acc=0.9459 | val_f1=0.9292 | lr=1.81e-04
