=== Step 1: Consolidate dataset ===
  88,780 sequences, 1.00 GB
  call_me        : 4,439 files OK
  fist           : 4,439 files OK
  four           : 4,439 files OK
  grab           : 4,439 files OK
  gun            : 4,439 files OK
  hand_heart     : 4,439 files OK
  ok             : 4,439 files OK
  open_palm      : 4,439 files OK
  peace          : 4,439 files OK
  pinch          : 4,439 files OK
  pinch_zoom     : 4,439 files OK
  pointing       : 4,439 files OK
  release        : 4,439 files OK
  rock           : 4,439 files OK
  spiderman      : 4,439 files OK
  swipe_left     : 4,439 files OK
  swipe_right    : 4,439 files OK
  three          : 4,439 files OK
  thumbs_up      : 4,439 files OK
  vulcan         : 4,439 files OK

Total: X=(88780, 48, 63), y=(88780,)
Saved data/large_sequences_fast.npz in 0.3s

=== Step 2: Train all 4 model sizes sequentially (one at a time to fit in 16 GB RAM) ===
  Starting small ...
Device: mps
Dataset: 88780 samples, 20 classes, input shape per sample: (6, 48, 21)  (xyz+vel)
Model: STGCNGestureNet-small  |  trainable params: 652,016
/Users/rickeabati/Library/Python/3.12/lib/python/site-packages/torch/utils/data/dataloader.py:775: UserWarning: 'pin_memory' argument is set as true but not supported on MPS now, device pinned memory won't be used.
  super().__init__(loader)
  epoch 001 [ 100/1110]  loss=2.9103
  epoch 001 [ 200/1110]  loss=2.7758
  epoch 001 [ 300/1110]  loss=2.6620
  epoch 001 [ 400/1110]  loss=2.5773
  epoch 001 [ 500/1110]  loss=2.5033
  epoch 001 [ 600/1110]  loss=2.4384
  epoch 001 [ 700/1110]  loss=2.3837
  epoch 001 [ 800/1110]  loss=2.3375
  epoch 001 [ 900/1110]  loss=2.2953
  epoch 001 [1000/1110]  loss=2.2550
  epoch 001 [1100/1110]  loss=2.2173
epoch 001 | train_loss=2.2140 | val_loss=1.6650 | val_acc=0.6389 | val_f1=0.5932 | lr=2.00e-04
  epoch 002 [ 100/1110]  loss=1.7492
  epoch 002 [ 200/1110]  loss=1.6888
  epoch 002 [ 300/1110]  loss=1.6275
  epoch 002 [ 400/1110]  loss=1.5773
  epoch 002 [ 500/1110]  loss=1.5278
  epoch 002 [ 600/1110]  loss=1.4889
  epoch 002 [ 700/1110]  loss=1.4511
  epoch 002 [ 800/1110]  loss=1.4164
  epoch 002 [ 900/1110]  loss=1.3877
  epoch 002 [1000/1110]  loss=1.3602
  epoch 002 [1100/1110]  loss=1.3353
epoch 002 | train_loss=1.3333 | val_loss=1.0014 | val_acc=0.8602 | val_f1=0.8360 | lr=4.00e-04
  epoch 003 [ 100/1110]  loss=1.0724
  epoch 003 [ 200/1110]  loss=1.0615
  epoch 003 [ 300/1110]  loss=1.0424
  epoch 003 [ 400/1110]  loss=1.0283
  epoch 003 [ 500/1110]  loss=1.0178
  epoch 003 [ 600/1110]  loss=1.0068
  epoch 003 [ 700/1110]  loss=0.9974
  epoch 003 [ 800/1110]  loss=0.9894
  epoch 003 [ 900/1110]  loss=0.9814
  epoch 003 [1000/1110]  loss=0.9737
  epoch 003 [1100/1110]  loss=0.9660
epoch 003 | train_loss=0.9656 | val_loss=0.8387 | val_acc=0.9107 | val_f1=0.8948 | lr=6.00e-04
  epoch 004 [ 100/1110]  loss=0.8989
  epoch 004 [ 200/1110]  loss=0.8957
  epoch 004 [ 300/1110]  loss=0.8964
  epoch 004 [ 400/1110]  loss=0.8892
  epoch 004 [ 500/1110]  loss=0.8812
  epoch 004 [ 600/1110]  loss=0.8770
  epoch 004 [ 700/1110]  loss=0.8724
  epoch 004 [ 800/1110]  loss=0.8683
  epoch 004 [ 900/1110]  loss=0.8656
  epoch 004 [1000/1110]  loss=0.8622
  epoch 004 [1100/1110]  loss=0.8592
epoch 004 | train_loss=0.8589 | val_loss=0.7755 | val_acc=0.9311 | val_f1=0.9146 | lr=8.00e-04
  epoch 005 [ 100/1110]  loss=0.8364
  epoch 005 [ 200/1110]  loss=0.8315
  epoch 005 [ 300/1110]  loss=0.8279
  epoch 005 [ 400/1110]  loss=0.8259
  epoch 005 [ 500/1110]  loss=0.8228
  epoch 005 [ 600/1110]  loss=0.8208
  epoch 005 [ 700/1110]  loss=0.8204
  epoch 005 [ 800/1110]  loss=0.8172
  epoch 005 [ 900/1110]  loss=0.8141
  epoch 005 [1000/1110]  loss=0.8115
  epoch 005 [1100/1110]  loss=0.8099
epoch 005 | train_loss=0.8096 | val_loss=0.7528 | val_acc=0.9289 | val_f1=0.9120 | lr=1.00e-03
  epoch 006 [ 100/1110]  loss=0.7807
  epoch 006 [ 200/1110]  loss=0.7794
  epoch 006 [ 300/1110]  loss=0.7786
  epoch 006 [ 400/1110]  loss=0.7809
  epoch 006 [ 500/1110]  loss=0.7767
  epoch 006 [ 600/1110]  loss=0.7751
  epoch 006 [ 700/1110]  loss=0.7724
  epoch 006 [ 800/1110]  loss=0.7717
  epoch 006 [ 900/1110]  loss=0.7700
  epoch 006 [1000/1110]  loss=0.7687
  epoch 006 [1100/1110]  loss=0.7673
epoch 006 | train_loss=0.7673 | val_loss=0.7174 | val_acc=0.9318 | val_f1=0.9170 | lr=9.99e-04
  epoch 007 [ 100/1110]  loss=0.7487
  epoch 007 [ 200/1110]  loss=0.7551
  epoch 007 [ 300/1110]  loss=0.7548
  epoch 007 [ 400/1110]  loss=0.7556
  epoch 007 [ 500/1110]  loss=0.7542
  epoch 007 [ 600/1110]  loss=0.7527
  epoch 007 [ 700/1110]  loss=0.7501
  epoch 007 [ 800/1110]  loss=0.7494
  epoch 007 [ 900/1110]  loss=0.7488
  epoch 007 [1000/1110]  loss=0.7479
  epoch 007 [1100/1110]  loss=0.7472
epoch 007 | train_loss=0.7471 | val_loss=0.6970 | val_acc=0.9375 | val_f1=0.9207 | lr=9.97e-04
  epoch 008 [ 100/1110]  loss=0.7401
  epoch 008 [ 200/1110]  loss=0.7378
  epoch 008 [ 300/1110]  loss=0.7365
  epoch 008 [ 400/1110]  loss=0.7373
  epoch 008 [ 500/1110]  loss=0.7363
  epoch 008 [ 600/1110]  loss=0.7365
  epoch 008 [ 700/1110]  loss=0.7357
  epoch 008 [ 800/1110]  loss=0.7354
  epoch 008 [ 900/1110]  loss=0.7352
  epoch 008 [1000/1110]  loss=0.7351
  epoch 008 [1100/1110]  loss=0.7356
epoch 008 | train_loss=0.7354 | val_loss=0.7334 | val_acc=0.9200 | val_f1=0.9015 | lr=9.93e-04
  epoch 009 [ 100/1110]  loss=0.7302
  epoch 009 [ 200/1110]  loss=0.7347
  epoch 009 [ 300/1110]  loss=0.7346
  epoch 009 [ 400/1110]  loss=0.7320
  epoch 009 [ 500/1110]  loss=0.7318
  epoch 009 [ 600/1110]  loss=0.7307
  epoch 009 [ 700/1110]  loss=0.7306
  epoch 009 [ 800/1110]  loss=0.7305
  epoch 009 [ 900/1110]  loss=0.7306
  epoch 009 [1000/1110]  loss=0.7298
  epoch 009 [1100/1110]  loss=0.7289
epoch 009 | train_loss=0.7290 | val_loss=0.6855 | val_acc=0.9374 | val_f1=0.9241 | lr=9.87e-04
  epoch 010 [ 100/1110]  loss=0.7314
  epoch 010 [ 200/1110]  loss=0.7279
  epoch 010 [ 300/1110]  loss=0.7259
  epoch 010 [ 400/1110]  loss=0.7261
  epoch 010 [ 500/1110]  loss=0.7247
  epoch 010 [ 600/1110]  loss=0.7245
  epoch 010 [ 700/1110]  loss=0.7245
  epoch 010 [ 800/1110]  loss=0.7244
  epoch 010 [ 900/1110]  loss=0.7242
  epoch 010 [1000/1110]  loss=0.7233
  epoch 010 [1100/1110]  loss=0.7235
epoch 010 | train_loss=0.7236 | val_loss=0.6856 | val_acc=0.9428 | val_f1=0.9279 | lr=9.80e-04
  epoch 011 [ 100/1110]  loss=0.7143
  epoch 011 [ 200/1110]  loss=0.7173
  epoch 011 [ 300/1110]  loss=0.7181
  epoch 011 [ 400/1110]  loss=0.7189
  epoch 011 [ 500/1110]  loss=0.7185
  epoch 011 [ 600/1110]  loss=0.7187
  epoch 011 [ 700/1110]  loss=0.7190
  epoch 011 [ 800/1110]  loss=0.7191
  epoch 011 [ 900/1110]  loss=0.7190
  epoch 011 [1000/1110]  loss=0.7189
  epoch 011 [1100/1110]  loss=0.7185
epoch 011 | train_loss=0.7184 | val_loss=0.7016 | val_acc=0.9313 | val_f1=0.9141 | lr=9.71e-04
  epoch 012 [ 100/1110]  loss=0.7172
  epoch 012 [ 200/1110]  loss=0.7143
  epoch 012 [ 300/1110]  loss=0.7151
  epoch 012 [ 400/1110]  loss=0.7158
  epoch 012 [ 500/1110]  loss=0.7169
  epoch 012 [ 600/1110]  loss=0.7173
  epoch 012 [ 700/1110]  loss=0.7166
  epoch 012 [ 800/1110]  loss=0.7170
  epoch 012 [ 900/1110]  loss=0.7173
  epoch 012 [1000/1110]  loss=0.7168
  epoch 012 [1100/1110]  loss=0.7162
epoch 012 | train_loss=0.7162 | val_loss=0.6952 | val_acc=0.9327 | val_f1=0.9158 | lr=9.61e-04
  epoch 013 [ 100/1110]  loss=0.7115
  epoch 013 [ 200/1110]  loss=0.7108
  epoch 013 [ 300/1110]  loss=0.7133
  epoch 013 [ 400/1110]  loss=0.7123
  epoch 013 [ 500/1110]  loss=0.7115
  epoch 013 [ 600/1110]  loss=0.7112
  epoch 013 [ 700/1110]  loss=0.7117
  epoch 013 [ 800/1110]  loss=0.7122
  epoch 013 [ 900/1110]  loss=0.7116
  epoch 013 [1000/1110]  loss=0.7120
  epoch 013 [1100/1110]  loss=0.7123
epoch 013 | train_loss=0.7123 | val_loss=0.6873 | val_acc=0.9363 | val_f1=0.9194 | lr=9.49e-04
  epoch 014 [ 100/1110]  loss=0.7077
  epoch 014 [ 200/1110]  loss=0.7126
  epoch 014 [ 300/1110]  loss=0.7123
  epoch 014 [ 400/1110]  loss=0.7115
  epoch 014 [ 500/1110]  loss=0.7119
  epoch 014 [ 600/1110]  loss=0.7128
  epoch 014 [ 700/1110]  loss=0.7133
  epoch 014 [ 800/1110]  loss=0.7127
  epoch 014 [ 900/1110]  loss=0.7118
  epoch 014 [1000/1110]  loss=0.7118
  epoch 014 [1100/1110]  loss=0.7114
epoch 014 | train_loss=0.7113 | val_loss=0.7086 | val_acc=0.9281 | val_f1=0.9105 | lr=9.36e-04
  epoch 015 [ 100/1110]  loss=0.7074
  epoch 015 [ 200/1110]  loss=0.7096
  epoch 015 [ 300/1110]  loss=0.7102
  epoch 015 [ 400/1110]  loss=0.7114
  epoch 015 [ 500/1110]  loss=0.7102
  epoch 015 [ 600/1110]  loss=0.7102
  epoch 015 [ 700/1110]  loss=0.7100
  epoch 015 [ 800/1110]  loss=0.7094
  epoch 015 [ 900/1110]  loss=0.7091
  epoch 015 [1000/1110]  loss=0.7082
  epoch 015 [1100/1110]  loss=0.7079
epoch 015 | train_loss=0.7080 | val_loss=0.6953 | val_acc=0.9334 | val_f1=0.9165 | lr=9.21e-04
  epoch 016 [ 100/1110]  loss=0.7132
  epoch 016 [ 200/1110]  loss=0.7089
  epoch 016 [ 300/1110]  loss=0.7071
  epoch 016 [ 400/1110]  loss=0.7069
  epoch 016 [ 500/1110]  loss=0.7076
  epoch 016 [ 600/1110]  loss=0.7079
  epoch 016 [ 700/1110]  loss=0.7083
  epoch 016 [ 800/1110]  loss=0.7088
  epoch 016 [ 900/1110]  loss=0.7084
  epoch 016 [1000/1110]  loss=0.7079
  epoch 016 [1100/1110]  loss=0.7079
epoch 016 | train_loss=0.7079 | val_loss=0.6835 | val_acc=0.9378 | val_f1=0.9210 | lr=9.05e-04
  epoch 017 [ 100/1110]  loss=0.7064
  epoch 017 [ 200/1110]  loss=0.7026
  epoch 017 [ 300/1110]  loss=0.7041
  epoch 017 [ 400/1110]  loss=0.7045
  epoch 017 [ 500/1110]  loss=0.7049
  epoch 017 [ 600/1110]  loss=0.7047
  epoch 017 [ 700/1110]  loss=0.7043
  epoch 017 [ 800/1110]  loss=0.7044
  epoch 017 [ 900/1110]  loss=0.7046
  epoch 017 [1000/1110]  loss=0.7055
  epoch 017 [1100/1110]  loss=0.7053
epoch 017 | train_loss=0.7053 | val_loss=0.6952 | val_acc=0.9356 | val_f1=0.9188 | lr=8.88e-04
  epoch 018 [ 100/1110]  loss=0.7031
  epoch 018 [ 200/1110]  loss=0.7014
  epoch 018 [ 300/1110]  loss=0.7004
  epoch 018 [ 400/1110]  loss=0.7002
  epoch 018 [ 500/1110]  loss=0.7008
  epoch 018 [ 600/1110]  loss=0.7020
  epoch 018 [ 700/1110]  loss=0.7016
  epoch 018 [ 800/1110]  loss=0.7022
  epoch 018 [ 900/1110]  loss=0.7022
  epoch 018 [1000/1110]  loss=0.7029
  epoch 018 [1100/1110]  loss=0.7031
epoch 018 | train_loss=0.7030 | val_loss=0.6722 | val_acc=0.9437 | val_f1=0.9271 | lr=8.70e-04
  epoch 019 [ 100/1110]  loss=0.6981
  epoch 019 [ 200/1110]  loss=0.6981
  epoch 019 [ 300/1110]  loss=0.7003
  epoch 019 [ 400/1110]  loss=0.7011
  epoch 019 [ 500/1110]  loss=0.7010
  epoch 019 [ 600/1110]  loss=0.7022
  epoch 019 [ 700/1110]  loss=0.7032
  epoch 019 [ 800/1110]  loss=0.7029
  epoch 019 [ 900/1110]  loss=0.7026
  epoch 019 [1000/1110]  loss=0.7027
  epoch 019 [1100/1110]  loss=0.7028
epoch 019 | train_loss=0.7029 | val_loss=0.7266 | val_acc=0.9202 | val_f1=0.9014 | lr=8.50e-04
  epoch 020 [ 100/1110]  loss=0.7023
  epoch 020 [ 200/1110]  loss=0.6984
  epoch 020 [ 300/1110]  loss=0.6976
  epoch 020 [ 400/1110]  loss=0.6981
  epoch 020 [ 500/1110]  loss=0.6991
  epoch 020 [ 600/1110]  loss=0.7003
  epoch 020 [ 700/1110]  loss=0.7001
  epoch 020 [ 800/1110]  loss=0.7000
  epoch 020 [ 900/1110]  loss=0.7003
  epoch 020 [1000/1110]  loss=0.7007
  epoch 020 [1100/1110]  loss=0.7012
epoch 020 | train_loss=0.7012 | val_loss=0.6888 | val_acc=0.9349 | val_f1=0.9180 | lr=8.29e-04
  epoch 021 [ 100/1110]  loss=0.7006
  epoch 021 [ 200/1110]  loss=0.7011
  epoch 021 [ 300/1110]  loss=0.7022
  epoch 021 [ 400/1110]  loss=0.7013
  epoch 021 [ 500/1110]  loss=0.7016
  epoch 021 [ 600/1110]  loss=0.7004
  epoch 021 [ 700/1110]  loss=0.6993
  epoch 021 [ 800/1110]  loss=0.6990
  epoch 021 [ 900/1110]  loss=0.6993
  epoch 021 [1000/1110]  loss=0.6994
  epoch 021 [1100/1110]  loss=0.6995
epoch 021 | train_loss=0.6994 | val_loss=0.6797 | val_acc=0.9393 | val_f1=0.9228 | lr=8.07e-04
  epoch 022 [ 100/1110]  loss=0.6951
  epoch 022 [ 200/1110]  loss=0.6975
  epoch 022 [ 300/1110]  loss=0.6960
  epoch 022 [ 400/1110]  loss=0.6964
  epoch 022 [ 500/1110]  loss=0.6964
  epoch 022 [ 600/1110]  loss=0.6971
  epoch 022 [ 700/1110]  loss=0.6967
  epoch 022 [ 800/1110]  loss=0.6972
  epoch 022 [ 900/1110]  loss=0.6975
  epoch 022 [1000/1110]  loss=0.6978
  epoch 022 [1100/1110]  loss=0.6979
epoch 022 | train_loss=0.6978 | val_loss=0.6713 | val_acc=0.9447 | val_f1=0.9282 | lr=7.84e-04
  epoch 023 [ 100/1110]  loss=0.6980
  epoch 023 [ 200/1110]  loss=0.6997
  epoch 023 [ 300/1110]  loss=0.6994
  epoch 023 [ 400/1110]  loss=0.6986
  epoch 023 [ 500/1110]  loss=0.6983
  epoch 023 [ 600/1110]  loss=0.6977
  epoch 023 [ 700/1110]  loss=0.6970
  epoch 023 [ 800/1110]  loss=0.6977
  epoch 023 [ 900/1110]  loss=0.6973
  epoch 023 [1000/1110]  loss=0.6979
  epoch 023 [1100/1110]  loss=0.6976
epoch 023 | train_loss=0.6978 | val_loss=0.6824 | val_acc=0.9379 | val_f1=0.9211 | lr=7.61e-04
  epoch 024 [ 100/1110]  loss=0.6971
  epoch 024 [ 200/1110]  loss=0.6947
  epoch 024 [ 300/1110]  loss=0.6969
  epoch 024 [ 400/1110]  loss=0.6953
  epoch 024 [ 500/1110]  loss=0.6969
  epoch 024 [ 600/1110]  loss=0.6972
  epoch 024 [ 700/1110]  loss=0.6972
  epoch 024 [ 800/1110]  loss=0.6972
  epoch 024 [ 900/1110]  loss=0.6966
  epoch 024 [1000/1110]  loss=0.6964
  epoch 024 [1100/1110]  loss=0.6970
epoch 024 | train_loss=0.6968 | val_loss=0.6737 | val_acc=0.9406 | val_f1=0.9337 | lr=7.36e-04
  epoch 025 [ 100/1110]  loss=0.6932
  epoch 025 [ 200/1110]  loss=0.6917
  epoch 025 [ 300/1110]  loss=0.6921
  epoch 025 [ 400/1110]  loss=0.6926
  epoch 025 [ 500/1110]  loss=0.6934
  epoch 025 [ 600/1110]  loss=0.6938
  epoch 025 [ 700/1110]  loss=0.6940
  epoch 025 [ 800/1110]  loss=0.6940
  epoch 025 [ 900/1110]  loss=0.6941
  epoch 025 [1000/1110]  loss=0.6946
  epoch 025 [1100/1110]  loss=0.6948
epoch 025 | train_loss=0.6948 | val_loss=0.6841 | val_acc=0.9364 | val_f1=0.9196 | lr=7.11e-04
  epoch 026 [ 100/1110]  loss=0.6985
  epoch 026 [ 200/1110]  loss=0.6944
  epoch 026 [ 300/1110]  loss=0.6966
  epoch 026 [ 400/1110]  loss=0.6950
  epoch 026 [ 500/1110]  loss=0.6952
  epoch 026 [ 600/1110]  loss=0.6949
  epoch 026 [ 700/1110]  loss=0.6942
  epoch 026 [ 800/1110]  loss=0.6948
  epoch 026 [ 900/1110]  loss=0.6947
  epoch 026 [1000/1110]  loss=0.6945
  epoch 026 [1100/1110]  loss=0.6945
epoch 026 | train_loss=0.6946 | val_loss=0.6797 | val_acc=0.9382 | val_f1=0.9214 | lr=6.85e-04
  epoch 027 [ 100/1110]  loss=0.6955
  epoch 027 [ 200/1110]  loss=0.6947
  epoch 027 [ 300/1110]  loss=0.6943
  epoch 027 [ 400/1110]  loss=0.6932
  epoch 027 [ 500/1110]  loss=0.6925
  epoch 027 [ 600/1110]  loss=0.6921
  epoch 027 [ 700/1110]  loss=0.6927
  epoch 027 [ 800/1110]  loss=0.6925
  epoch 027 [ 900/1110]  loss=0.6931
  epoch 027 [1000/1110]  loss=0.6932
  epoch 027 [1100/1110]  loss=0.6930
epoch 027 | train_loss=0.6930 | val_loss=0.6675 | val_acc=0.9454 | val_f1=0.9287 | lr=6.58e-04
  epoch 028 [ 100/1110]  loss=0.6928
  epoch 028 [ 200/1110]  loss=0.6913
  epoch 028 [ 300/1110]  loss=0.6932
  epoch 028 [ 400/1110]  loss=0.6936
  epoch 028 [ 500/1110]  loss=0.6930
  epoch 028 [ 600/1110]  loss=0.6927
  epoch 028 [ 700/1110]  loss=0.6932
  epoch 028 [ 800/1110]  loss=0.6927
  epoch 028 [ 900/1110]  loss=0.6925
  epoch 028 [1000/1110]  loss=0.6927
  epoch 028 [1100/1110]  loss=0.6928
epoch 028 | train_loss=0.6929 | val_loss=0.6713 | val_acc=0.9456 | val_f1=0.9290 | lr=6.31e-04
  epoch 029 [ 100/1110]  loss=0.6871
  epoch 029 [ 200/1110]  loss=0.6922
  epoch 029 [ 300/1110]  loss=0.6919
  epoch 029 [ 400/1110]  loss=0.6915
  epoch 029 [ 500/1110]  loss=0.6915
  epoch 029 [ 600/1110]  loss=0.6913
  epoch 029 [ 700/1110]  loss=0.6912
  epoch 029 [ 800/1110]  loss=0.6915
  epoch 029 [ 900/1110]  loss=0.6912
  epoch 029 [1000/1110]  loss=0.6914
  epoch 029 [1100/1110]  loss=0.6916
epoch 029 | train_loss=0.6917 | val_loss=0.6771 | val_acc=0.9398 | val_f1=0.9231 | lr=6.03e-04
  epoch 030 [ 100/1110]  loss=0.6952
  epoch 030 [ 200/1110]  loss=0.6953
  epoch 030 [ 300/1110]  loss=0.6944
  epoch 030 [ 400/1110]  loss=0.6932
  epoch 030 [ 500/1110]  loss=0.6929
  epoch 030 [ 600/1110]  loss=0.6927
  epoch 030 [ 700/1110]  loss=0.6918
  epoch 030 [ 800/1110]  loss=0.6922
  epoch 030 [ 900/1110]  loss=0.6921
  epoch 030 [1000/1110]  loss=0.6921
  epoch 030 [1100/1110]  loss=0.6921
epoch 030 | train_loss=0.6921 | val_loss=0.6869 | val_acc=0.9345 | val_f1=0.9176 | lr=5.75e-04
  epoch 031 [ 100/1110]  loss=0.6940
  epoch 031 [ 200/1110]  loss=0.6937
  epoch 031 [ 300/1110]  loss=0.6940
  epoch 031 [ 400/1110]  loss=0.6942
  epoch 031 [ 500/1110]  loss=0.6927
  epoch 031 [ 600/1110]  loss=0.6922
  epoch 031 [ 700/1110]  loss=0.6909
  epoch 031 [ 800/1110]  loss=0.6908
  epoch 031 [ 900/1110]  loss=0.6904
  epoch 031 [1000/1110]  loss=0.6903
  epoch 031 [1100/1110]  loss=0.6902
epoch 031 | train_loss=0.6903 | val_loss=0.6719 | val_acc=0.9425 | val_f1=0.9258 | lr=5.47e-04
  epoch 032 [ 100/1110]  loss=0.6915
  epoch 032 [ 200/1110]  loss=0.6892
  epoch 032 [ 300/1110]  loss=0.6891
  epoch 032 [ 400/1110]  loss=0.6890
  epoch 032 [ 500/1110]  loss=0.6883
  epoch 032 [ 600/1110]  loss=0.6885
  epoch 032 [ 700/1110]  loss=0.6895
  epoch 032 [ 800/1110]  loss=0.6898
  epoch 032 [ 900/1110]  loss=0.6906
  epoch 032 [1000/1110]  loss=0.6904
  epoch 032 [1100/1110]  loss=0.6905
epoch 032 | train_loss=0.6906 | val_loss=0.6771 | val_acc=0.9403 | val_f1=0.9236 | lr=5.19e-04
  epoch 033 [ 100/1110]  loss=0.6884
  epoch 033 [ 200/1110]  loss=0.6885
  epoch 033 [ 300/1110]  loss=0.6897
  epoch 033 [ 400/1110]  loss=0.6902
  epoch 033 [ 500/1110]  loss=0.6904
  epoch 033 [ 600/1110]  loss=0.6907
  epoch 033 [ 700/1110]  loss=0.6906
  epoch 033 [ 800/1110]  loss=0.6901
  epoch 033 [ 900/1110]  loss=0.6903
  epoch 033 [1000/1110]  loss=0.6902
  epoch 033 [1100/1110]  loss=0.6899
epoch 033 | train_loss=0.6901 | val_loss=0.6739 | val_acc=0.9419 | val_f1=0.9252 | lr=4.91e-04
  epoch 034 [ 100/1110]  loss=0.6895
  epoch 034 [ 200/1110]  loss=0.6870
  epoch 034 [ 300/1110]  loss=0.6874
  epoch 034 [ 400/1110]  loss=0.6870
  epoch 034 [ 500/1110]  loss=0.6876
  epoch 034 [ 600/1110]  loss=0.6873
  epoch 034 [ 700/1110]  loss=0.6871
  epoch 034 [ 800/1110]  loss=0.6873
  epoch 034 [ 900/1110]  loss=0.6876
  epoch 034 [1000/1110]  loss=0.6874
  epoch 034 [1100/1110]  loss=0.6876
epoch 034 | train_loss=0.6876 | val_loss=0.6739 | val_acc=0.9422 | val_f1=0.9265 | lr=4.63e-04
  epoch 035 [ 100/1110]  loss=0.6865
  epoch 035 [ 200/1110]  loss=0.6853
  epoch 035 [ 300/1110]  loss=0.6844
  epoch 035 [ 400/1110]  loss=0.6865
  epoch 035 [ 500/1110]  loss=0.6874
  epoch 035 [ 600/1110]  loss=0.6871
  epoch 035 [ 700/1110]  loss=0.6868
  epoch 035 [ 800/1110]  loss=0.6870
  epoch 035 [ 900/1110]  loss=0.6874
  epoch 035 [1000/1110]  loss=0.6878
  epoch 035 [1100/1110]  loss=0.6879
epoch 035 | train_loss=0.6881 | val_loss=0.6686 | val_acc=0.9450 | val_f1=0.9284 | lr=4.35e-04
  epoch 036 [ 100/1110]  loss=0.6840
  epoch 036 [ 200/1110]  loss=0.6863
  epoch 036 [ 300/1110]  loss=0.6851
  epoch 036 [ 400/1110]  loss=0.6861
  epoch 036 [ 500/1110]  loss=0.6870
  epoch 036 [ 600/1110]  loss=0.6879
  epoch 036 [ 700/1110]  loss=0.6880
  epoch 036 [ 800/1110]  loss=0.6880
  epoch 036 [ 900/1110]  loss=0.6873
  epoch 036 [1000/1110]  loss=0.6872
  epoch 036 [1100/1110]  loss=0.6875
epoch 036 | train_loss=0.6875 | val_loss=0.6728 | val_acc=0.9413 | val_f1=0.9246 | lr=4.07e-04
  epoch 037 [ 100/1110]  loss=0.6876
  epoch 037 [ 200/1110]  loss=0.6870
  epoch 037 [ 300/1110]  loss=0.6874
  epoch 037 [ 400/1110]  loss=0.6891
  epoch 037 [ 500/1110]  loss=0.6887
  epoch 037 [ 600/1110]  loss=0.6882
  epoch 037 [ 700/1110]  loss=0.6882
  epoch 037 [ 800/1110]  loss=0.6885
  epoch 037 [ 900/1110]  loss=0.6882
  epoch 037 [1000/1110]  loss=0.6876
  epoch 037 [1100/1110]  loss=0.6871
epoch 037 | train_loss=0.6873 | val_loss=0.6764 | val_acc=0.9410 | val_f1=0.9255 | lr=3.79e-04
  epoch 038 [ 100/1110]  loss=0.6870
  epoch 038 [ 200/1110]  loss=0.6842
  epoch 038 [ 300/1110]  loss=0.6840
  epoch 038 [ 400/1110]  loss=0.6847
  epoch 038 [ 500/1110]  loss=0.6850
  epoch 038 [ 600/1110]  loss=0.6858
  epoch 038 [ 700/1110]  loss=0.6856
  epoch 038 [ 800/1110]  loss=0.6863
  epoch 038 [ 900/1110]  loss=0.6863
  epoch 038 [1000/1110]  loss=0.6865
  epoch 038 [1100/1110]  loss=0.6861
epoch 038 | train_loss=0.6860 | val_loss=0.6715 | val_acc=0.9418 | val_f1=0.9251 | lr=3.52e-04
  epoch 039 [ 100/1110]  loss=0.6860
  epoch 039 [ 200/1110]  loss=0.6847
  epoch 039 [ 300/1110]  loss=0.6830
  epoch 039 [ 400/1110]  loss=0.6835
  epoch 039 [ 500/1110]  loss=0.6850
  epoch 039 [ 600/1110]  loss=0.6853
  epoch 039 [ 700/1110]  loss=0.6852
  epoch 039 [ 800/1110]  loss=0.6856
  epoch 039 [ 900/1110]  loss=0.6854
  epoch 039 [1000/1110]  loss=0.6853
  epoch 039 [1100/1110]  loss=0.6853
epoch 039 | train_loss=0.6852 | val_loss=0.6639 | val_acc=0.9469 | val_f1=0.9303 | lr=3.25e-04
  epoch 040 [ 100/1110]  loss=0.6822
  epoch 040 [ 200/1110]  loss=0.6829
  epoch 040 [ 300/1110]  loss=0.6845
  epoch 040 [ 400/1110]  loss=0.6849
  epoch 040 [ 500/1110]  loss=0.6852
  epoch 040 [ 600/1110]  loss=0.6853
  epoch 040 [ 700/1110]  loss=0.6856
  epoch 040 [ 800/1110]  loss=0.6855
  epoch 040 [ 900/1110]  loss=0.6848
  epoch 040 [1000/1110]  loss=0.6851
  epoch 040 [1100/1110]  loss=0.6851
epoch 040 | train_loss=0.6852 | val_loss=0.6658 | val_acc=0.9464 | val_f1=0.9297 | lr=2.99e-04
  epoch 041 [ 100/1110]  loss=0.6820
  epoch 041 [ 200/1110]  loss=0.6829
  epoch 041 [ 300/1110]  loss=0.6814
  epoch 041 [ 400/1110]  loss=0.6829
  epoch 041 [ 500/1110]  loss=0.6824
  epoch 041 [ 600/1110]  loss=0.6827
  epoch 041 [ 700/1110]  loss=0.6836
  epoch 041 [ 800/1110]  loss=0.6839
  epoch 041 [ 900/1110]  loss=0.6843
  epoch 041 [1000/1110]  loss=0.6844
  epoch 041 [1100/1110]  loss=0.6844
epoch 041 | train_loss=0.6844 | val_loss=0.6656 | val_acc=0.9458 | val_f1=0.9292 | lr=2.74e-04
  epoch 042 [ 100/1110]  loss=0.6855
  epoch 042 [ 200/1110]  loss=0.6863
  epoch 042 [ 300/1110]  loss=0.6843
  epoch 042 [ 400/1110]  loss=0.6838
  epoch 042 [ 500/1110]  loss=0.6837
  epoch 042 [ 600/1110]  loss=0.6839
  epoch 042 [ 700/1110]  loss=0.6842
  epoch 042 [ 800/1110]  loss=0.6843
  epoch 042 [ 900/1110]  loss=0.6839
  epoch 042 [1000/1110]  loss=0.6841
  epoch 042 [1100/1110]  loss=0.6842
epoch 042 | train_loss=0.6842 | val_loss=0.6677 | val_acc=0.9445 | val_f1=0.9280 | lr=2.49e-04
  epoch 043 [ 100/1110]  loss=0.6852
  epoch 043 [ 200/1110]  loss=0.6821
  epoch 043 [ 300/1110]  loss=0.6836
  epoch 043 [ 400/1110]  loss=0.6850
  epoch 043 [ 500/1110]  loss=0.6843
  epoch 043 [ 600/1110]  loss=0.6842
  epoch 043 [ 700/1110]  loss=0.6839
  epoch 043 [ 800/1110]  loss=0.6834
  epoch 043 [ 900/1110]  loss=0.6831
  epoch 043 [1000/1110]  loss=0.6836
  epoch 043 [1100/1110]  loss=0.6838
epoch 043 | train_loss=0.6838 | val_loss=0.6653 | val_acc=0.9459 | val_f1=0.9293 | lr=2.26e-04
  epoch 044 [ 100/1110]  loss=0.6831
  epoch 044 [ 200/1110]  loss=0.6819
  epoch 044 [ 300/1110]  loss=0.6833
  epoch 044 [ 400/1110]  loss=0.6825
  epoch 044 [ 500/1110]  loss=0.6819
  epoch 044 [ 600/1110]  loss=0.6827
  epoch 044 [ 700/1110]  loss=0.6823
  epoch 044 [ 800/1110]  loss=0.6828
  epoch 044 [ 900/1110]  loss=0.6826
  epoch 044 [1000/1110]  loss=0.6826
  epoch 044 [1100/1110]  loss=0.6828
epoch 044 | train_loss=0.6828 | val_loss=0.6682 | val_acc=0.9444 | val_f1=0.9277 | lr=2.03e-04
  epoch 045 [ 100/1110]  loss=0.6826
  epoch 045 [ 200/1110]  loss=0.6843
  epoch 045 [ 300/1110]  loss=0.6820
  epoch 045 [ 400/1110]  loss=0.6817
  epoch 045 [ 500/1110]  loss=0.6831
  epoch 045 [ 600/1110]  loss=0.6827
  epoch 045 [ 700/1110]  loss=0.6825
  epoch 045 [ 800/1110]  loss=0.6827
  epoch 045 [ 900/1110]  loss=0.6824
  epoch 045 [1000/1110]  loss=0.6819
  epoch 045 [1100/1110]  loss=0.6819
epoch 045 | train_loss=0.6819 | val_loss=0.6631 | val_acc=0.9474 | val_f1=0.9310 | lr=1.81e-04
  epoch 046 [ 100/1110]  loss=0.6842
  epoch 046 [ 200/1110]  loss=0.6845
  epoch 046 [ 300/1110]  loss=0.6842
  epoch 046 [ 400/1110]  loss=0.6837
  epoch 046 [ 500/1110]  loss=0.6836
  epoch 046 [ 600/1110]  loss=0.6842
  epoch 046 [ 700/1110]  loss=0.6839
  epoch 046 [ 800/1110]  loss=0.6834
  epoch 046 [ 900/1110]  loss=0.6831
  epoch 046 [1000/1110]  loss=0.6828
  epoch 046 [1100/1110]  loss=0.6825
epoch 046 | train_loss=0.6825 | val_loss=0.6644 | val_acc=0.9463 | val_f1=0.9297 | lr=1.60e-04
  epoch 047 [ 100/1110]  loss=0.6777
  epoch 047 [ 200/1110]  loss=0.6803
  epoch 047 [ 300/1110]  loss=0.6816
  epoch 047 [ 400/1110]  loss=0.6807
  epoch 047 [ 500/1110]  loss=0.6804
  epoch 047 [ 600/1110]  loss=0.6804
  epoch 047 [ 700/1110]  loss=0.6807
  epoch 047 [ 800/1110]  loss=0.6809
  epoch 047 [ 900/1110]  loss=0.6808
  epoch 047 [1000/1110]  loss=0.6811
  epoch 047 [1100/1110]  loss=0.6811
epoch 047 | train_loss=0.6814 | val_loss=0.6644 | val_acc=0.9459 | val_f1=0.9293 | lr=1.40e-04
  epoch 048 [ 100/1110]  loss=0.6786
  epoch 048 [ 200/1110]  loss=0.6786
  epoch 048 [ 300/1110]  loss=0.6793
  epoch 048 [ 400/1110]  loss=0.6809
  epoch 048 [ 500/1110]  loss=0.6811
  epoch 048 [ 600/1110]  loss=0.6820
  epoch 048 [ 700/1110]  loss=0.6824
  epoch 048 [ 800/1110]  loss=0.6824
  epoch 048 [ 900/1110]  loss=0.6822
  epoch 048 [1000/1110]  loss=0.6819
  epoch 048 [1100/1110]  loss=0.6817
epoch 048 | train_loss=0.6819 | val_loss=0.6623 | val_acc=0.9475 | val_f1=0.9313 | lr=1.22e-04
  epoch 049 [ 100/1110]  loss=0.6782
  epoch 049 [ 200/1110]  loss=0.6795
  epoch 049 [ 300/1110]  loss=0.6792
  epoch 049 [ 400/1110]  loss=0.6791
  epoch 049 [ 500/1110]  loss=0.6799
  epoch 049 [ 600/1110]  loss=0.6806
  epoch 049 [ 700/1110]  loss=0.6802
  epoch 049 [ 800/1110]  loss=0.6808
  epoch 049 [ 900/1110]  loss=0.6811
  epoch 049 [1000/1110]  loss=0.6812
  epoch 049 [1100/1110]  loss=0.6811
epoch 049 | train_loss=0.6810 | val_loss=0.6656 | val_acc=0.9449 | val_f1=0.9284 | lr=1.05e-04
  epoch 050 [ 100/1110]  loss=0.6776
  epoch 050 [ 200/1110]  loss=0.6805
  epoch 050 [ 300/1110]  loss=0.6807
  epoch 050 [ 400/1110]  loss=0.6811
  epoch 050 [ 500/1110]  loss=0.6811
  epoch 050 [ 600/1110]  loss=0.6815
  epoch 050 [ 700/1110]  loss=0.6813
  epoch 050 [ 800/1110]  loss=0.6806
  epoch 050 [ 900/1110]  loss=0.6807
  epoch 050 [1000/1110]  loss=0.6807
  epoch 050 [1100/1110]  loss=0.6813
epoch 050 | train_loss=0.6813 | val_loss=0.6650 | val_acc=0.9451 | val_f1=0.9284 | lr=8.86e-05
  epoch 051 [ 100/1110]  loss=0.6769
  epoch 051 [ 200/1110]  loss=0.6770
  epoch 051 [ 300/1110]  loss=0.6786
  epoch 051 [ 400/1110]  loss=0.6805
  epoch 051 [ 500/1110]  loss=0.6795
  epoch 051 [ 600/1110]  loss=0.6798
  epoch 051 [ 700/1110]  loss=0.6801
  epoch 051 [ 800/1110]  loss=0.6803
  epoch 051 [ 900/1110]  loss=0.6800
  epoch 051 [1000/1110]  loss=0.6804
  epoch 051 [1100/1110]  loss=0.6803
epoch 051 | train_loss=0.6804 | val_loss=0.6635 | val_acc=0.9463 | val_f1=0.9297 | lr=7.40e-05
  epoch 052 [ 100/1110]  loss=0.6816
  epoch 052 [ 200/1110]  loss=0.6807
  epoch 052 [ 300/1110]  loss=0.6806
  epoch 052 [ 400/1110]  loss=0.6813
  epoch 052 [ 500/1110]  loss=0.6800
  epoch 052 [ 600/1110]  loss=0.6800
  epoch 052 [ 700/1110]  loss=0.6801
  epoch 052 [ 800/1110]  loss=0.6804
  epoch 052 [ 900/1110]  loss=0.6803
  epoch 052 [1000/1110]  loss=0.6803
  epoch 052 [1100/1110]  loss=0.6804
epoch 052 | train_loss=0.6804 | val_loss=0.6636 | val_acc=0.9466 | val_f1=0.9301 | lr=6.08e-05
  epoch 053 [ 100/1110]  loss=0.6782
  epoch 053 [ 200/1110]  loss=0.6789
  epoch 053 [ 300/1110]  loss=0.6793
  epoch 053 [ 400/1110]  loss=0.6794
  epoch 053 [ 500/1110]  loss=0.6800
  epoch 053 [ 600/1110]  loss=0.6797
  epoch 053 [ 700/1110]  loss=0.6796
  epoch 053 [ 800/1110]  loss=0.6793
  epoch 053 [ 900/1110]  loss=0.6789
  epoch 053 [1000/1110]  loss=0.6787
  epoch 053 [1100/1110]  loss=0.6789
epoch 053 | train_loss=0.6789 | val_loss=0.6628 | val_acc=0.9467 | val_f1=0.9301 | lr=4.90e-05
  epoch 054 [ 100/1110]  loss=0.6792
  epoch 054 [ 200/1110]  loss=0.6780
  epoch 054 [ 300/1110]  loss=0.6788
  epoch 054 [ 400/1110]  loss=0.6791
  epoch 054 [ 500/1110]  loss=0.6789
  epoch 054 [ 600/1110]  loss=0.6794
  epoch 054 [ 700/1110]  loss=0.6787
  epoch 054 [ 800/1110]  loss=0.6791
  epoch 054 [ 900/1110]  loss=0.6788
  epoch 054 [1000/1110]  loss=0.6791
  epoch 054 [1100/1110]  loss=0.6791
epoch 054 | train_loss=0.6791 | val_loss=0.6625 | val_acc=0.9470 | val_f1=0.9304 | lr=3.88e-05
  epoch 055 [ 100/1110]  loss=0.6810
  epoch 055 [ 200/1110]  loss=0.6802
  epoch 055 [ 300/1110]  loss=0.6794
  epoch 055 [ 400/1110]  loss=0.6785
  epoch 055 [ 500/1110]  loss=0.6793
  epoch 055 [ 600/1110]  loss=0.6791
  epoch 055 [ 700/1110]  loss=0.6798
  epoch 055 [ 800/1110]  loss=0.6798
  epoch 055 [ 900/1110]  loss=0.6794
  epoch 055 [1000/1110]  loss=0.6789
  epoch 055 [1100/1110]  loss=0.6789
epoch 055 | train_loss=0.6789 | val_loss=0.6622 | val_acc=0.9465 | val_f1=0.9304 | lr=3.01e-05
  epoch 056 [ 100/1110]  loss=0.6780
  epoch 056 [ 200/1110]  loss=0.6796
  epoch 056 [ 300/1110]  loss=0.6785
  epoch 056 [ 400/1110]  loss=0.6792
  epoch 056 [ 500/1110]  loss=0.6794
  epoch 056 [ 600/1110]  loss=0.6796
  epoch 056 [ 700/1110]  loss=0.6788
  epoch 056 [ 800/1110]  loss=0.6787
  epoch 056 [ 900/1110]  loss=0.6787
  epoch 056 [1000/1110]  loss=0.6791
  epoch 056 [1100/1110]  loss=0.6792
epoch 056 | train_loss=0.6793 | val_loss=0.6616 | val_acc=0.9472 | val_f1=0.9471 | lr=2.29e-05
  epoch 057 [ 100/1110]  loss=0.6824
  epoch 057 [ 200/1110]  loss=0.6813
  epoch 057 [ 300/1110]  loss=0.6821
  epoch 057 [ 400/1110]  loss=0.6819
  epoch 057 [ 500/1110]  loss=0.6813
  epoch 057 [ 600/1110]  loss=0.6809
  epoch 057 [ 700/1110]  loss=0.6809
  epoch 057 [ 800/1110]  loss=0.6805
  epoch 057 [ 900/1110]  loss=0.6800
  epoch 057 [1000/1110]  loss=0.6799
  epoch 057 [1100/1110]  loss=0.6796
epoch 057 | train_loss=0.6797 | val_loss=0.6649 | val_acc=0.9449 | val_f1=0.9418 | lr=1.72e-05
  epoch 058 [ 100/1110]  loss=0.6807
  epoch 058 [ 200/1110]  loss=0.6803
  epoch 058 [ 300/1110]  loss=0.6793
  epoch 058 [ 400/1110]  loss=0.6797
  epoch 058 [ 500/1110]  loss=0.6800
  epoch 058 [ 600/1110]  loss=0.6801
  epoch 058 [ 700/1110]  loss=0.6793
  epoch 058 [ 800/1110]  loss=0.6791
  epoch 058 [ 900/1110]  loss=0.6794
  epoch 058 [1000/1110]  loss=0.6795
  epoch 058 [1100/1110]  loss=0.6792
epoch 058 | train_loss=0.6792 | val_loss=0.6614 | val_acc=0.9472 | val_f1=0.9308 | lr=1.32e-05
  epoch 059 [ 100/1110]  loss=0.6790
  epoch 059 [ 200/1110]  loss=0.6793
  epoch 059 [ 300/1110]  loss=0.6797
  epoch 059 [ 400/1110]  loss=0.6794
  epoch 059 [ 500/1110]  loss=0.6796
  epoch 059 [ 600/1110]  loss=0.6799
  epoch 059 [ 700/1110]  loss=0.6796
  epoch 059 [ 800/1110]  loss=0.6794
  epoch 059 [ 900/1110]  loss=0.6792
  epoch 059 [1000/1110]  loss=0.6790
  epoch 059 [1100/1110]  loss=0.6792
epoch 059 | train_loss=0.6791 | val_loss=0.6668 | val_acc=0.9445 | val_f1=0.9280 | lr=1.08e-05
  epoch 060 [ 100/1110]  loss=0.6771
  epoch 060 [ 200/1110]  loss=0.6773
  epoch 060 [ 300/1110]  loss=0.6791
  epoch 060 [ 400/1110]  loss=0.6790
  epoch 060 [ 500/1110]  loss=0.6795
  epoch 060 [ 600/1110]  loss=0.6797
  epoch 060 [ 700/1110]  loss=0.6795
  epoch 060 [ 800/1110]  loss=0.6794
  epoch 060 [ 900/1110]  loss=0.6794
  epoch 060 [1000/1110]  loss=0.6795
  epoch 060 [1100/1110]  loss=0.6794
epoch 060 | train_loss=0.6793 | val_loss=0.6627 | val_acc=0.9466 | val_f1=0.9303 | lr=1.00e-05

Best val accuracy: 0.9475 (epoch 48)
TorchScript saved → artifacts/stgcn_v2/stgcn_small/model_stgcn.pt
Checkpoint → artifacts/stgcn_v2/stgcn_small/best_model.pt
  small done -> artifacts/stgcn_v2/stgcn_small/best_model.pt

  Starting medium ...
Device: mps
Dataset: 88780 samples, 20 classes, input shape per sample: (6, 48, 21)  (xyz+vel)
Model: STGCNGestureNet-medium  |  trainable params: 2,591,952
/Users/rickeabati/Library/Python/3.12/lib/python/site-packages/torch/utils/data/dataloader.py:775: UserWarning: 'pin_memory' argument is set as true but not supported on MPS now, device pinned memory won't be used.
  super().__init__(loader)
  epoch 001 [ 100/1110]  loss=2.8860
  epoch 001 [ 200/1110]  loss=2.7208
  epoch 001 [ 300/1110]  loss=2.5948
  epoch 001 [ 400/1110]  loss=2.4961
  epoch 001 [ 500/1110]  loss=2.4152
  epoch 001 [ 600/1110]  loss=2.3456
  epoch 001 [ 700/1110]  loss=2.2787
  epoch 001 [ 800/1110]  loss=2.2137
  epoch 001 [ 900/1110]  loss=2.1497
  epoch 001 [1000/1110]  loss=2.0876
  epoch 001 [1100/1110]  loss=2.0301
epoch 001 | train_loss=2.0248 | val_loss=1.3171 | val_acc=0.7519 | val_f1=0.7317 | lr=2.00e-04
  epoch 002 [ 100/1110]  loss=1.4112
  epoch 002 [ 200/1110]  loss=1.3549
  epoch 002 [ 300/1110]  loss=1.3041
  epoch 002 [ 400/1110]  loss=1.2633
  epoch 002 [ 500/1110]  loss=1.2282
  epoch 002 [ 600/1110]  loss=1.2002
  epoch 002 [ 700/1110]  loss=1.1753
  epoch 002 [ 800/1110]  loss=1.1547
  epoch 002 [ 900/1110]  loss=1.1343
  epoch 002 [1000/1110]  loss=1.1182
  epoch 002 [1100/1110]  loss=1.1028
epoch 002 | train_loss=1.1016 | val_loss=0.9372 | val_acc=0.9139 | val_f1=0.8977 | lr=4.00e-04
  epoch 003 [ 100/1110]  loss=0.9606
  epoch 003 [ 200/1110]  loss=0.9492
  epoch 003 [ 300/1110]  loss=0.9430
  epoch 003 [ 400/1110]  loss=0.9376
  epoch 003 [ 500/1110]  loss=0.9308
  epoch 003 [ 600/1110]  loss=0.9226
  epoch 003 [ 700/1110]  loss=0.9147
  epoch 003 [ 800/1110]  loss=0.9090
  epoch 003 [ 900/1110]  loss=0.9051
  epoch 003 [1000/1110]  loss=0.9011
  epoch 003 [1100/1110]  loss=0.8974
epoch 003 | train_loss=0.8970 | val_loss=0.8588 | val_acc=0.9251 | val_f1=0.9122 | lr=6.00e-04
  epoch 004 [ 100/1110]  loss=0.8681
  epoch 004 [ 200/1110]  loss=0.8718
  epoch 004 [ 300/1110]  loss=0.8643
  epoch 004 [ 400/1110]  loss=0.8603
  epoch 004 [ 500/1110]  loss=0.8587
  epoch 004 [ 600/1110]  loss=0.8555
  epoch 004 [ 700/1110]  loss=0.8525
  epoch 004 [ 800/1110]  loss=0.8493
  epoch 004 [ 900/1110]  loss=0.8466
  epoch 004 [1000/1110]  loss=0.8436
  epoch 004 [1100/1110]  loss=0.8403
epoch 004 | train_loss=0.8401 | val_loss=0.8053 | val_acc=0.9227 | val_f1=0.9192 | lr=8.00e-04
  epoch 005 [ 100/1110]  loss=0.8322
  epoch 005 [ 200/1110]  loss=0.8225
  epoch 005 [ 300/1110]  loss=0.8230
  epoch 005 [ 400/1110]  loss=0.8207
  epoch 005 [ 500/1110]  loss=0.8190
  epoch 005 [ 600/1110]  loss=0.8174
  epoch 005 [ 700/1110]  loss=0.8136
  epoch 005 [ 800/1110]  loss=0.8113
  epoch 005 [ 900/1110]  loss=0.8095
  epoch 005 [1000/1110]  loss=0.8084
  epoch 005 [1100/1110]  loss=0.8067
epoch 005 | train_loss=0.8066 | val_loss=0.7527 | val_acc=0.9355 | val_f1=0.9193 | lr=1.00e-03
  epoch 006 [ 100/1110]  loss=0.7753
  epoch 006 [ 200/1110]  loss=0.7782
  epoch 006 [ 300/1110]  loss=0.7772
  epoch 006 [ 400/1110]  loss=0.7743
  epoch 006 [ 500/1110]  loss=0.7741
  epoch 006 [ 600/1110]  loss=0.7726
  epoch 006 [ 700/1110]  loss=0.7719
  epoch 006 [ 800/1110]  loss=0.7716
  epoch 006 [ 900/1110]  loss=0.7708
  epoch 006 [1000/1110]  loss=0.7700
  epoch 006 [1100/1110]  loss=0.7683
epoch 006 | train_loss=0.7678 | val_loss=0.7143 | val_acc=0.9329 | val_f1=0.9161 | lr=9.99e-04
  epoch 007 [ 100/1110]  loss=0.7491
  epoch 007 [ 200/1110]  loss=0.7466
  epoch 007 [ 300/1110]  loss=0.7462
  epoch 007 [ 400/1110]  loss=0.7442
  epoch 007 [ 500/1110]  loss=0.7436
  epoch 007 [ 600/1110]  loss=0.7428
  epoch 007 [ 700/1110]  loss=0.7416
  epoch 007 [ 800/1110]  loss=0.7422
  epoch 007 [ 900/1110]  loss=0.7420
  epoch 007 [1000/1110]  loss=0.7419
  epoch 007 [1100/1110]  loss=0.7414
epoch 007 | train_loss=0.7413 | val_loss=0.6938 | val_acc=0.9411 | val_f1=0.9247 | lr=9.97e-04
  epoch 008 [ 100/1110]  loss=0.7344
  epoch 008 [ 200/1110]  loss=0.7399
  epoch 008 [ 300/1110]  loss=0.7343
  epoch 008 [ 400/1110]  loss=0.7342
  epoch 008 [ 500/1110]  loss=0.7340
  epoch 008 [ 600/1110]  loss=0.7335
  epoch 008 [ 700/1110]  loss=0.7334
  epoch 008 [ 800/1110]  loss=0.7331
