Device: mps
Dataset: 88780 samples, 20 classes, input shape per sample: (6, 48, 21)  (xyz+vel)
Model: STGCNGestureNet-medium  |  trainable params: 2,591,952
/Users/rickeabati/Library/Python/3.12/lib/python/site-packages/torch/utils/data/dataloader.py:775: UserWarning: 'pin_memory' argument is set as true but not supported on MPS now, device pinned memory won't be used.
  super().__init__(loader)
  epoch 001 [ 100/1110]  loss=2.9271
  epoch 001 [ 200/1110]  loss=2.8013
  epoch 001 [ 300/1110]  loss=2.6626
  epoch 001 [ 400/1110]  loss=2.5406
  epoch 001 [ 500/1110]  loss=2.4408
  epoch 001 [ 600/1110]  loss=2.3548
  epoch 001 [ 700/1110]  loss=2.2812
  epoch 001 [ 800/1110]  loss=2.2140
  epoch 001 [ 900/1110]  loss=2.1525
  epoch 001 [1000/1110]  loss=2.0892
  epoch 001 [1100/1110]  loss=2.0259
epoch 001 | train_loss=2.0196 | val_loss=1.2453 | val_acc=0.8093 | val_f1=0.7915 | lr=2.00e-04
  epoch 002 [ 100/1110]  loss=1.3393
  epoch 002 [ 200/1110]  loss=1.2831
  epoch 002 [ 300/1110]  loss=1.2405
  epoch 002 [ 400/1110]  loss=1.2029
  epoch 002 [ 500/1110]  loss=1.1733
  epoch 002 [ 600/1110]  loss=1.1461
  epoch 002 [ 700/1110]  loss=1.1254
  epoch 002 [ 800/1110]  loss=1.1090
  epoch 002 [ 900/1110]  loss=1.0935
  epoch 002 [1000/1110]  loss=1.0793
  epoch 002 [1100/1110]  loss=1.0661
epoch 002 | train_loss=1.0650 | val_loss=0.8913 | val_acc=0.9137 | val_f1=0.9018 | lr=4.00e-04
  epoch 003 [ 100/1110]  loss=0.9411
  epoch 003 [ 200/1110]  loss=0.9406
  epoch 003 [ 300/1110]  loss=0.9336
  epoch 003 [ 400/1110]  loss=0.9285
  epoch 003 [ 500/1110]  loss=0.9211
  epoch 003 [ 600/1110]  loss=0.9142
  epoch 003 [ 700/1110]  loss=0.9096
  epoch 003 [ 800/1110]  loss=0.9046
  epoch 003 [ 900/1110]  loss=0.8997
  epoch 003 [1000/1110]  loss=0.8960
  epoch 003 [1100/1110]  loss=0.8914
epoch 003 | train_loss=0.8909 | val_loss=0.8317 | val_acc=0.9068 | val_f1=0.8885 | lr=6.00e-04
  epoch 004 [ 100/1110]  loss=0.8568
  epoch 004 [ 200/1110]  loss=0.8586
  epoch 004 [ 300/1110]  loss=0.8551
  epoch 004 [ 400/1110]  loss=0.8553
  epoch 004 [ 500/1110]  loss=0.8526
  epoch 004 [ 600/1110]  loss=0.8478
  epoch 004 [ 700/1110]  loss=0.8454
  epoch 004 [ 800/1110]  loss=0.8425
  epoch 004 [ 900/1110]  loss=0.8392
  epoch 004 [1000/1110]  loss=0.8361
  epoch 004 [1100/1110]  loss=0.8340
epoch 004 | train_loss=0.8339 | val_loss=0.8189 | val_acc=0.9136 | val_f1=0.8968 | lr=8.00e-04
  epoch 005 [ 100/1110]  loss=0.8266
  epoch 005 [ 200/1110]  loss=0.8175
  epoch 005 [ 300/1110]  loss=0.8162
  epoch 005 [ 400/1110]  loss=0.8140
  epoch 005 [ 500/1110]  loss=0.8124
  epoch 005 [ 600/1110]  loss=0.8095
  epoch 005 [ 700/1110]  loss=0.8070
  epoch 005 [ 800/1110]  loss=0.8061
  epoch 005 [ 900/1110]  loss=0.8045
  epoch 005 [1000/1110]  loss=0.8022
  epoch 005 [1100/1110]  loss=0.8001
epoch 005 | train_loss=0.7998 | val_loss=0.7471 | val_acc=0.9267 | val_f1=0.9172 | lr=1.00e-03
  epoch 006 [ 100/1110]  loss=0.7789
  epoch 006 [ 200/1110]  loss=0.7762
  epoch 006 [ 300/1110]  loss=0.7768
  epoch 006 [ 400/1110]  loss=0.7747
  epoch 006 [ 500/1110]  loss=0.7728
  epoch 006 [ 600/1110]  loss=0.7718
  epoch 006 [ 700/1110]  loss=0.7707
  epoch 006 [ 800/1110]  loss=0.7702
  epoch 006 [ 900/1110]  loss=0.7687
  epoch 006 [1000/1110]  loss=0.7675
  epoch 006 [1100/1110]  loss=0.7659
epoch 006 | train_loss=0.7658 | val_loss=0.7101 | val_acc=0.9416 | val_f1=0.9249 | lr=9.99e-04
  epoch 007 [ 100/1110]  loss=0.7507
  epoch 007 [ 200/1110]  loss=0.7541
  epoch 007 [ 300/1110]  loss=0.7549
  epoch 007 [ 400/1110]  loss=0.7538
  epoch 007 [ 500/1110]  loss=0.7519
  epoch 007 [ 600/1110]  loss=0.7509
  epoch 007 [ 700/1110]  loss=0.7500
  epoch 007 [ 800/1110]  loss=0.7495
  epoch 007 [ 900/1110]  loss=0.7492
  epoch 007 [1000/1110]  loss=0.7484
  epoch 007 [1100/1110]  loss=0.7469
epoch 007 | train_loss=0.7468 | val_loss=0.7050 | val_acc=0.9404 | val_f1=0.9298 | lr=9.97e-04
  epoch 008 [ 100/1110]  loss=0.7408
  epoch 008 [ 200/1110]  loss=0.7348
  epoch 008 [ 300/1110]  loss=0.7353
  epoch 008 [ 400/1110]  loss=0.7345
  epoch 008 [ 500/1110]  loss=0.7339
  epoch 008 [ 600/1110]  loss=0.7355
  epoch 008 [ 700/1110]  loss=0.7350
  epoch 008 [ 800/1110]  loss=0.7344
  epoch 008 [ 900/1110]  loss=0.7336
  epoch 008 [1000/1110]  loss=0.7336
  epoch 008 [1100/1110]  loss=0.7336
epoch 008 | train_loss=0.7337 | val_loss=0.6995 | val_acc=0.9382 | val_f1=0.9243 | lr=9.93e-04
  epoch 009 [ 100/1110]  loss=0.7406
  epoch 009 [ 200/1110]  loss=0.7368
  epoch 009 [ 300/1110]  loss=0.7328
  epoch 009 [ 400/1110]  loss=0.7315
  epoch 009 [ 500/1110]  loss=0.7297
  epoch 009 [ 600/1110]  loss=0.7283
  epoch 009 [ 700/1110]  loss=0.7273
  epoch 009 [ 800/1110]  loss=0.7270
  epoch 009 [ 900/1110]  loss=0.7265
  epoch 009 [1000/1110]  loss=0.7256
  epoch 009 [1100/1110]  loss=0.7256
epoch 009 | train_loss=0.7259 | val_loss=0.7077 | val_acc=0.9324 | val_f1=0.9197 | lr=9.87e-04
  epoch 010 [ 100/1110]  loss=0.7249
  epoch 010 [ 200/1110]  loss=0.7253
  epoch 010 [ 300/1110]  loss=0.7226
  epoch 010 [ 400/1110]  loss=0.7212
  epoch 010 [ 500/1110]  loss=0.7209
  epoch 010 [ 600/1110]  loss=0.7204
  epoch 010 [ 700/1110]  loss=0.7217
  epoch 010 [ 800/1110]  loss=0.7216
  epoch 010 [ 900/1110]  loss=0.7213
  epoch 010 [1000/1110]  loss=0.7209
  epoch 010 [1100/1110]  loss=0.7204
epoch 010 | train_loss=0.7203 | val_loss=0.6883 | val_acc=0.9418 | val_f1=0.9256 | lr=9.80e-04
  epoch 011 [ 100/1110]  loss=0.7175
  epoch 011 [ 200/1110]  loss=0.7147
  epoch 011 [ 300/1110]  loss=0.7178
  epoch 011 [ 400/1110]  loss=0.7164
  epoch 011 [ 500/1110]  loss=0.7156
  epoch 011 [ 600/1110]  loss=0.7169
  epoch 011 [ 700/1110]  loss=0.7173
  epoch 011 [ 800/1110]  loss=0.7179
  epoch 011 [ 900/1110]  loss=0.7180
  epoch 011 [1000/1110]  loss=0.7179
  epoch 011 [1100/1110]  loss=0.7173
epoch 011 | train_loss=0.7172 | val_loss=0.6889 | val_acc=0.9363 | val_f1=0.9341 | lr=9.71e-04
  epoch 012 [ 100/1110]  loss=0.7182
  epoch 012 [ 200/1110]  loss=0.7173
  epoch 012 [ 300/1110]  loss=0.7174
  epoch 012 [ 400/1110]  loss=0.7186
  epoch 012 [ 500/1110]  loss=0.7177
  epoch 012 [ 600/1110]  loss=0.7166
  epoch 012 [ 700/1110]  loss=0.7155
  epoch 012 [ 800/1110]  loss=0.7156
  epoch 012 [ 900/1110]  loss=0.7148
  epoch 012 [1000/1110]  loss=0.7154
  epoch 012 [1100/1110]  loss=0.7154
epoch 012 | train_loss=0.7155 | val_loss=0.7150 | val_acc=0.9200 | val_f1=0.9014 | lr=9.61e-04
  epoch 013 [ 100/1110]  loss=0.7154
  epoch 013 [ 200/1110]  loss=0.7118
  epoch 013 [ 300/1110]  loss=0.7103
  epoch 013 [ 400/1110]  loss=0.7112
  epoch 013 [ 500/1110]  loss=0.7110
  epoch 013 [ 600/1110]  loss=0.7107
  epoch 013 [ 700/1110]  loss=0.7109
  epoch 013 [ 800/1110]  loss=0.7100
  epoch 013 [ 900/1110]  loss=0.7101
  epoch 013 [1000/1110]  loss=0.7106
  epoch 013 [1100/1110]  loss=0.7109
epoch 013 | train_loss=0.7108 | val_loss=0.6795 | val_acc=0.9449 | val_f1=0.9283 | lr=9.49e-04
  epoch 014 [ 100/1110]  loss=0.7069
  epoch 014 [ 200/1110]  loss=0.7070
  epoch 014 [ 300/1110]  loss=0.7079
  epoch 014 [ 400/1110]  loss=0.7092
  epoch 014 [ 500/1110]  loss=0.7100
  epoch 014 [ 600/1110]  loss=0.7091
  epoch 014 [ 700/1110]  loss=0.7094
  epoch 014 [ 800/1110]  loss=0.7087
  epoch 014 [ 900/1110]  loss=0.7086
  epoch 014 [1000/1110]  loss=0.7088
  epoch 014 [1100/1110]  loss=0.7084
epoch 014 | train_loss=0.7085 | val_loss=0.6880 | val_acc=0.9391 | val_f1=0.9226 | lr=9.36e-04
  epoch 015 [ 100/1110]  loss=0.7031
  epoch 015 [ 200/1110]  loss=0.7068
  epoch 015 [ 300/1110]  loss=0.7057
  epoch 015 [ 400/1110]  loss=0.7073
  epoch 015 [ 500/1110]  loss=0.7075
  epoch 015 [ 600/1110]  loss=0.7079
  epoch 015 [ 700/1110]  loss=0.7080
  epoch 015 [ 800/1110]  loss=0.7077
  epoch 015 [ 900/1110]  loss=0.7079
  epoch 015 [1000/1110]  loss=0.7078
  epoch 015 [1100/1110]  loss=0.7077
epoch 015 | train_loss=0.7078 | val_loss=0.6834 | val_acc=0.9430 | val_f1=0.9264 | lr=9.21e-04
  epoch 016 [ 100/1110]  loss=0.7062
  epoch 016 [ 200/1110]  loss=0.7072
  epoch 016 [ 300/1110]  loss=0.7055
  epoch 016 [ 400/1110]  loss=0.7058
  epoch 016 [ 500/1110]  loss=0.7062
  epoch 016 [ 600/1110]  loss=0.7055
  epoch 016 [ 700/1110]  loss=0.7048
  epoch 016 [ 800/1110]  loss=0.7051
  epoch 016 [ 900/1110]  loss=0.7045
  epoch 016 [1000/1110]  loss=0.7045
  epoch 016 [1100/1110]  loss=0.7045
epoch 016 | train_loss=0.7045 | val_loss=0.6806 | val_acc=0.9413 | val_f1=0.9247 | lr=9.05e-04
  epoch 017 [ 100/1110]  loss=0.7049
  epoch 017 [ 200/1110]  loss=0.7077
  epoch 017 [ 300/1110]  loss=0.7061
  epoch 017 [ 400/1110]  loss=0.7038
  epoch 017 [ 500/1110]  loss=0.7033
  epoch 017 [ 600/1110]  loss=0.7031
  epoch 017 [ 700/1110]  loss=0.7028
  epoch 017 [ 800/1110]  loss=0.7035
  epoch 017 [ 900/1110]  loss=0.7034
  epoch 017 [1000/1110]  loss=0.7032
  epoch 017 [1100/1110]  loss=0.7032
epoch 017 | train_loss=0.7032 | val_loss=0.6763 | val_acc=0.9444 | val_f1=0.9277 | lr=8.88e-04
  epoch 018 [ 100/1110]  loss=0.6976
  epoch 018 [ 200/1110]  loss=0.7014
  epoch 018 [ 300/1110]  loss=0.7003
  epoch 018 [ 400/1110]  loss=0.6990
  epoch 018 [ 500/1110]  loss=0.6989
  epoch 018 [ 600/1110]  loss=0.7006
  epoch 018 [ 700/1110]  loss=0.7009
  epoch 018 [ 800/1110]  loss=0.7009
  epoch 018 [ 900/1110]  loss=0.7007
  epoch 018 [1000/1110]  loss=0.7009
  epoch 018 [1100/1110]  loss=0.7012
epoch 018 | train_loss=0.7013 | val_loss=0.6817 | val_acc=0.9435 | val_f1=0.9268 | lr=8.70e-04
  epoch 019 [ 100/1110]  loss=0.7018
  epoch 019 [ 200/1110]  loss=0.7008
  epoch 019 [ 300/1110]  loss=0.7029
  epoch 019 [ 400/1110]  loss=0.7031
  epoch 019 [ 500/1110]  loss=0.7032
  epoch 019 [ 600/1110]  loss=0.7032
  epoch 019 [ 700/1110]  loss=0.7033
  epoch 019 [ 800/1110]  loss=0.7029
  epoch 019 [ 900/1110]  loss=0.7030
  epoch 019 [1000/1110]  loss=0.7031
  epoch 019 [1100/1110]  loss=0.7028
epoch 019 | train_loss=0.7027 | val_loss=0.6778 | val_acc=0.9449 | val_f1=0.9285 | lr=8.50e-04
  epoch 020 [ 100/1110]  loss=0.6997
  epoch 020 [ 200/1110]  loss=0.6991
  epoch 020 [ 300/1110]  loss=0.7004
  epoch 020 [ 400/1110]  loss=0.6995
  epoch 020 [ 500/1110]  loss=0.7002
  epoch 020 [ 600/1110]  loss=0.6991
  epoch 020 [ 700/1110]  loss=0.6993
  epoch 020 [ 800/1110]  loss=0.7002
  epoch 020 [ 900/1110]  loss=0.7002
  epoch 020 [1000/1110]  loss=0.7004
  epoch 020 [1100/1110]  loss=0.7002
epoch 020 | train_loss=0.7001 | val_loss=0.6981 | val_acc=0.9245 | val_f1=0.9070 | lr=8.29e-04
  epoch 021 [ 100/1110]  loss=0.6960
  epoch 021 [ 200/1110]  loss=0.6984
  epoch 021 [ 300/1110]  loss=0.6979
  epoch 021 [ 400/1110]  loss=0.6985
  epoch 021 [ 500/1110]  loss=0.6992
  epoch 021 [ 600/1110]  loss=0.6990
  epoch 021 [ 700/1110]  loss=0.6994
  epoch 021 [ 800/1110]  loss=0.6996
  epoch 021 [ 900/1110]  loss=0.6992
  epoch 021 [1000/1110]  loss=0.6988
  epoch 021 [1100/1110]  loss=0.6990
epoch 021 | train_loss=0.6990 | val_loss=0.6777 | val_acc=0.9436 | val_f1=0.9376 | lr=8.07e-04
  epoch 022 [ 100/1110]  loss=0.6944
  epoch 022 [ 200/1110]  loss=0.6967
  epoch 022 [ 300/1110]  loss=0.6981
  epoch 022 [ 400/1110]  loss=0.6969
  epoch 022 [ 500/1110]  loss=0.6963
  epoch 022 [ 600/1110]  loss=0.6959
  epoch 022 [ 700/1110]  loss=0.6958
  epoch 022 [ 800/1110]  loss=0.6964
  epoch 022 [ 900/1110]  loss=0.6968
  epoch 022 [1000/1110]  loss=0.6969
  epoch 022 [1100/1110]  loss=0.6969
epoch 022 | train_loss=0.6969 | val_loss=0.6775 | val_acc=0.9426 | val_f1=0.9259 | lr=7.84e-04
  epoch 023 [ 100/1110]  loss=0.6953
  epoch 023 [ 200/1110]  loss=0.6951
  epoch 023 [ 300/1110]  loss=0.6960
  epoch 023 [ 400/1110]  loss=0.6957
  epoch 023 [ 500/1110]  loss=0.6962
  epoch 023 [ 600/1110]  loss=0.6972
  epoch 023 [ 700/1110]  loss=0.6978
  epoch 023 [ 800/1110]  loss=0.6980
  epoch 023 [ 900/1110]  loss=0.6978
  epoch 023 [1000/1110]  loss=0.6981
  epoch 023 [1100/1110]  loss=0.6976
epoch 023 | train_loss=0.6977 | val_loss=0.6743 | val_acc=0.9454 | val_f1=0.9287 | lr=7.61e-04
  epoch 024 [ 100/1110]  loss=0.6929
  epoch 024 [ 200/1110]  loss=0.6965
  epoch 024 [ 300/1110]  loss=0.6962
  epoch 024 [ 400/1110]  loss=0.6971
  epoch 024 [ 500/1110]  loss=0.6970
  epoch 024 [ 600/1110]  loss=0.6964
  epoch 024 [ 700/1110]  loss=0.6968
  epoch 024 [ 800/1110]  loss=0.6964
  epoch 024 [ 900/1110]  loss=0.6962
  epoch 024 [1000/1110]  loss=0.6964
  epoch 024 [1100/1110]  loss=0.6965
epoch 024 | train_loss=0.6965 | val_loss=0.6809 | val_acc=0.9383 | val_f1=0.9225 | lr=7.36e-04
  epoch 025 [ 100/1110]  loss=0.6966
  epoch 025 [ 200/1110]  loss=0.6959
  epoch 025 [ 300/1110]  loss=0.6963
  epoch 025 [ 400/1110]  loss=0.6956
  epoch 025 [ 500/1110]  loss=0.6953
  epoch 025 [ 600/1110]  loss=0.6955
  epoch 025 [ 700/1110]  loss=0.6958
  epoch 025 [ 800/1110]  loss=0.6959
  epoch 025 [ 900/1110]  loss=0.6962
  epoch 025 [1000/1110]  loss=0.6961
  epoch 025 [1100/1110]  loss=0.6962
epoch 025 | train_loss=0.6962 | val_loss=0.6905 | val_acc=0.9298 | val_f1=0.9129 | lr=7.11e-04
  epoch 026 [ 100/1110]  loss=0.6968
  epoch 026 [ 200/1110]  loss=0.6944
  epoch 026 [ 300/1110]  loss=0.6931
  epoch 026 [ 400/1110]  loss=0.6937
  epoch 026 [ 500/1110]  loss=0.6944
  epoch 026 [ 600/1110]  loss=0.6948
  epoch 026 [ 700/1110]  loss=0.6943
  epoch 026 [ 800/1110]  loss=0.6939
  epoch 026 [ 900/1110]  loss=0.6941
  epoch 026 [1000/1110]  loss=0.6940
  epoch 026 [1100/1110]  loss=0.6945
epoch 026 | train_loss=0.6945 | val_loss=0.6874 | val_acc=0.9381 | val_f1=0.9214 | lr=6.85e-04
  epoch 027 [ 100/1110]  loss=0.6970
  epoch 027 [ 200/1110]  loss=0.6939
  epoch 027 [ 300/1110]  loss=0.6927
  epoch 027 [ 400/1110]  loss=0.6925
  epoch 027 [ 500/1110]  loss=0.6924
  epoch 027 [ 600/1110]  loss=0.6928
  epoch 027 [ 700/1110]  loss=0.6926
  epoch 027 [ 800/1110]  loss=0.6926
  epoch 027 [ 900/1110]  loss=0.6933
  epoch 027 [1000/1110]  loss=0.6933
  epoch 027 [1100/1110]  loss=0.6935
epoch 027 | train_loss=0.6935 | val_loss=0.6793 | val_acc=0.9436 | val_f1=0.9270 | lr=6.58e-04
  epoch 028 [ 100/1110]  loss=0.7014
  epoch 028 [ 200/1110]  loss=0.6966
  epoch 028 [ 300/1110]  loss=0.6961
  epoch 028 [ 400/1110]  loss=0.6944
  epoch 028 [ 500/1110]  loss=0.6940
  epoch 028 [ 600/1110]  loss=0.6934
  epoch 028 [ 700/1110]  loss=0.6930
  epoch 028 [ 800/1110]  loss=0.6927
  epoch 028 [ 900/1110]  loss=0.6931
  epoch 028 [1000/1110]  loss=0.6931
  epoch 028 [1100/1110]  loss=0.6927
epoch 028 | train_loss=0.6928 | val_loss=0.6766 | val_acc=0.9426 | val_f1=0.9259 | lr=6.31e-04
  epoch 029 [ 100/1110]  loss=0.6901
  epoch 029 [ 200/1110]  loss=0.6924
  epoch 029 [ 300/1110]  loss=0.6917
  epoch 029 [ 400/1110]  loss=0.6925
  epoch 029 [ 500/1110]  loss=0.6913
  epoch 029 [ 600/1110]  loss=0.6916
  epoch 029 [ 700/1110]  loss=0.6915
  epoch 029 [ 800/1110]  loss=0.6919
  epoch 029 [ 900/1110]  loss=0.6914
  epoch 029 [1000/1110]  loss=0.6916
  epoch 029 [1100/1110]  loss=0.6917
epoch 029 | train_loss=0.6917 | val_loss=0.6769 | val_acc=0.9443 | val_f1=0.9277 | lr=6.03e-04
  epoch 030 [ 100/1110]  loss=0.6876
  epoch 030 [ 200/1110]  loss=0.6913
  epoch 030 [ 300/1110]  loss=0.6910
  epoch 030 [ 400/1110]  loss=0.6897
  epoch 030 [ 500/1110]  loss=0.6898
  epoch 030 [ 600/1110]  loss=0.6903
  epoch 030 [ 700/1110]  loss=0.6910
  epoch 030 [ 800/1110]  loss=0.6912
  epoch 030 [ 900/1110]  loss=0.6912
  epoch 030 [1000/1110]  loss=0.6913
  epoch 030 [1100/1110]  loss=0.6916
epoch 030 | train_loss=0.6915 | val_loss=0.6752 | val_acc=0.9449 | val_f1=0.9284 | lr=5.75e-04
  epoch 031 [ 100/1110]  loss=0.6935
  epoch 031 [ 200/1110]  loss=0.6922
  epoch 031 [ 300/1110]  loss=0.6924
  epoch 031 [ 400/1110]  loss=0.6926
  epoch 031 [ 500/1110]  loss=0.6916
  epoch 031 [ 600/1110]  loss=0.6915
  epoch 031 [ 700/1110]  loss=0.6912
  epoch 031 [ 800/1110]  loss=0.6916
  epoch 031 [ 900/1110]  loss=0.6912
  epoch 031 [1000/1110]  loss=0.6909
  epoch 031 [1100/1110]  loss=0.6912
epoch 031 | train_loss=0.6911 | val_loss=0.6847 | val_acc=0.9350 | val_f1=0.9195 | lr=5.47e-04
  epoch 032 [ 100/1110]  loss=0.6871
  epoch 032 [ 200/1110]  loss=0.6863
  epoch 032 [ 300/1110]  loss=0.6886
  epoch 032 [ 400/1110]  loss=0.6889
  epoch 032 [ 500/1110]  loss=0.6881
  epoch 032 [ 600/1110]  loss=0.6887
  epoch 032 [ 700/1110]  loss=0.6893
  epoch 032 [ 800/1110]  loss=0.6890
  epoch 032 [ 900/1110]  loss=0.6895
  epoch 032 [1000/1110]  loss=0.6890
  epoch 032 [1100/1110]  loss=0.6889
epoch 032 | train_loss=0.6889 | val_loss=0.6785 | val_acc=0.9401 | val_f1=0.9236 | lr=5.19e-04
  epoch 033 [ 100/1110]  loss=0.6962
  epoch 033 [ 200/1110]  loss=0.6927
  epoch 033 [ 300/1110]  loss=0.6912
  epoch 033 [ 400/1110]  loss=0.6913
  epoch 033 [ 500/1110]  loss=0.6913
  epoch 033 [ 600/1110]  loss=0.6910
  epoch 033 [ 700/1110]  loss=0.6902
  epoch 033 [ 800/1110]  loss=0.6899
  epoch 033 [ 900/1110]  loss=0.6897
  epoch 033 [1000/1110]  loss=0.6897
  epoch 033 [1100/1110]  loss=0.6898
epoch 033 | train_loss=0.6899 | val_loss=0.6751 | val_acc=0.9423 | val_f1=0.9257 | lr=4.91e-04
  epoch 034 [ 100/1110]  loss=0.6866
  epoch 034 [ 200/1110]  loss=0.6890
  epoch 034 [ 300/1110]  loss=0.6876
  epoch 034 [ 400/1110]  loss=0.6879
  epoch 034 [ 500/1110]  loss=0.6884
  epoch 034 [ 600/1110]  loss=0.6884
  epoch 034 [ 700/1110]  loss=0.6890
  epoch 034 [ 800/1110]  loss=0.6892
  epoch 034 [ 900/1110]  loss=0.6896
  epoch 034 [1000/1110]  loss=0.6902
  epoch 034 [1100/1110]  loss=0.6896
epoch 034 | train_loss=0.6895 | val_loss=0.6783 | val_acc=0.9399 | val_f1=0.9232 | lr=4.63e-04
  epoch 035 [ 100/1110]  loss=0.6883
  epoch 035 [ 200/1110]  loss=0.6872
  epoch 035 [ 300/1110]  loss=0.6873
  epoch 035 [ 400/1110]  loss=0.6867
  epoch 035 [ 500/1110]  loss=0.6872
  epoch 035 [ 600/1110]  loss=0.6884
  epoch 035 [ 700/1110]  loss=0.6882
  epoch 035 [ 800/1110]  loss=0.6883
  epoch 035 [ 900/1110]  loss=0.6884
  epoch 035 [1000/1110]  loss=0.6882
  epoch 035 [1100/1110]  loss=0.6879
epoch 035 | train_loss=0.6878 | val_loss=0.6747 | val_acc=0.9430 | val_f1=0.9269 | lr=4.35e-04
  epoch 036 [ 100/1110]  loss=0.6864
  epoch 036 [ 200/1110]  loss=0.6870
  epoch 036 [ 300/1110]  loss=0.6860
  epoch 036 [ 400/1110]  loss=0.6868
  epoch 036 [ 500/1110]  loss=0.6868
  epoch 036 [ 600/1110]  loss=0.6874
  epoch 036 [ 700/1110]  loss=0.6868
  epoch 036 [ 800/1110]  loss=0.6869
  epoch 036 [ 900/1110]  loss=0.6873
  epoch 036 [1000/1110]  loss=0.6880
  epoch 036 [1100/1110]  loss=0.6879
epoch 036 | train_loss=0.6880 | val_loss=0.6826 | val_acc=0.9365 | val_f1=0.9196 | lr=4.07e-04
  epoch 037 [ 100/1110]  loss=0.6874
  epoch 037 [ 200/1110]  loss=0.6879
  epoch 037 [ 300/1110]  loss=0.6870
  epoch 037 [ 400/1110]  loss=0.6871
  epoch 037 [ 500/1110]  loss=0.6873
  epoch 037 [ 600/1110]  loss=0.6865
  epoch 037 [ 700/1110]  loss=0.6862
  epoch 037 [ 800/1110]  loss=0.6865
  epoch 037 [ 900/1110]  loss=0.6866
  epoch 037 [1000/1110]  loss=0.6864
  epoch 037 [1100/1110]  loss=0.6864
epoch 037 | train_loss=0.6864 | val_loss=0.6779 | val_acc=0.9401 | val_f1=0.9234 | lr=3.79e-04
  epoch 038 [ 100/1110]  loss=0.6825
  epoch 038 [ 200/1110]  loss=0.6859
  epoch 038 [ 300/1110]  loss=0.6856
  epoch 038 [ 400/1110]  loss=0.6859
  epoch 038 [ 500/1110]  loss=0.6863
  epoch 038 [ 600/1110]  loss=0.6865
  epoch 038 [ 700/1110]  loss=0.6864
  epoch 038 [ 800/1110]  loss=0.6863
  epoch 038 [ 900/1110]  loss=0.6851
  epoch 038 [1000/1110]  loss=0.6857
  epoch 038 [1100/1110]  loss=0.6859
epoch 038 | train_loss=0.6860 | val_loss=0.6750 | val_acc=0.9422 | val_f1=0.9261 | lr=3.52e-04
  epoch 039 [ 100/1110]  loss=0.6883
  epoch 039 [ 200/1110]  loss=0.6873
  epoch 039 [ 300/1110]  loss=0.6854
  epoch 039 [ 400/1110]  loss=0.6855
  epoch 039 [ 500/1110]  loss=0.6860
  epoch 039 [ 600/1110]  loss=0.6865
  epoch 039 [ 700/1110]  loss=0.6872
  epoch 039 [ 800/1110]  loss=0.6875
  epoch 039 [ 900/1110]  loss=0.6873
  epoch 039 [1000/1110]  loss=0.6870
  epoch 039 [1100/1110]  loss=0.6866
epoch 039 | train_loss=0.6867 | val_loss=0.6727 | val_acc=0.9453 | val_f1=0.9287 | lr=3.25e-04
  epoch 040 [ 100/1110]  loss=0.6899
  epoch 040 [ 200/1110]  loss=0.6865
  epoch 040 [ 300/1110]  loss=0.6852
  epoch 040 [ 400/1110]  loss=0.6858
  epoch 040 [ 500/1110]  loss=0.6862
  epoch 040 [ 600/1110]  loss=0.6867
  epoch 040 [ 700/1110]  loss=0.6864
  epoch 040 [ 800/1110]  loss=0.6860
  epoch 040 [ 900/1110]  loss=0.6857
  epoch 040 [1000/1110]  loss=0.6857
  epoch 040 [1100/1110]  loss=0.6857
epoch 040 | train_loss=0.6857 | val_loss=0.6682 | val_acc=0.9461 | val_f1=0.9294 | lr=2.99e-04
  epoch 041 [ 100/1110]  loss=0.6817
  epoch 041 [ 200/1110]  loss=0.6822
  epoch 041 [ 300/1110]  loss=0.6823
  epoch 041 [ 400/1110]  loss=0.6830
  epoch 041 [ 500/1110]  loss=0.6833
  epoch 041 [ 600/1110]  loss=0.6838
  epoch 041 [ 700/1110]  loss=0.6843
  epoch 041 [ 800/1110]  loss=0.6843
  epoch 041 [ 900/1110]  loss=0.6845
  epoch 041 [1000/1110]  loss=0.6841
  epoch 041 [1100/1110]  loss=0.6844
epoch 041 | train_loss=0.6844 | val_loss=0.6788 | val_acc=0.9395 | val_f1=0.9227 | lr=2.74e-04
  epoch 042 [ 100/1110]  loss=0.6818
  epoch 042 [ 200/1110]  loss=0.6842
  epoch 042 [ 300/1110]  loss=0.6832
  epoch 042 [ 400/1110]  loss=0.6829
  epoch 042 [ 500/1110]  loss=0.6837
  epoch 042 [ 600/1110]  loss=0.6833
  epoch 042 [ 700/1110]  loss=0.6844
  epoch 042 [ 800/1110]  loss=0.6842
  epoch 042 [ 900/1110]  loss=0.6842
  epoch 042 [1000/1110]  loss=0.6845
  epoch 042 [1100/1110]  loss=0.6840
epoch 042 | train_loss=0.6841 | val_loss=0.6746 | val_acc=0.9421 | val_f1=0.9255 | lr=2.49e-04
  epoch 043 [ 100/1110]  loss=0.6849
  epoch 043 [ 200/1110]  loss=0.6836
  epoch 043 [ 300/1110]  loss=0.6823
  epoch 043 [ 400/1110]  loss=0.6832
  epoch 043 [ 500/1110]  loss=0.6839
  epoch 043 [ 600/1110]  loss=0.6836
  epoch 043 [ 700/1110]  loss=0.6844
  epoch 043 [ 800/1110]  loss=0.6844
  epoch 043 [ 900/1110]  loss=0.6847
  epoch 043 [1000/1110]  loss=0.6845
  epoch 043 [1100/1110]  loss=0.6844
epoch 043 | train_loss=0.6844 | val_loss=0.6760 | val_acc=0.9417 | val_f1=0.9254 | lr=2.26e-04
  epoch 044 [ 100/1110]  loss=0.6862
  epoch 044 [ 200/1110]  loss=0.6852
  epoch 044 [ 300/1110]  loss=0.6859
  epoch 044 [ 400/1110]  loss=0.6852
  epoch 044 [ 500/1110]  loss=0.6842
  epoch 044 [ 600/1110]  loss=0.6838
  epoch 044 [ 700/1110]  loss=0.6830
  epoch 044 [ 800/1110]  loss=0.6827
  epoch 044 [ 900/1110]  loss=0.6833
  epoch 044 [1000/1110]  loss=0.6834
  epoch 044 [1100/1110]  loss=0.6834
epoch 044 | train_loss=0.6834 | val_loss=0.6708 | val_acc=0.9443 | val_f1=0.9276 | lr=2.03e-04
  epoch 045 [ 100/1110]  loss=0.6838
  epoch 045 [ 200/1110]  loss=0.6836
  epoch 045 [ 300/1110]  loss=0.6832
  epoch 045 [ 400/1110]  loss=0.6831
  epoch 045 [ 500/1110]  loss=0.6823
  epoch 045 [ 600/1110]  loss=0.6825
  epoch 045 [ 700/1110]  loss=0.6833
  epoch 045 [ 800/1110]  loss=0.6836
  epoch 045 [ 900/1110]  loss=0.6835
  epoch 045 [1000/1110]  loss=0.6836
  epoch 045 [1100/1110]  loss=0.6835
epoch 045 | train_loss=0.6832 | val_loss=0.6708 | val_acc=0.9432 | val_f1=0.9327 | lr=1.81e-04
  epoch 046 [ 100/1110]  loss=0.6860
  epoch 046 [ 200/1110]  loss=0.6842
  epoch 046 [ 300/1110]  loss=0.6839
  epoch 046 [ 400/1110]  loss=0.6838
  epoch 046 [ 500/1110]  loss=0.6843
  epoch 046 [ 600/1110]  loss=0.6839
  epoch 046 [ 700/1110]  loss=0.6839
  epoch 046 [ 800/1110]  loss=0.6840
  epoch 046 [ 900/1110]  loss=0.6835
  epoch 046 [1000/1110]  loss=0.6836
  epoch 046 [1100/1110]  loss=0.6832
epoch 046 | train_loss=0.6834 | val_loss=0.6742 | val_acc=0.9414 | val_f1=0.9248 | lr=1.60e-04
  epoch 047 [ 100/1110]  loss=0.6829
  epoch 047 [ 200/1110]  loss=0.6818
  epoch 047 [ 300/1110]  loss=0.6830
  epoch 047 [ 400/1110]  loss=0.6828
  epoch 047 [ 500/1110]  loss=0.6830
  epoch 047 [ 600/1110]  loss=0.6832
  epoch 047 [ 700/1110]  loss=0.6829
  epoch 047 [ 800/1110]  loss=0.6832
  epoch 047 [ 900/1110]  loss=0.6832
  epoch 047 [1000/1110]  loss=0.6833
  epoch 047 [1100/1110]  loss=0.6832
epoch 047 | train_loss=0.6831 | val_loss=0.6818 | val_acc=0.9361 | val_f1=0.9194 | lr=1.40e-04
  epoch 048 [ 100/1110]  loss=0.6853
  epoch 048 [ 200/1110]  loss=0.6831
  epoch 048 [ 300/1110]  loss=0.6828
  epoch 048 [ 400/1110]  loss=0.6832
  epoch 048 [ 500/1110]  loss=0.6839
  epoch 048 [ 600/1110]  loss=0.6835
  epoch 048 [ 700/1110]  loss=0.6833
  epoch 048 [ 800/1110]  loss=0.6834
  epoch 048 [ 900/1110]  loss=0.6833
  epoch 048 [1000/1110]  loss=0.6828
  epoch 048 [1100/1110]  loss=0.6825
epoch 048 | train_loss=0.6823 | val_loss=0.6718 | val_acc=0.9407 | val_f1=0.9391 | lr=1.22e-04
  epoch 049 [ 100/1110]  loss=0.6812
  epoch 049 [ 200/1110]  loss=0.6820
  epoch 049 [ 300/1110]  loss=0.6819
  epoch 049 [ 400/1110]  loss=0.6819
  epoch 049 [ 500/1110]  loss=0.6813
  epoch 049 [ 600/1110]  loss=0.6817
  epoch 049 [ 700/1110]  loss=0.6817
  epoch 049 [ 800/1110]  loss=0.6817
  epoch 049 [ 900/1110]  loss=0.6821
  epoch 049 [1000/1110]  loss=0.6819
  epoch 049 [1100/1110]  loss=0.6816
epoch 049 | train_loss=0.6815 | val_loss=0.6772 | val_acc=0.9398 | val_f1=0.9231 | lr=1.05e-04
  epoch 050 [ 100/1110]  loss=0.6831
  epoch 050 [ 200/1110]  loss=0.6814
  epoch 050 [ 300/1110]  loss=0.6809
  epoch 050 [ 400/1110]  loss=0.6812
  epoch 050 [ 500/1110]  loss=0.6825
  epoch 050 [ 600/1110]  loss=0.6826
  epoch 050 [ 700/1110]  loss=0.6825
  epoch 050 [ 800/1110]  loss=0.6824
  epoch 050 [ 900/1110]  loss=0.6822
  epoch 050 [1000/1110]  loss=0.6820
  epoch 050 [1100/1110]  loss=0.6815
epoch 050 | train_loss=0.6815 | val_loss=0.6729 | val_acc=0.9438 | val_f1=0.9271 | lr=8.86e-05
  epoch 051 [ 100/1110]  loss=0.6818
  epoch 051 [ 200/1110]  loss=0.6814
  epoch 051 [ 300/1110]  loss=0.6818
  epoch 051 [ 400/1110]  loss=0.6817
  epoch 051 [ 500/1110]  loss=0.6816
  epoch 051 [ 600/1110]  loss=0.6809
  epoch 051 [ 700/1110]  loss=0.6807
  epoch 051 [ 800/1110]  loss=0.6806
  epoch 051 [ 900/1110]  loss=0.6807
  epoch 051 [1000/1110]  loss=0.6806
  epoch 051 [1100/1110]  loss=0.6811
epoch 051 | train_loss=0.6812 | val_loss=0.6706 | val_acc=0.9452 | val_f1=0.9287 | lr=7.40e-05
  epoch 052 [ 100/1110]  loss=0.6778
  epoch 052 [ 200/1110]  loss=0.6788
  epoch 052 [ 300/1110]  loss=0.6800
  epoch 052 [ 400/1110]  loss=0.6794
  epoch 052 [ 500/1110]  loss=0.6804
  epoch 052 [ 600/1110]  loss=0.6806
  epoch 052 [ 700/1110]  loss=0.6811
  epoch 052 [ 800/1110]  loss=0.6808
  epoch 052 [ 900/1110]  loss=0.6806
  epoch 052 [1000/1110]  loss=0.6807
  epoch 052 [1100/1110]  loss=0.6807
epoch 052 | train_loss=0.6808 | val_loss=0.6759 | val_acc=0.9398 | val_f1=0.9301 | lr=6.08e-05
  epoch 053 [ 100/1110]  loss=0.6796
  epoch 053 [ 200/1110]  loss=0.6802
  epoch 053 [ 300/1110]  loss=0.6801
  epoch 053 [ 400/1110]  loss=0.6802
  epoch 053 [ 500/1110]  loss=0.6802
  epoch 053 [ 600/1110]  loss=0.6803
  epoch 053 [ 700/1110]  loss=0.6804
  epoch 053 [ 800/1110]  loss=0.6806
  epoch 053 [ 900/1110]  loss=0.6807
  epoch 053 [1000/1110]  loss=0.6806
  epoch 053 [1100/1110]  loss=0.6806
epoch 053 | train_loss=0.6807 | val_loss=0.6681 | val_acc=0.9456 | val_f1=0.9289 | lr=4.90e-05
  epoch 054 [ 100/1110]  loss=0.6777
  epoch 054 [ 200/1110]  loss=0.6821
  epoch 054 [ 300/1110]  loss=0.6822
  epoch 054 [ 400/1110]  loss=0.6815
  epoch 054 [ 500/1110]  loss=0.6816
  epoch 054 [ 600/1110]  loss=0.6815
  epoch 054 [ 700/1110]  loss=0.6813
  epoch 054 [ 800/1110]  loss=0.6811
  epoch 054 [ 900/1110]  loss=0.6810
  epoch 054 [1000/1110]  loss=0.6804
  epoch 054 [1100/1110]  loss=0.6805
epoch 054 | train_loss=0.6805 | val_loss=0.6741 | val_acc=0.9413 | val_f1=0.9246 | lr=3.88e-05
  epoch 055 [ 100/1110]  loss=0.6805
  epoch 055 [ 200/1110]  loss=0.6801
  epoch 055 [ 300/1110]  loss=0.6810
  epoch 055 [ 400/1110]  loss=0.6816
  epoch 055 [ 500/1110]  loss=0.6812
  epoch 055 [ 600/1110]  loss=0.6811
  epoch 055 [ 700/1110]  loss=0.6808
  epoch 055 [ 800/1110]  loss=0.6800
  epoch 055 [ 900/1110]  loss=0.6798
  epoch 055 [1000/1110]  loss=0.6799
  epoch 055 [1100/1110]  loss=0.6798
epoch 055 | train_loss=0.6797 | val_loss=0.6695 | val_acc=0.9444 | val_f1=0.9287 | lr=3.01e-05
  epoch 056 [ 100/1110]  loss=0.6819
  epoch 056 [ 200/1110]  loss=0.6793
  epoch 056 [ 300/1110]  loss=0.6797
  epoch 056 [ 400/1110]  loss=0.6798
  epoch 056 [ 500/1110]  loss=0.6802
  epoch 056 [ 600/1110]  loss=0.6801
  epoch 056 [ 700/1110]  loss=0.6802
  epoch 056 [ 800/1110]  loss=0.6800
  epoch 056 [ 900/1110]  loss=0.6799
  epoch 056 [1000/1110]  loss=0.6800
  epoch 056 [1100/1110]  loss=0.6799
epoch 056 | train_loss=0.6800 | val_loss=0.6764 | val_acc=0.9404 | val_f1=0.9244 | lr=2.29e-05
  epoch 057 [ 100/1110]  loss=0.6782
  epoch 057 [ 200/1110]  loss=0.6801
  epoch 057 [ 300/1110]  loss=0.6801
  epoch 057 [ 400/1110]  loss=0.6792
  epoch 057 [ 500/1110]  loss=0.6799
  epoch 057 [ 600/1110]  loss=0.6799
  epoch 057 [ 700/1110]  loss=0.6798
  epoch 057 [ 800/1110]  loss=0.6799
  epoch 057 [ 900/1110]  loss=0.6795
  epoch 057 [1000/1110]  loss=0.6797
  epoch 057 [1100/1110]  loss=0.6798
epoch 057 | train_loss=0.6798 | val_loss=0.6755 | val_acc=0.9406 | val_f1=0.9243 | lr=1.72e-05
  epoch 058 [ 100/1110]  loss=0.6799
  epoch 058 [ 200/1110]  loss=0.6798
  epoch 058 [ 300/1110]  loss=0.6794
  epoch 058 [ 400/1110]  loss=0.6785
  epoch 058 [ 500/1110]  loss=0.6792
  epoch 058 [ 600/1110]  loss=0.6788
  epoch 058 [ 700/1110]  loss=0.6788
  epoch 058 [ 800/1110]  loss=0.6791
  epoch 058 [ 900/1110]  loss=0.6792
  epoch 058 [1000/1110]  loss=0.6796
  epoch 058 [1100/1110]  loss=0.6797
epoch 058 | train_loss=0.6796 | val_loss=0.6777 | val_acc=0.9374 | val_f1=0.9372 | lr=1.32e-05
  epoch 059 [ 100/1110]  loss=0.6762
  epoch 059 [ 200/1110]  loss=0.6781
  epoch 059 [ 300/1110]  loss=0.6796
  epoch 059 [ 400/1110]  loss=0.6785
  epoch 059 [ 500/1110]  loss=0.6791
  epoch 059 [ 600/1110]  loss=0.6786
  epoch 059 [ 700/1110]  loss=0.6795
  epoch 059 [ 800/1110]  loss=0.6797
  epoch 059 [ 900/1110]  loss=0.6797
  epoch 059 [1000/1110]  loss=0.6797
  epoch 059 [1100/1110]  loss=0.6798
epoch 059 | train_loss=0.6799 | val_loss=0.6768 | val_acc=0.9367 | val_f1=0.9365 | lr=1.08e-05
  epoch 060 [ 100/1110]  loss=0.6826
  epoch 060 [ 200/1110]  loss=0.6805
  epoch 060 [ 300/1110]  loss=0.6805
  epoch 060 [ 400/1110]  loss=0.6801
  epoch 060 [ 500/1110]  loss=0.6802
  epoch 060 [ 600/1110]  loss=0.6805
  epoch 060 [ 700/1110]  loss=0.6804
  epoch 060 [ 800/1110]  loss=0.6806
  epoch 060 [ 900/1110]  loss=0.6806
  epoch 060 [1000/1110]  loss=0.6804
  epoch 060 [1100/1110]  loss=0.6802
epoch 060 | train_loss=0.6802 | val_loss=0.6756 | val_acc=0.9386 | val_f1=0.9375 | lr=1.00e-05

Best val accuracy: 0.9461 (epoch 40)
TorchScript saved → artifacts/stgcn_v2/stgcn_medium/model_stgcn.pt
Checkpoint → artifacts/stgcn_v2/stgcn_medium/best_model.pt
