Device: mps
Dataset: 88780 samples, 20 classes, input shape per sample: (6, 48, 21)  (xyz+vel)
Model: STGCNGestureNet-small  |  trainable params: 652,016
/Users/rickeabati/Library/Python/3.12/lib/python/site-packages/torch/utils/data/dataloader.py:775: UserWarning: 'pin_memory' argument is set as true but not supported on MPS now, device pinned memory won't be used.
  super().__init__(loader)
  epoch 001 [ 100/1110]  loss=2.9349
  epoch 001 [ 200/1110]  loss=2.8689
  epoch 001 [ 300/1110]  loss=2.7694
  epoch 001 [ 400/1110]  loss=2.6583
  epoch 001 [ 500/1110]  loss=2.5637
  epoch 001 [ 600/1110]  loss=2.4850
  epoch 001 [ 700/1110]  loss=2.4196
  epoch 001 [ 800/1110]  loss=2.3611
  epoch 001 [ 900/1110]  loss=2.3094
  epoch 001 [1000/1110]  loss=2.2603
  epoch 001 [1100/1110]  loss=2.2111
epoch 001 | train_loss=2.2066 | val_loss=1.5846 | val_acc=0.6960 | val_f1=0.6714 | lr=2.00e-04
  epoch 002 [ 100/1110]  loss=1.6328
  epoch 002 [ 200/1110]  loss=1.5585
  epoch 002 [ 300/1110]  loss=1.4973
  epoch 002 [ 400/1110]  loss=1.4460
  epoch 002 [ 500/1110]  loss=1.4016
  epoch 002 [ 600/1110]  loss=1.3603
  epoch 002 [ 700/1110]  loss=1.3268
  epoch 002 [ 800/1110]  loss=1.2974
  epoch 002 [ 900/1110]  loss=1.2691
  epoch 002 [1000/1110]  loss=1.2444
  epoch 002 [1100/1110]  loss=1.2227
epoch 002 | train_loss=1.2205 | val_loss=0.9288 | val_acc=0.8845 | val_f1=0.8637 | lr=4.00e-04
  epoch 003 [ 100/1110]  loss=0.9921
  epoch 003 [ 200/1110]  loss=0.9802
  epoch 003 [ 300/1110]  loss=0.9728
  epoch 003 [ 400/1110]  loss=0.9650
  epoch 003 [ 500/1110]  loss=0.9572
  epoch 003 [ 600/1110]  loss=0.9481
  epoch 003 [ 700/1110]  loss=0.9410
  epoch 003 [ 800/1110]  loss=0.9338
  epoch 003 [ 900/1110]  loss=0.9266
  epoch 003 [1000/1110]  loss=0.9224
  epoch 003 [1100/1110]  loss=0.9165
epoch 003 | train_loss=0.9160 | val_loss=0.8767 | val_acc=0.8745 | val_f1=0.8475 | lr=6.00e-04
  epoch 004 [ 100/1110]  loss=0.8666
  epoch 004 [ 200/1110]  loss=0.8605
  epoch 004 [ 300/1110]  loss=0.8583
  epoch 004 [ 400/1110]  loss=0.8560
  epoch 004 [ 500/1110]  loss=0.8527
  epoch 004 [ 600/1110]  loss=0.8484
  epoch 004 [ 700/1110]  loss=0.8450
  epoch 004 [ 800/1110]  loss=0.8419
  epoch 004 [ 900/1110]  loss=0.8378
  epoch 004 [1000/1110]  loss=0.8352
  epoch 004 [1100/1110]  loss=0.8330
epoch 004 | train_loss=0.8327 | val_loss=0.7381 | val_acc=0.9316 | val_f1=0.9147 | lr=8.00e-04
  epoch 005 [ 100/1110]  loss=0.8071
  epoch 005 [ 200/1110]  loss=0.7986
  epoch 005 [ 300/1110]  loss=0.7996
  epoch 005 [ 400/1110]  loss=0.7973
  epoch 005 [ 500/1110]  loss=0.7956
  epoch 005 [ 600/1110]  loss=0.7935
  epoch 005 [ 700/1110]  loss=0.7909
  epoch 005 [ 800/1110]  loss=0.7891
  epoch 005 [ 900/1110]  loss=0.7872
  epoch 005 [1000/1110]  loss=0.7864
  epoch 005 [1100/1110]  loss=0.7853
epoch 005 | train_loss=0.7853 | val_loss=0.7282 | val_acc=0.9287 | val_f1=0.9120 | lr=1.00e-03
  epoch 006 [ 100/1110]  loss=0.7625
  epoch 006 [ 200/1110]  loss=0.7602
  epoch 006 [ 300/1110]  loss=0.7617
  epoch 006 [ 400/1110]  loss=0.7611
  epoch 006 [ 500/1110]  loss=0.7611
  epoch 006 [ 600/1110]  loss=0.7601
  epoch 006 [ 700/1110]  loss=0.7594
  epoch 006 [ 800/1110]  loss=0.7581
  epoch 006 [ 900/1110]  loss=0.7582
  epoch 006 [1000/1110]  loss=0.7564
  epoch 006 [1100/1110]  loss=0.7556
epoch 006 | train_loss=0.7556 | val_loss=0.7225 | val_acc=0.9261 | val_f1=0.9085 | lr=9.99e-04
  epoch 007 [ 100/1110]  loss=0.7583
  epoch 007 [ 200/1110]  loss=0.7496
  epoch 007 [ 300/1110]  loss=0.7457
  epoch 007 [ 400/1110]  loss=0.7474
  epoch 007 [ 500/1110]  loss=0.7470
  epoch 007 [ 600/1110]  loss=0.7468
  epoch 007 [ 700/1110]  loss=0.7457
  epoch 007 [ 800/1110]  loss=0.7446
  epoch 007 [ 900/1110]  loss=0.7441
  epoch 007 [1000/1110]  loss=0.7431
  epoch 007 [1100/1110]  loss=0.7427
epoch 007 | train_loss=0.7427 | val_loss=0.6982 | val_acc=0.9360 | val_f1=0.9199 | lr=9.97e-04
  epoch 008 [ 100/1110]  loss=0.7332
  epoch 008 [ 200/1110]  loss=0.7371
  epoch 008 [ 300/1110]  loss=0.7373
  epoch 008 [ 400/1110]  loss=0.7336
  epoch 008 [ 500/1110]  loss=0.7333
  epoch 008 [ 600/1110]  loss=0.7332
  epoch 008 [ 700/1110]  loss=0.7332
  epoch 008 [ 800/1110]  loss=0.7340
  epoch 008 [ 900/1110]  loss=0.7330
  epoch 008 [1000/1110]  loss=0.7326
  epoch 008 [1100/1110]  loss=0.7326
epoch 008 | train_loss=0.7326 | val_loss=0.6923 | val_acc=0.9385 | val_f1=0.9219 | lr=9.93e-04
  epoch 009 [ 100/1110]  loss=0.7308
  epoch 009 [ 200/1110]  loss=0.7328
  epoch 009 [ 300/1110]  loss=0.7288
  epoch 009 [ 400/1110]  loss=0.7293
  epoch 009 [ 500/1110]  loss=0.7282
  epoch 009 [ 600/1110]  loss=0.7270
  epoch 009 [ 700/1110]  loss=0.7272
  epoch 009 [ 800/1110]  loss=0.7260
  epoch 009 [ 900/1110]  loss=0.7259
  epoch 009 [1000/1110]  loss=0.7262
  epoch 009 [1100/1110]  loss=0.7264
epoch 009 | train_loss=0.7264 | val_loss=0.6765 | val_acc=0.9450 | val_f1=0.9284 | lr=9.87e-04
  epoch 010 [ 100/1110]  loss=0.7198
  epoch 010 [ 200/1110]  loss=0.7273
  epoch 010 [ 300/1110]  loss=0.7237
  epoch 010 [ 400/1110]  loss=0.7227
  epoch 010 [ 500/1110]  loss=0.7220
  epoch 010 [ 600/1110]  loss=0.7222
  epoch 010 [ 700/1110]  loss=0.7220
  epoch 010 [ 800/1110]  loss=0.7216
  epoch 010 [ 900/1110]  loss=0.7215
  epoch 010 [1000/1110]  loss=0.7211
  epoch 010 [1100/1110]  loss=0.7209
epoch 010 | train_loss=0.7209 | val_loss=0.6818 | val_acc=0.9416 | val_f1=0.9249 | lr=9.80e-04
  epoch 011 [ 100/1110]  loss=0.7180
  epoch 011 [ 200/1110]  loss=0.7182
  epoch 011 [ 300/1110]  loss=0.7184
  epoch 011 [ 400/1110]  loss=0.7178
  epoch 011 [ 500/1110]  loss=0.7179
  epoch 011 [ 600/1110]  loss=0.7179
  epoch 011 [ 700/1110]  loss=0.7170
  epoch 011 [ 800/1110]  loss=0.7167
  epoch 011 [ 900/1110]  loss=0.7168
  epoch 011 [1000/1110]  loss=0.7162
  epoch 011 [1100/1110]  loss=0.7164
epoch 011 | train_loss=0.7165 | val_loss=0.6906 | val_acc=0.9376 | val_f1=0.9210 | lr=9.71e-04
  epoch 012 [ 100/1110]  loss=0.7115
  epoch 012 [ 200/1110]  loss=0.7141
  epoch 012 [ 300/1110]  loss=0.7158
  epoch 012 [ 400/1110]  loss=0.7179
  epoch 012 [ 500/1110]  loss=0.7161
  epoch 012 [ 600/1110]  loss=0.7169
  epoch 012 [ 700/1110]  loss=0.7154
  epoch 012 [ 800/1110]  loss=0.7152
  epoch 012 [ 900/1110]  loss=0.7144
  epoch 012 [1000/1110]  loss=0.7138
  epoch 012 [1100/1110]  loss=0.7135
epoch 012 | train_loss=0.7134 | val_loss=0.6764 | val_acc=0.9432 | val_f1=0.9265 | lr=9.61e-04
  epoch 013 [ 100/1110]  loss=0.7197
  epoch 013 [ 200/1110]  loss=0.7153
  epoch 013 [ 300/1110]  loss=0.7150
  epoch 013 [ 400/1110]  loss=0.7145
  epoch 013 [ 500/1110]  loss=0.7137
  epoch 013 [ 600/1110]  loss=0.7131
  epoch 013 [ 700/1110]  loss=0.7124
  epoch 013 [ 800/1110]  loss=0.7117
  epoch 013 [ 900/1110]  loss=0.7111
  epoch 013 [1000/1110]  loss=0.7115
  epoch 013 [1100/1110]  loss=0.7120
epoch 013 | train_loss=0.7119 | val_loss=0.6754 | val_acc=0.9445 | val_f1=0.9279 | lr=9.49e-04
  epoch 014 [ 100/1110]  loss=0.7126
  epoch 014 [ 200/1110]  loss=0.7116
  epoch 014 [ 300/1110]  loss=0.7122
  epoch 014 [ 400/1110]  loss=0.7097
  epoch 014 [ 500/1110]  loss=0.7098
  epoch 014 [ 600/1110]  loss=0.7090
  epoch 014 [ 700/1110]  loss=0.7081
  epoch 014 [ 800/1110]  loss=0.7086
  epoch 014 [ 900/1110]  loss=0.7082
  epoch 014 [1000/1110]  loss=0.7089
  epoch 014 [1100/1110]  loss=0.7085
epoch 014 | train_loss=0.7083 | val_loss=0.6749 | val_acc=0.9432 | val_f1=0.9269 | lr=9.36e-04
  epoch 015 [ 100/1110]  loss=0.7086
  epoch 015 [ 200/1110]  loss=0.7075
  epoch 015 [ 300/1110]  loss=0.7057
  epoch 015 [ 400/1110]  loss=0.7051
  epoch 015 [ 500/1110]  loss=0.7052
  epoch 015 [ 600/1110]  loss=0.7054
  epoch 015 [ 700/1110]  loss=0.7062
  epoch 015 [ 800/1110]  loss=0.7063
  epoch 015 [ 900/1110]  loss=0.7071
  epoch 015 [1000/1110]  loss=0.7074
  epoch 015 [1100/1110]  loss=0.7071
epoch 015 | train_loss=0.7072 | val_loss=0.6792 | val_acc=0.9397 | val_f1=0.9230 | lr=9.21e-04
  epoch 016 [ 100/1110]  loss=0.7109
  epoch 016 [ 200/1110]  loss=0.7056
  epoch 016 [ 300/1110]  loss=0.7054
  epoch 016 [ 400/1110]  loss=0.7065
  epoch 016 [ 500/1110]  loss=0.7056
  epoch 016 [ 600/1110]  loss=0.7054
  epoch 016 [ 700/1110]  loss=0.7061
  epoch 016 [ 800/1110]  loss=0.7052
  epoch 016 [ 900/1110]  loss=0.7054
  epoch 016 [1000/1110]  loss=0.7047
  epoch 016 [1100/1110]  loss=0.7051
epoch 016 | train_loss=0.7052 | val_loss=0.6789 | val_acc=0.9447 | val_f1=0.9297 | lr=9.05e-04
  epoch 017 [ 100/1110]  loss=0.6974
  epoch 017 [ 200/1110]  loss=0.7036
  epoch 017 [ 300/1110]  loss=0.7017
  epoch 017 [ 400/1110]  loss=0.7028
  epoch 017 [ 500/1110]  loss=0.7040
  epoch 017 [ 600/1110]  loss=0.7030
  epoch 017 [ 700/1110]  loss=0.7025
  epoch 017 [ 800/1110]  loss=0.7027
  epoch 017 [ 900/1110]  loss=0.7023
  epoch 017 [1000/1110]  loss=0.7029
  epoch 017 [1100/1110]  loss=0.7027
epoch 017 | train_loss=0.7028 | val_loss=0.6782 | val_acc=0.9399 | val_f1=0.9232 | lr=8.88e-04
  epoch 018 [ 100/1110]  loss=0.7064
  epoch 018 [ 200/1110]  loss=0.7043
  epoch 018 [ 300/1110]  loss=0.7032
  epoch 018 [ 400/1110]  loss=0.7017
  epoch 018 [ 500/1110]  loss=0.7015
  epoch 018 [ 600/1110]  loss=0.7015
  epoch 018 [ 700/1110]  loss=0.7020
  epoch 018 [ 800/1110]  loss=0.7017
  epoch 018 [ 900/1110]  loss=0.7014
  epoch 018 [1000/1110]  loss=0.7019
  epoch 018 [1100/1110]  loss=0.7011
epoch 018 | train_loss=0.7009 | val_loss=0.6753 | val_acc=0.9410 | val_f1=0.9244 | lr=8.70e-04
  epoch 019 [ 100/1110]  loss=0.7048
  epoch 019 [ 200/1110]  loss=0.7036
  epoch 019 [ 300/1110]  loss=0.7011
  epoch 019 [ 400/1110]  loss=0.7003
  epoch 019 [ 500/1110]  loss=0.6997
  epoch 019 [ 600/1110]  loss=0.6993
  epoch 019 [ 700/1110]  loss=0.6995
  epoch 019 [ 800/1110]  loss=0.6997
  epoch 019 [ 900/1110]  loss=0.6996
  epoch 019 [1000/1110]  loss=0.6997
  epoch 019 [1100/1110]  loss=0.7003
epoch 019 | train_loss=0.7001 | val_loss=0.6693 | val_acc=0.9470 | val_f1=0.9405 | lr=8.50e-04
  epoch 020 [ 100/1110]  loss=0.7002
  epoch 020 [ 200/1110]  loss=0.6996
  epoch 020 [ 300/1110]  loss=0.6982
  epoch 020 [ 400/1110]  loss=0.6974
  epoch 020 [ 500/1110]  loss=0.6987
  epoch 020 [ 600/1110]  loss=0.6990
  epoch 020 [ 700/1110]  loss=0.6995
  epoch 020 [ 800/1110]  loss=0.6995
  epoch 020 [ 900/1110]  loss=0.6994
  epoch 020 [1000/1110]  loss=0.6993
  epoch 020 [1100/1110]  loss=0.6989
epoch 020 | train_loss=0.6990 | val_loss=0.6692 | val_acc=0.9461 | val_f1=0.9294 | lr=8.29e-04
  epoch 021 [ 100/1110]  loss=0.6951
  epoch 021 [ 200/1110]  loss=0.6993
  epoch 021 [ 300/1110]  loss=0.7000
  epoch 021 [ 400/1110]  loss=0.7000
  epoch 021 [ 500/1110]  loss=0.6991
  epoch 021 [ 600/1110]  loss=0.6983
  epoch 021 [ 700/1110]  loss=0.6988
  epoch 021 [ 800/1110]  loss=0.6987
  epoch 021 [ 900/1110]  loss=0.6989
  epoch 021 [1000/1110]  loss=0.6990
  epoch 021 [1100/1110]  loss=0.6989
epoch 021 | train_loss=0.6988 | val_loss=0.6710 | val_acc=0.9447 | val_f1=0.9281 | lr=8.07e-04
  epoch 022 [ 100/1110]  loss=0.6989
  epoch 022 [ 200/1110]  loss=0.6995
  epoch 022 [ 300/1110]  loss=0.6986
  epoch 022 [ 400/1110]  loss=0.6988
  epoch 022 [ 500/1110]  loss=0.6984
  epoch 022 [ 600/1110]  loss=0.6973
  epoch 022 [ 700/1110]  loss=0.6983
  epoch 022 [ 800/1110]  loss=0.6988
  epoch 022 [ 900/1110]  loss=0.6982
  epoch 022 [1000/1110]  loss=0.6986
  epoch 022 [1100/1110]  loss=0.6986
epoch 022 | train_loss=0.6987 | val_loss=0.6672 | val_acc=0.9460 | val_f1=0.9293 | lr=7.84e-04
  epoch 023 [ 100/1110]  loss=0.7032
  epoch 023 [ 200/1110]  loss=0.7024
  epoch 023 [ 300/1110]  loss=0.7015
  epoch 023 [ 400/1110]  loss=0.7020
  epoch 023 [ 500/1110]  loss=0.7009
  epoch 023 [ 600/1110]  loss=0.6994
  epoch 023 [ 700/1110]  loss=0.6989
  epoch 023 [ 800/1110]  loss=0.6980
  epoch 023 [ 900/1110]  loss=0.6979
  epoch 023 [1000/1110]  loss=0.6975
  epoch 023 [1100/1110]  loss=0.6974
epoch 023 | train_loss=0.6975 | val_loss=0.6805 | val_acc=0.9394 | val_f1=0.9228 | lr=7.61e-04
  epoch 024 [ 100/1110]  loss=0.6990
  epoch 024 [ 200/1110]  loss=0.6945
  epoch 024 [ 300/1110]  loss=0.6943
  epoch 024 [ 400/1110]  loss=0.6945
  epoch 024 [ 500/1110]  loss=0.6955
  epoch 024 [ 600/1110]  loss=0.6955
  epoch 024 [ 700/1110]  loss=0.6955
  epoch 024 [ 800/1110]  loss=0.6950
  epoch 024 [ 900/1110]  loss=0.6948
  epoch 024 [1000/1110]  loss=0.6953
  epoch 024 [1100/1110]  loss=0.6953
epoch 024 | train_loss=0.6956 | val_loss=0.6717 | val_acc=0.9457 | val_f1=0.9291 | lr=7.36e-04
  epoch 025 [ 100/1110]  loss=0.6930
  epoch 025 [ 200/1110]  loss=0.6944
  epoch 025 [ 300/1110]  loss=0.6935
  epoch 025 [ 400/1110]  loss=0.6936
  epoch 025 [ 500/1110]  loss=0.6949
  epoch 025 [ 600/1110]  loss=0.6952
  epoch 025 [ 700/1110]  loss=0.6951
  epoch 025 [ 800/1110]  loss=0.6949
  epoch 025 [ 900/1110]  loss=0.6948
  epoch 025 [1000/1110]  loss=0.6944
  epoch 025 [1100/1110]  loss=0.6947
epoch 025 | train_loss=0.6948 | val_loss=0.6676 | val_acc=0.9475 | val_f1=0.9465 | lr=7.11e-04
  epoch 026 [ 100/1110]  loss=0.6919
  epoch 026 [ 200/1110]  loss=0.6942
  epoch 026 [ 300/1110]  loss=0.6940
  epoch 026 [ 400/1110]  loss=0.6940
  epoch 026 [ 500/1110]  loss=0.6947
  epoch 026 [ 600/1110]  loss=0.6951
  epoch 026 [ 700/1110]  loss=0.6953
  epoch 026 [ 800/1110]  loss=0.6954
  epoch 026 [ 900/1110]  loss=0.6947
  epoch 026 [1000/1110]  loss=0.6944
  epoch 026 [1100/1110]  loss=0.6943
epoch 026 | train_loss=0.6943 | val_loss=0.6683 | val_acc=0.9454 | val_f1=0.9288 | lr=6.85e-04
  epoch 027 [ 100/1110]  loss=0.6867
  epoch 027 [ 200/1110]  loss=0.6882
  epoch 027 [ 300/1110]  loss=0.6889
  epoch 027 [ 400/1110]  loss=0.6897
  epoch 027 [ 500/1110]  loss=0.6907
  epoch 027 [ 600/1110]  loss=0.6915
  epoch 027 [ 700/1110]  loss=0.6915
  epoch 027 [ 800/1110]  loss=0.6919
  epoch 027 [ 900/1110]  loss=0.6916
  epoch 027 [1000/1110]  loss=0.6922
  epoch 027 [1100/1110]  loss=0.6922
epoch 027 | train_loss=0.6923 | val_loss=0.6674 | val_acc=0.9462 | val_f1=0.9295 | lr=6.58e-04
  epoch 028 [ 100/1110]  loss=0.6942
  epoch 028 [ 200/1110]  loss=0.6930
  epoch 028 [ 300/1110]  loss=0.6921
  epoch 028 [ 400/1110]  loss=0.6915
  epoch 028 [ 500/1110]  loss=0.6913
  epoch 028 [ 600/1110]  loss=0.6915
  epoch 028 [ 700/1110]  loss=0.6915
  epoch 028 [ 800/1110]  loss=0.6920
  epoch 028 [ 900/1110]  loss=0.6918
  epoch 028 [1000/1110]  loss=0.6921
  epoch 028 [1100/1110]  loss=0.6922
epoch 028 | train_loss=0.6923 | val_loss=0.6650 | val_acc=0.9469 | val_f1=0.9303 | lr=6.31e-04
  epoch 029 [ 100/1110]  loss=0.6904
  epoch 029 [ 200/1110]  loss=0.6884
  epoch 029 [ 300/1110]  loss=0.6878
  epoch 029 [ 400/1110]  loss=0.6876
  epoch 029 [ 500/1110]  loss=0.6876
  epoch 029 [ 600/1110]  loss=0.6884
  epoch 029 [ 700/1110]  loss=0.6890
  epoch 029 [ 800/1110]  loss=0.6899
  epoch 029 [ 900/1110]  loss=0.6907
  epoch 029 [1000/1110]  loss=0.6913
  epoch 029 [1100/1110]  loss=0.6919
epoch 029 | train_loss=0.6919 | val_loss=0.6694 | val_acc=0.9449 | val_f1=0.9282 | lr=6.03e-04
  epoch 030 [ 100/1110]  loss=0.6889
  epoch 030 [ 200/1110]  loss=0.6903
  epoch 030 [ 300/1110]  loss=0.6901
  epoch 030 [ 400/1110]  loss=0.6904
  epoch 030 [ 500/1110]  loss=0.6902
  epoch 030 [ 600/1110]  loss=0.6900
  epoch 030 [ 700/1110]  loss=0.6902
  epoch 030 [ 800/1110]  loss=0.6900
  epoch 030 [ 900/1110]  loss=0.6900
  epoch 030 [1000/1110]  loss=0.6895
  epoch 030 [1100/1110]  loss=0.6901
epoch 030 | train_loss=0.6901 | val_loss=0.6660 | val_acc=0.9462 | val_f1=0.9335 | lr=5.75e-04
  epoch 031 [ 100/1110]  loss=0.6902
  epoch 031 [ 200/1110]  loss=0.6902
  epoch 031 [ 300/1110]  loss=0.6911
  epoch 031 [ 400/1110]  loss=0.6900
  epoch 031 [ 500/1110]  loss=0.6904
  epoch 031 [ 600/1110]  loss=0.6900
  epoch 031 [ 700/1110]  loss=0.6900
  epoch 031 [ 800/1110]  loss=0.6900
  epoch 031 [ 900/1110]  loss=0.6899
  epoch 031 [1000/1110]  loss=0.6895
  epoch 031 [1100/1110]  loss=0.6894
epoch 031 | train_loss=0.6895 | val_loss=0.6665 | val_acc=0.9463 | val_f1=0.9297 | lr=5.47e-04
  epoch 032 [ 100/1110]  loss=0.6848
  epoch 032 [ 200/1110]  loss=0.6877
  epoch 032 [ 300/1110]  loss=0.6893
  epoch 032 [ 400/1110]  loss=0.6886
  epoch 032 [ 500/1110]  loss=0.6892
  epoch 032 [ 600/1110]  loss=0.6893
  epoch 032 [ 700/1110]  loss=0.6891
  epoch 032 [ 800/1110]  loss=0.6889
  epoch 032 [ 900/1110]  loss=0.6890
  epoch 032 [1000/1110]  loss=0.6893
  epoch 032 [1100/1110]  loss=0.6898
epoch 032 | train_loss=0.6896 | val_loss=0.6646 | val_acc=0.9470 | val_f1=0.9303 | lr=5.19e-04
  epoch 033 [ 100/1110]  loss=0.6904
  epoch 033 [ 200/1110]  loss=0.6900
  epoch 033 [ 300/1110]  loss=0.6903
  epoch 033 [ 400/1110]  loss=0.6914
  epoch 033 [ 500/1110]  loss=0.6911
  epoch 033 [ 600/1110]  loss=0.6899
  epoch 033 [ 700/1110]  loss=0.6897
  epoch 033 [ 800/1110]  loss=0.6890
  epoch 033 [ 900/1110]  loss=0.6894
  epoch 033 [1000/1110]  loss=0.6888
  epoch 033 [1100/1110]  loss=0.6887
epoch 033 | train_loss=0.6888 | val_loss=0.6649 | val_acc=0.9457 | val_f1=0.9355 | lr=4.91e-04
  epoch 034 [ 100/1110]  loss=0.6920
  epoch 034 [ 200/1110]  loss=0.6902
  epoch 034 [ 300/1110]  loss=0.6903
  epoch 034 [ 400/1110]  loss=0.6894
  epoch 034 [ 500/1110]  loss=0.6895
  epoch 034 [ 600/1110]  loss=0.6891
  epoch 034 [ 700/1110]  loss=0.6892
  epoch 034 [ 800/1110]  loss=0.6891
  epoch 034 [ 900/1110]  loss=0.6884
  epoch 034 [1000/1110]  loss=0.6887
  epoch 034 [1100/1110]  loss=0.6885
epoch 034 | train_loss=0.6887 | val_loss=0.6638 | val_acc=0.9488 | val_f1=0.9485 | lr=4.63e-04
  epoch 035 [ 100/1110]  loss=0.6847
  epoch 035 [ 200/1110]  loss=0.6879
  epoch 035 [ 300/1110]  loss=0.6870
  epoch 035 [ 400/1110]  loss=0.6878
  epoch 035 [ 500/1110]  loss=0.6870
  epoch 035 [ 600/1110]  loss=0.6865
  epoch 035 [ 700/1110]  loss=0.6862
  epoch 035 [ 800/1110]  loss=0.6863
  epoch 035 [ 900/1110]  loss=0.6862
  epoch 035 [1000/1110]  loss=0.6867
  epoch 035 [1100/1110]  loss=0.6868
epoch 035 | train_loss=0.6868 | val_loss=0.6643 | val_acc=0.9465 | val_f1=0.9298 | lr=4.35e-04
  epoch 036 [ 100/1110]  loss=0.6898
  epoch 036 [ 200/1110]  loss=0.6873
  epoch 036 [ 300/1110]  loss=0.6871
  epoch 036 [ 400/1110]  loss=0.6870
  epoch 036 [ 500/1110]  loss=0.6868
  epoch 036 [ 600/1110]  loss=0.6873
  epoch 036 [ 700/1110]  loss=0.6868
  epoch 036 [ 800/1110]  loss=0.6866
  epoch 036 [ 900/1110]  loss=0.6870
  epoch 036 [1000/1110]  loss=0.6873
  epoch 036 [1100/1110]  loss=0.6869
epoch 036 | train_loss=0.6869 | val_loss=0.6655 | val_acc=0.9462 | val_f1=0.9296 | lr=4.07e-04
  epoch 037 [ 100/1110]  loss=0.6846
  epoch 037 [ 200/1110]  loss=0.6857
  epoch 037 [ 300/1110]  loss=0.6848
  epoch 037 [ 400/1110]  loss=0.6842
  epoch 037 [ 500/1110]  loss=0.6844
  epoch 037 [ 600/1110]  loss=0.6851
  epoch 037 [ 700/1110]  loss=0.6852
  epoch 037 [ 800/1110]  loss=0.6853
  epoch 037 [ 900/1110]  loss=0.6855
  epoch 037 [1000/1110]  loss=0.6859
  epoch 037 [1100/1110]  loss=0.6861
epoch 037 | train_loss=0.6861 | val_loss=0.6702 | val_acc=0.9435 | val_f1=0.9269 | lr=3.79e-04
  epoch 038 [ 100/1110]  loss=0.6854
  epoch 038 [ 200/1110]  loss=0.6864
  epoch 038 [ 300/1110]  loss=0.6859
  epoch 038 [ 400/1110]  loss=0.6845
  epoch 038 [ 500/1110]  loss=0.6844
  epoch 038 [ 600/1110]  loss=0.6843
  epoch 038 [ 700/1110]  loss=0.6857
  epoch 038 [ 800/1110]  loss=0.6864
  epoch 038 [ 900/1110]  loss=0.6864
  epoch 038 [1000/1110]  loss=0.6864
  epoch 038 [1100/1110]  loss=0.6863
epoch 038 | train_loss=0.6863 | val_loss=0.6621 | val_acc=0.9478 | val_f1=0.9313 | lr=3.52e-04
  epoch 039 [ 100/1110]  loss=0.6876
  epoch 039 [ 200/1110]  loss=0.6849
  epoch 039 [ 300/1110]  loss=0.6862
  epoch 039 [ 400/1110]  loss=0.6852
  epoch 039 [ 500/1110]  loss=0.6853
  epoch 039 [ 600/1110]  loss=0.6858
  epoch 039 [ 700/1110]  loss=0.6850
  epoch 039 [ 800/1110]  loss=0.6847
  epoch 039 [ 900/1110]  loss=0.6851
  epoch 039 [1000/1110]  loss=0.6847
  epoch 039 [1100/1110]  loss=0.6850
epoch 039 | train_loss=0.6850 | val_loss=0.6623 | val_acc=0.9477 | val_f1=0.9311 | lr=3.25e-04
  epoch 040 [ 100/1110]  loss=0.6810
  epoch 040 [ 200/1110]  loss=0.6837
  epoch 040 [ 300/1110]  loss=0.6827
  epoch 040 [ 400/1110]  loss=0.6820
  epoch 040 [ 500/1110]  loss=0.6820
  epoch 040 [ 600/1110]  loss=0.6826
  epoch 040 [ 700/1110]  loss=0.6827
  epoch 040 [ 800/1110]  loss=0.6837
  epoch 040 [ 900/1110]  loss=0.6841
  epoch 040 [1000/1110]  loss=0.6838
  epoch 040 [1100/1110]  loss=0.6837
epoch 040 | train_loss=0.6838 | val_loss=0.6611 | val_acc=0.9480 | val_f1=0.9319 | lr=2.99e-04
  epoch 041 [ 100/1110]  loss=0.6863
  epoch 041 [ 200/1110]  loss=0.6827
  epoch 041 [ 300/1110]  loss=0.6835
  epoch 041 [ 400/1110]  loss=0.6838
  epoch 041 [ 500/1110]  loss=0.6833
  epoch 041 [ 600/1110]  loss=0.6845
  epoch 041 [ 700/1110]  loss=0.6847
  epoch 041 [ 800/1110]  loss=0.6844
  epoch 041 [ 900/1110]  loss=0.6841
  epoch 041 [1000/1110]  loss=0.6839
  epoch 041 [1100/1110]  loss=0.6840
epoch 041 | train_loss=0.6840 | val_loss=0.6633 | val_acc=0.9475 | val_f1=0.9309 | lr=2.74e-04
  epoch 042 [ 100/1110]  loss=0.6817
  epoch 042 [ 200/1110]  loss=0.6835
  epoch 042 [ 300/1110]  loss=0.6835
  epoch 042 [ 400/1110]  loss=0.6834
  epoch 042 [ 500/1110]  loss=0.6839
  epoch 042 [ 600/1110]  loss=0.6838
  epoch 042 [ 700/1110]  loss=0.6836
  epoch 042 [ 800/1110]  loss=0.6839
  epoch 042 [ 900/1110]  loss=0.6835
  epoch 042 [1000/1110]  loss=0.6835
  epoch 042 [1100/1110]  loss=0.6835
epoch 042 | train_loss=0.6834 | val_loss=0.6614 | val_acc=0.9483 | val_f1=0.9317 | lr=2.49e-04
  epoch 043 [ 100/1110]  loss=0.6804
  epoch 043 [ 200/1110]  loss=0.6817
  epoch 043 [ 300/1110]  loss=0.6823
  epoch 043 [ 400/1110]  loss=0.6826
  epoch 043 [ 500/1110]  loss=0.6832
  epoch 043 [ 600/1110]  loss=0.6836
  epoch 043 [ 700/1110]  loss=0.6834
  epoch 043 [ 800/1110]  loss=0.6837
  epoch 043 [ 900/1110]  loss=0.6837
  epoch 043 [1000/1110]  loss=0.6837
  epoch 043 [1100/1110]  loss=0.6833
epoch 043 | train_loss=0.6833 | val_loss=0.6626 | val_acc=0.9480 | val_f1=0.9314 | lr=2.26e-04
  epoch 044 [ 100/1110]  loss=0.6844
  epoch 044 [ 200/1110]  loss=0.6849
  epoch 044 [ 300/1110]  loss=0.6833
  epoch 044 [ 400/1110]  loss=0.6836
  epoch 044 [ 500/1110]  loss=0.6835
  epoch 044 [ 600/1110]  loss=0.6832
  epoch 044 [ 700/1110]  loss=0.6830
  epoch 044 [ 800/1110]  loss=0.6833
  epoch 044 [ 900/1110]  loss=0.6830
  epoch 044 [1000/1110]  loss=0.6829
  epoch 044 [1100/1110]  loss=0.6828
epoch 044 | train_loss=0.6828 | val_loss=0.6618 | val_acc=0.9473 | val_f1=0.9310 | lr=2.03e-04
  epoch 045 [ 100/1110]  loss=0.6842
  epoch 045 [ 200/1110]  loss=0.6835
  epoch 045 [ 300/1110]  loss=0.6847
  epoch 045 [ 400/1110]  loss=0.6845
  epoch 045 [ 500/1110]  loss=0.6833
  epoch 045 [ 600/1110]  loss=0.6831
  epoch 045 [ 700/1110]  loss=0.6829
  epoch 045 [ 800/1110]  loss=0.6823
  epoch 045 [ 900/1110]  loss=0.6820
  epoch 045 [1000/1110]  loss=0.6816
  epoch 045 [1100/1110]  loss=0.6821
epoch 045 | train_loss=0.6822 | val_loss=0.6632 | val_acc=0.9465 | val_f1=0.9299 | lr=1.81e-04
  epoch 046 [ 100/1110]  loss=0.6865
  epoch 046 [ 200/1110]  loss=0.6817
  epoch 046 [ 300/1110]  loss=0.6823
  epoch 046 [ 400/1110]  loss=0.6827
  epoch 046 [ 500/1110]  loss=0.6830
  epoch 046 [ 600/1110]  loss=0.6832
  epoch 046 [ 700/1110]  loss=0.6832
  epoch 046 [ 800/1110]  loss=0.6830
  epoch 046 [ 900/1110]  loss=0.6832
  epoch 046 [1000/1110]  loss=0.6826
  epoch 046 [1100/1110]  loss=0.6825
epoch 046 | train_loss=0.6826 | val_loss=0.6634 | val_acc=0.9466 | val_f1=0.9299 | lr=1.60e-04
  epoch 047 [ 100/1110]  loss=0.6859
  epoch 047 [ 200/1110]  loss=0.6815
  epoch 047 [ 300/1110]  loss=0.6813
  epoch 047 [ 400/1110]  loss=0.6826
  epoch 047 [ 500/1110]  loss=0.6812
  epoch 047 [ 600/1110]  loss=0.6816
  epoch 047 [ 700/1110]  loss=0.6816
  epoch 047 [ 800/1110]  loss=0.6810
  epoch 047 [ 900/1110]  loss=0.6814
  epoch 047 [1000/1110]  loss=0.6817
  epoch 047 [1100/1110]  loss=0.6817
epoch 047 | train_loss=0.6816 | val_loss=0.6626 | val_acc=0.9468 | val_f1=0.9302 | lr=1.40e-04
  epoch 048 [ 100/1110]  loss=0.6821
  epoch 048 [ 200/1110]  loss=0.6824
  epoch 048 [ 300/1110]  loss=0.6816
  epoch 048 [ 400/1110]  loss=0.6822
  epoch 048 [ 500/1110]  loss=0.6821
  epoch 048 [ 600/1110]  loss=0.6822
  epoch 048 [ 700/1110]  loss=0.6818
  epoch 048 [ 800/1110]  loss=0.6819
  epoch 048 [ 900/1110]  loss=0.6818
  epoch 048 [1000/1110]  loss=0.6818
  epoch 048 [1100/1110]  loss=0.6817
epoch 048 | train_loss=0.6818 | val_loss=0.6616 | val_acc=0.9477 | val_f1=0.9310 | lr=1.22e-04
  epoch 049 [ 100/1110]  loss=0.6829
  epoch 049 [ 200/1110]  loss=0.6821
  epoch 049 [ 300/1110]  loss=0.6822
  epoch 049 [ 400/1110]  loss=0.6821
  epoch 049 [ 500/1110]  loss=0.6823
  epoch 049 [ 600/1110]  loss=0.6825
  epoch 049 [ 700/1110]  loss=0.6825
  epoch 049 [ 800/1110]  loss=0.6819
  epoch 049 [ 900/1110]  loss=0.6821
  epoch 049 [1000/1110]  loss=0.6819
  epoch 049 [1100/1110]  loss=0.6818
epoch 049 | train_loss=0.6817 | val_loss=0.6616 | val_acc=0.9473 | val_f1=0.9306 | lr=1.05e-04
  epoch 050 [ 100/1110]  loss=0.6799
  epoch 050 [ 200/1110]  loss=0.6797
  epoch 050 [ 300/1110]  loss=0.6803
  epoch 050 [ 400/1110]  loss=0.6807
  epoch 050 [ 500/1110]  loss=0.6799
  epoch 050 [ 600/1110]  loss=0.6799
  epoch 050 [ 700/1110]  loss=0.6800
  epoch 050 [ 800/1110]  loss=0.6802
  epoch 050 [ 900/1110]  loss=0.6805
  epoch 050 [1000/1110]  loss=0.6804
  epoch 050 [1100/1110]  loss=0.6802
epoch 050 | train_loss=0.6803 | val_loss=0.6606 | val_acc=0.9480 | val_f1=0.9314 | lr=8.86e-05
  epoch 051 [ 100/1110]  loss=0.6837
  epoch 051 [ 200/1110]  loss=0.6841
  epoch 051 [ 300/1110]  loss=0.6834
  epoch 051 [ 400/1110]  loss=0.6818
  epoch 051 [ 500/1110]  loss=0.6824
  epoch 051 [ 600/1110]  loss=0.6822
  epoch 051 [ 700/1110]  loss=0.6814
  epoch 051 [ 800/1110]  loss=0.6813
  epoch 051 [ 900/1110]  loss=0.6812
  epoch 051 [1000/1110]  loss=0.6811
  epoch 051 [1100/1110]  loss=0.6807
epoch 051 | train_loss=0.6807 | val_loss=0.6610 | val_acc=0.9479 | val_f1=0.9313 | lr=7.40e-05
  epoch 052 [ 100/1110]  loss=0.6824
  epoch 052 [ 200/1110]  loss=0.6836
  epoch 052 [ 300/1110]  loss=0.6811
  epoch 052 [ 400/1110]  loss=0.6809
  epoch 052 [ 500/1110]  loss=0.6811
  epoch 052 [ 600/1110]  loss=0.6811
  epoch 052 [ 700/1110]  loss=0.6807
  epoch 052 [ 800/1110]  loss=0.6804
  epoch 052 [ 900/1110]  loss=0.6802
  epoch 052 [1000/1110]  loss=0.6807
  epoch 052 [1100/1110]  loss=0.6808
epoch 052 | train_loss=0.6807 | val_loss=0.6615 | val_acc=0.9478 | val_f1=0.9318 | lr=6.08e-05
  epoch 053 [ 100/1110]  loss=0.6784
  epoch 053 [ 200/1110]  loss=0.6790
  epoch 053 [ 300/1110]  loss=0.6790
  epoch 053 [ 400/1110]  loss=0.6795
  epoch 053 [ 500/1110]  loss=0.6789
  epoch 053 [ 600/1110]  loss=0.6802
  epoch 053 [ 700/1110]  loss=0.6803
  epoch 053 [ 800/1110]  loss=0.6803
  epoch 053 [ 900/1110]  loss=0.6801
  epoch 053 [1000/1110]  loss=0.6804
  epoch 053 [1100/1110]  loss=0.6804
epoch 053 | train_loss=0.6805 | val_loss=0.6605 | val_acc=0.9480 | val_f1=0.9317 | lr=4.90e-05
  epoch 054 [ 100/1110]  loss=0.6837
  epoch 054 [ 200/1110]  loss=0.6815
  epoch 054 [ 300/1110]  loss=0.6807
  epoch 054 [ 400/1110]  loss=0.6807
  epoch 054 [ 500/1110]  loss=0.6802
  epoch 054 [ 600/1110]  loss=0.6804
  epoch 054 [ 700/1110]  loss=0.6809
  epoch 054 [ 800/1110]  loss=0.6808
  epoch 054 [ 900/1110]  loss=0.6806
  epoch 054 [1000/1110]  loss=0.6807
  epoch 054 [1100/1110]  loss=0.6801
epoch 054 | train_loss=0.6800 | val_loss=0.6606 | val_acc=0.9479 | val_f1=0.9315 | lr=3.88e-05
  epoch 055 [ 100/1110]  loss=0.6758
  epoch 055 [ 200/1110]  loss=0.6767
  epoch 055 [ 300/1110]  loss=0.6779
  epoch 055 [ 400/1110]  loss=0.6774
  epoch 055 [ 500/1110]  loss=0.6779
  epoch 055 [ 600/1110]  loss=0.6781
  epoch 055 [ 700/1110]  loss=0.6783
  epoch 055 [ 800/1110]  loss=0.6784
  epoch 055 [ 900/1110]  loss=0.6791
  epoch 055 [1000/1110]  loss=0.6796
  epoch 055 [1100/1110]  loss=0.6796
epoch 055 | train_loss=0.6797 | val_loss=0.6608 | val_acc=0.9483 | val_f1=0.9338 | lr=3.01e-05
  epoch 056 [ 100/1110]  loss=0.6831
  epoch 056 [ 200/1110]  loss=0.6806
  epoch 056 [ 300/1110]  loss=0.6801
  epoch 056 [ 400/1110]  loss=0.6794
  epoch 056 [ 500/1110]  loss=0.6800
  epoch 056 [ 600/1110]  loss=0.6789
  epoch 056 [ 700/1110]  loss=0.6787
  epoch 056 [ 800/1110]  loss=0.6780
  epoch 056 [ 900/1110]  loss=0.6787
  epoch 056 [1000/1110]  loss=0.6786
  epoch 056 [1100/1110]  loss=0.6786
epoch 056 | train_loss=0.6787 | val_loss=0.6601 | val_acc=0.9481 | val_f1=0.9320 | lr=2.29e-05
  epoch 057 [ 100/1110]  loss=0.6804
  epoch 057 [ 200/1110]  loss=0.6787
  epoch 057 [ 300/1110]  loss=0.6799
  epoch 057 [ 400/1110]  loss=0.6791
  epoch 057 [ 500/1110]  loss=0.6794
  epoch 057 [ 600/1110]  loss=0.6794
  epoch 057 [ 700/1110]  loss=0.6789
  epoch 057 [ 800/1110]  loss=0.6791
  epoch 057 [ 900/1110]  loss=0.6791
  epoch 057 [1000/1110]  loss=0.6794
  epoch 057 [1100/1110]  loss=0.6793
epoch 057 | train_loss=0.6793 | val_loss=0.6601 | val_acc=0.9481 | val_f1=0.9330 | lr=1.72e-05
  epoch 058 [ 100/1110]  loss=0.6785
  epoch 058 [ 200/1110]  loss=0.6768
  epoch 058 [ 300/1110]  loss=0.6773
  epoch 058 [ 400/1110]  loss=0.6784
  epoch 058 [ 500/1110]  loss=0.6793
  epoch 058 [ 600/1110]  loss=0.6796
  epoch 058 [ 700/1110]  loss=0.6797
  epoch 058 [ 800/1110]  loss=0.6800
  epoch 058 [ 900/1110]  loss=0.6798
  epoch 058 [1000/1110]  loss=0.6795
  epoch 058 [1100/1110]  loss=0.6794
epoch 058 | train_loss=0.6795 | val_loss=0.6601 | val_acc=0.9485 | val_f1=0.9337 | lr=1.32e-05
  epoch 059 [ 100/1110]  loss=0.6755
  epoch 059 [ 200/1110]  loss=0.6757
  epoch 059 [ 300/1110]  loss=0.6765
  epoch 059 [ 400/1110]  loss=0.6769
  epoch 059 [ 500/1110]  loss=0.6780
  epoch 059 [ 600/1110]  loss=0.6789
  epoch 059 [ 700/1110]  loss=0.6788
  epoch 059 [ 800/1110]  loss=0.6789
  epoch 059 [ 900/1110]  loss=0.6791
  epoch 059 [1000/1110]  loss=0.6791
  epoch 059 [1100/1110]  loss=0.6792
epoch 059 | train_loss=0.6792 | val_loss=0.6602 | val_acc=0.9481 | val_f1=0.9323 | lr=1.08e-05
  epoch 060 [ 100/1110]  loss=0.6826
  epoch 060 [ 200/1110]  loss=0.6814
  epoch 060 [ 300/1110]  loss=0.6796
  epoch 060 [ 400/1110]  loss=0.6796
  epoch 060 [ 500/1110]  loss=0.6803
  epoch 060 [ 600/1110]  loss=0.6794
  epoch 060 [ 700/1110]  loss=0.6794
  epoch 060 [ 800/1110]  loss=0.6799
  epoch 060 [ 900/1110]  loss=0.6800
  epoch 060 [1000/1110]  loss=0.6798
  epoch 060 [1100/1110]  loss=0.6794
epoch 060 | train_loss=0.6793 | val_loss=0.6600 | val_acc=0.9483 | val_f1=0.9325 | lr=1.00e-05

Best val accuracy: 0.9488 (epoch 34)
TorchScript saved → artifacts/stgcn_v2/stgcn_small/model_stgcn.pt
Checkpoint → artifacts/stgcn_v2/stgcn_small/best_model.pt
