Device: mps
Dataset: 133160 samples, 20 classes, input shape per sample: (3, 32, 21)
Model: STGCNGestureNet-jumbo  |  trainable params: 51,773,842
/Users/rickeabati/Library/Python/3.12/lib/python/site-packages/torch/utils/data/dataloader.py:775: UserWarning: 'pin_memory' argument is set as true but not supported on MPS now, device pinned memory won't be used.
  super().__init__(loader)
  epoch 001 [ 100/1665]  loss=2.7178
  epoch 001 [ 200/1665]  loss=2.5569
  epoch 001 [ 300/1665]  loss=2.4789
  epoch 001 [ 400/1665]  loss=2.4157
  epoch 001 [ 500/1665]  loss=2.3506
  epoch 001 [ 600/1665]  loss=2.2930
  epoch 001 [ 700/1665]  loss=2.2379
  epoch 001 [ 800/1665]  loss=2.1843
  epoch 001 [ 900/1665]  loss=2.1281
  epoch 001 [1000/1665]  loss=2.0744
  epoch 001 [1100/1665]  loss=2.0182
  epoch 001 [1200/1665]  loss=1.9605
  epoch 001 [1300/1665]  loss=1.9048
  epoch 001 [1400/1665]  loss=1.8519
  epoch 001 [1500/1665]  loss=1.8022
  epoch 001 [1600/1665]  loss=1.7572
epoch 001 | train_loss=1.7296 | val_loss=0.4359 | val_acc=0.8660 | val_f1=0.8459 | lr=2.00e-04
  epoch 002 [ 100/1665]  loss=1.1355
  epoch 002 [ 200/1665]  loss=1.1055
  epoch 002 [ 300/1665]  loss=1.0857
  epoch 002 [ 400/1665]  loss=1.0629
  epoch 002 [ 500/1665]  loss=1.0450
  epoch 002 [ 600/1665]  loss=1.0295
  epoch 002 [ 700/1665]  loss=1.0136
  epoch 002 [ 800/1665]  loss=1.0004
  epoch 002 [ 900/1665]  loss=0.9884
  epoch 002 [1000/1665]  loss=0.9790
  epoch 002 [1100/1665]  loss=0.9685
  epoch 002 [1200/1665]  loss=0.9593
  epoch 002 [1300/1665]  loss=0.9511
  epoch 002 [1400/1665]  loss=0.9427
  epoch 002 [1500/1665]  loss=0.9345
  epoch 002 [1600/1665]  loss=0.9279
epoch 002 | train_loss=0.9233 | val_loss=0.3384 | val_acc=0.9051 | val_f1=0.8878 | lr=4.00e-04
  epoch 003 [ 100/1665]  loss=0.8458
  epoch 003 [ 200/1665]  loss=0.8422
  epoch 003 [ 300/1665]  loss=0.8377
  epoch 003 [ 400/1665]  loss=0.8325
  epoch 003 [ 500/1665]  loss=0.8283
  epoch 003 [ 600/1665]  loss=0.8251
  epoch 003 [ 700/1665]  loss=0.8216
  epoch 003 [ 800/1665]  loss=0.8174
  epoch 003 [ 900/1665]  loss=0.8145
  epoch 003 [1000/1665]  loss=0.8117
  epoch 003 [1100/1665]  loss=0.8094
  epoch 003 [1200/1665]  loss=0.8064
  epoch 003 [1300/1665]  loss=0.8037
  epoch 003 [1400/1665]  loss=0.8013
  epoch 003 [1500/1665]  loss=0.7992
  epoch 003 [1600/1665]  loss=0.7971
epoch 003 | train_loss=0.7960 | val_loss=0.3156 | val_acc=0.9221 | val_f1=0.9066 | lr=6.00e-04
  epoch 004 [ 100/1665]  loss=0.7767
  epoch 004 [ 200/1665]  loss=0.7763
  epoch 004 [ 300/1665]  loss=0.7743
  epoch 004 [ 400/1665]  loss=0.7684
  epoch 004 [ 500/1665]  loss=0.7672
  epoch 004 [ 600/1665]  loss=0.7636
  epoch 004 [ 700/1665]  loss=0.7634
  epoch 004 [ 800/1665]  loss=0.7616
  epoch 004 [ 900/1665]  loss=0.7615
  epoch 004 [1000/1665]  loss=0.7600
  epoch 004 [1100/1665]  loss=0.7593
  epoch 004 [1200/1665]  loss=0.7583
  epoch 004 [1300/1665]  loss=0.7574
  epoch 004 [1400/1665]  loss=0.7568
  epoch 004 [1500/1665]  loss=0.7561
  epoch 004 [1600/1665]  loss=0.7541
epoch 004 | train_loss=0.7534 | val_loss=0.3648 | val_acc=0.8968 | val_f1=0.8781 | lr=8.00e-04
  epoch 005 [ 100/1665]  loss=0.7541
  epoch 005 [ 200/1665]  loss=0.7544
  epoch 005 [ 300/1665]  loss=0.7542
  epoch 005 [ 400/1665]  loss=0.7540
  epoch 005 [ 500/1665]  loss=0.7514
  epoch 005 [ 600/1665]  loss=0.7485
  epoch 005 [ 700/1665]  loss=0.7461
  epoch 005 [ 800/1665]  loss=0.7445
  epoch 005 [ 900/1665]  loss=0.7431
  epoch 005 [1000/1665]  loss=0.7418
  epoch 005 [1100/1665]  loss=0.7405
  epoch 005 [1200/1665]  loss=0.7390
  epoch 005 [1300/1665]  loss=0.7388
  epoch 005 [1400/1665]  loss=0.7387
  epoch 005 [1500/1665]  loss=0.7377
  epoch 005 [1600/1665]  loss=0.7373
epoch 005 | train_loss=0.7367 | val_loss=0.2412 | val_acc=0.9338 | val_f1=0.9211 | lr=1.00e-03
  epoch 006 [ 100/1665]  loss=0.7193
  epoch 006 [ 200/1665]  loss=0.7223
  epoch 006 [ 300/1665]  loss=0.7202
  epoch 006 [ 400/1665]  loss=0.7199
  epoch 006 [ 500/1665]  loss=0.7191
  epoch 006 [ 600/1665]  loss=0.7184
  epoch 006 [ 700/1665]  loss=0.7191
  epoch 006 [ 800/1665]  loss=0.7187
  epoch 006 [ 900/1665]  loss=0.7189
  epoch 006 [1000/1665]  loss=0.7190
  epoch 006 [1100/1665]  loss=0.7188
  epoch 006 [1200/1665]  loss=0.7188
  epoch 006 [1300/1665]  loss=0.7183
  epoch 006 [1400/1665]  loss=0.7186
  epoch 006 [1500/1665]  loss=0.7183
  epoch 006 [1600/1665]  loss=0.7180
epoch 006 | train_loss=0.7181 | val_loss=0.2906 | val_acc=0.9358 | val_f1=0.9199 | lr=9.99e-04
  epoch 007 [ 100/1665]  loss=0.7156
  epoch 007 [ 200/1665]  loss=0.7162
  epoch 007 [ 300/1665]  loss=0.7118
  epoch 007 [ 400/1665]  loss=0.7144
  epoch 007 [ 500/1665]  loss=0.7152
  epoch 007 [ 600/1665]  loss=0.7145
  epoch 007 [ 700/1665]  loss=0.7140
  epoch 007 [ 800/1665]  loss=0.7140
  epoch 007 [ 900/1665]  loss=0.7136
  epoch 007 [1000/1665]  loss=0.7128
  epoch 007 [1100/1665]  loss=0.7128
  epoch 007 [1200/1665]  loss=0.7124
  epoch 007 [1300/1665]  loss=0.7120
  epoch 007 [1400/1665]  loss=0.7116
  epoch 007 [1500/1665]  loss=0.7113
  epoch 007 [1600/1665]  loss=0.7119
epoch 007 | train_loss=0.7114 | val_loss=0.2599 | val_acc=0.9408 | val_f1=0.9266 | lr=9.97e-04
  epoch 008 [ 100/1665]  loss=0.7051
  epoch 008 [ 200/1665]  loss=0.7078
  epoch 008 [ 300/1665]  loss=0.7042
  epoch 008 [ 400/1665]  loss=0.7030
  epoch 008 [ 500/1665]  loss=0.7040
  epoch 008 [ 600/1665]  loss=0.7035
  epoch 008 [ 700/1665]  loss=0.7029
  epoch 008 [ 800/1665]  loss=0.7031
  epoch 008 [ 900/1665]  loss=0.7038
  epoch 008 [1000/1665]  loss=0.7034
  epoch 008 [1100/1665]  loss=0.7044
  epoch 008 [1200/1665]  loss=0.7047
  epoch 008 [1300/1665]  loss=0.7055
  epoch 008 [1400/1665]  loss=0.7059
  epoch 008 [1500/1665]  loss=0.7054
  epoch 008 [1600/1665]  loss=0.7051
epoch 008 | train_loss=0.7052 | val_loss=0.3412 | val_acc=0.9145 | val_f1=0.8940 | lr=9.93e-04
  epoch 009 [ 100/1665]  loss=0.6981
  epoch 009 [ 200/1665]  loss=0.6954
  epoch 009 [ 300/1665]  loss=0.6968
  epoch 009 [ 400/1665]  loss=0.6972
  epoch 009 [ 500/1665]  loss=0.6981
  epoch 009 [ 600/1665]  loss=0.6986
  epoch 009 [ 700/1665]  loss=0.6987
  epoch 009 [ 800/1665]  loss=0.6989
  epoch 009 [ 900/1665]  loss=0.7001
  epoch 009 [1000/1665]  loss=0.6999
  epoch 009 [1100/1665]  loss=0.6998
  epoch 009 [1200/1665]  loss=0.7002
  epoch 009 [1300/1665]  loss=0.6999
  epoch 009 [1400/1665]  loss=0.7000
  epoch 009 [1500/1665]  loss=0.6998
  epoch 009 [1600/1665]  loss=0.6995
epoch 009 | train_loss=0.6996 | val_loss=0.2847 | val_acc=0.9351 | val_f1=0.9189 | lr=9.87e-04
  epoch 010 [ 100/1665]  loss=0.6934
  epoch 010 [ 200/1665]  loss=0.6974
  epoch 010 [ 300/1665]  loss=0.6953
  epoch 010 [ 400/1665]  loss=0.6946
  epoch 010 [ 500/1665]  loss=0.6953
  epoch 010 [ 600/1665]  loss=0.6970
  epoch 010 [ 700/1665]  loss=0.6983
  epoch 010 [ 800/1665]  loss=0.6982
  epoch 010 [ 900/1665]  loss=0.6977
  epoch 010 [1000/1665]  loss=0.6972
  epoch 010 [1100/1665]  loss=0.6977
  epoch 010 [1200/1665]  loss=0.6979
  epoch 010 [1300/1665]  loss=0.6973
  epoch 010 [1400/1665]  loss=0.6970
  epoch 010 [1500/1665]  loss=0.6971
  epoch 010 [1600/1665]  loss=0.6969
epoch 010 | train_loss=0.6968 | val_loss=0.3100 | val_acc=0.9142 | val_f1=0.8952 | lr=9.80e-04
  epoch 011 [ 100/1665]  loss=0.6949
  epoch 011 [ 200/1665]  loss=0.6929
  epoch 011 [ 300/1665]  loss=0.6926
  epoch 011 [ 400/1665]  loss=0.6917
  epoch 011 [ 500/1665]  loss=0.6945
  epoch 011 [ 600/1665]  loss=0.6944
  epoch 011 [ 700/1665]  loss=0.6935
  epoch 011 [ 800/1665]  loss=0.6935
  epoch 011 [ 900/1665]  loss=0.6943
  epoch 011 [1000/1665]  loss=0.6939
  epoch 011 [1100/1665]  loss=0.6941
  epoch 011 [1200/1665]  loss=0.6946
  epoch 011 [1300/1665]  loss=0.6936
  epoch 011 [1400/1665]  loss=0.6936
  epoch 011 [1500/1665]  loss=0.6936
  epoch 011 [1600/1665]  loss=0.6936
epoch 011 | train_loss=0.6938 | val_loss=0.2857 | val_acc=0.9397 | val_f1=0.9231 | lr=9.71e-04
  epoch 012 [ 100/1665]  loss=0.6876
  epoch 012 [ 200/1665]  loss=0.6856
  epoch 012 [ 300/1665]  loss=0.6872
  epoch 012 [ 400/1665]  loss=0.6880
  epoch 012 [ 500/1665]  loss=0.6891
  epoch 012 [ 600/1665]  loss=0.6892
  epoch 012 [ 700/1665]  loss=0.6892
  epoch 012 [ 800/1665]  loss=0.6893
  epoch 012 [ 900/1665]  loss=0.6902
  epoch 012 [1000/1665]  loss=0.6896
  epoch 012 [1100/1665]  loss=0.6898
  epoch 012 [1200/1665]  loss=0.6903
  epoch 012 [1300/1665]  loss=0.6905
  epoch 012 [1400/1665]  loss=0.6911
  epoch 012 [1500/1665]  loss=0.6908
  epoch 012 [1600/1665]  loss=0.6911
epoch 012 | train_loss=0.6909 | val_loss=0.2778 | val_acc=0.9357 | val_f1=0.9206 | lr=9.61e-04
  epoch 013 [ 100/1665]  loss=0.6861
  epoch 013 [ 200/1665]  loss=0.6890
  epoch 013 [ 300/1665]  loss=0.6915
  epoch 013 [ 400/1665]  loss=0.6923
  epoch 013 [ 500/1665]  loss=0.6918
  epoch 013 [ 600/1665]  loss=0.6916
  epoch 013 [ 700/1665]  loss=0.6919
  epoch 013 [ 800/1665]  loss=0.6915
  epoch 013 [ 900/1665]  loss=0.6909
  epoch 013 [1000/1665]  loss=0.6908
  epoch 013 [1100/1665]  loss=0.6909
  epoch 013 [1200/1665]  loss=0.6907
  epoch 013 [1300/1665]  loss=0.6906
  epoch 013 [1400/1665]  loss=0.6905
  epoch 013 [1500/1665]  loss=0.6904
  epoch 013 [1600/1665]  loss=0.6899
epoch 013 | train_loss=0.6894 | val_loss=0.2869 | val_acc=0.9394 | val_f1=0.9395 | lr=9.49e-04
  epoch 014 [ 100/1665]  loss=0.6948
  epoch 014 [ 200/1665]  loss=0.6907
  epoch 014 [ 300/1665]  loss=0.6891
  epoch 014 [ 400/1665]  loss=0.6900
  epoch 014 [ 500/1665]  loss=0.6889
  epoch 014 [ 600/1665]  loss=0.6890
  epoch 014 [ 700/1665]  loss=0.6879
  epoch 014 [ 800/1665]  loss=0.6877
  epoch 014 [ 900/1665]  loss=0.6880
  epoch 014 [1000/1665]  loss=0.6879
  epoch 014 [1100/1665]  loss=0.6877
  epoch 014 [1200/1665]  loss=0.6879
  epoch 014 [1300/1665]  loss=0.6878
  epoch 014 [1400/1665]  loss=0.6880
  epoch 014 [1500/1665]  loss=0.6883
  epoch 014 [1600/1665]  loss=0.6882
epoch 014 | train_loss=0.6880 | val_loss=0.2790 | val_acc=0.9452 | val_f1=0.9371 | lr=9.36e-04
  epoch 015 [ 100/1665]  loss=0.6904
  epoch 015 [ 200/1665]  loss=0.6881
  epoch 015 [ 300/1665]  loss=0.6872
  epoch 015 [ 400/1665]  loss=0.6865
  epoch 015 [ 500/1665]  loss=0.6871
  epoch 015 [ 600/1665]  loss=0.6872
  epoch 015 [ 700/1665]  loss=0.6869
  epoch 015 [ 800/1665]  loss=0.6866
  epoch 015 [ 900/1665]  loss=0.6866
  epoch 015 [1000/1665]  loss=0.6867
  epoch 015 [1100/1665]  loss=0.6863
  epoch 015 [1200/1665]  loss=0.6860
  epoch 015 [1300/1665]  loss=0.6856
  epoch 015 [1400/1665]  loss=0.6856
  epoch 015 [1500/1665]  loss=0.6858
  epoch 015 [1600/1665]  loss=0.6858
epoch 015 | train_loss=0.6857 | val_loss=0.2822 | val_acc=0.9407 | val_f1=0.9242 | lr=9.21e-04
  epoch 016 [ 100/1665]  loss=0.6895
  epoch 016 [ 200/1665]  loss=0.6899
  epoch 016 [ 300/1665]  loss=0.6871
  epoch 016 [ 400/1665]  loss=0.6859
  epoch 016 [ 500/1665]  loss=0.6858
  epoch 016 [ 600/1665]  loss=0.6857
  epoch 016 [ 700/1665]  loss=0.6857
  epoch 016 [ 800/1665]  loss=0.6855
  epoch 016 [ 900/1665]  loss=0.6855
  epoch 016 [1000/1665]  loss=0.6854
  epoch 016 [1100/1665]  loss=0.6855
  epoch 016 [1200/1665]  loss=0.6855
  epoch 016 [1300/1665]  loss=0.6859
  epoch 016 [1400/1665]  loss=0.6853
  epoch 016 [1500/1665]  loss=0.6851
  epoch 016 [1600/1665]  loss=0.6848
epoch 016 | train_loss=0.6851 | val_loss=0.2775 | val_acc=0.9443 | val_f1=0.9278 | lr=9.05e-04
  epoch 017 [ 100/1665]  loss=0.6984
  epoch 017 [ 200/1665]  loss=0.6920
  epoch 017 [ 300/1665]  loss=0.6885
  epoch 017 [ 400/1665]  loss=0.6873
  epoch 017 [ 500/1665]  loss=0.6868
  epoch 017 [ 600/1665]  loss=0.6857
  epoch 017 [ 700/1665]  loss=0.6853
  epoch 017 [ 800/1665]  loss=0.6852
  epoch 017 [ 900/1665]  loss=0.6848
  epoch 017 [1000/1665]  loss=0.6845
  epoch 017 [1100/1665]  loss=0.6842
  epoch 017 [1200/1665]  loss=0.6839
  epoch 017 [1300/1665]  loss=0.6844
  epoch 017 [1400/1665]  loss=0.6840
  epoch 017 [1500/1665]  loss=0.6837
  epoch 017 [1600/1665]  loss=0.6834
epoch 017 | train_loss=0.6835 | val_loss=0.2832 | val_acc=0.9435 | val_f1=0.9271 | lr=8.88e-04
  epoch 018 [ 100/1665]  loss=0.6889
  epoch 018 [ 200/1665]  loss=0.6874
  epoch 018 [ 300/1665]  loss=0.6845
  epoch 018 [ 400/1665]  loss=0.6853
  epoch 018 [ 500/1665]  loss=0.6848
  epoch 018 [ 600/1665]  loss=0.6840
  epoch 018 [ 700/1665]  loss=0.6839
  epoch 018 [ 800/1665]  loss=0.6840
  epoch 018 [ 900/1665]  loss=0.6842
  epoch 018 [1000/1665]  loss=0.6837
  epoch 018 [1100/1665]  loss=0.6831
  epoch 018 [1200/1665]  loss=0.6825
  epoch 018 [1300/1665]  loss=0.6826
  epoch 018 [1400/1665]  loss=0.6822
  epoch 018 [1500/1665]  loss=0.6822
  epoch 018 [1600/1665]  loss=0.6822
epoch 018 | train_loss=0.6823 | val_loss=0.2796 | val_acc=0.9431 | val_f1=0.9265 | lr=8.70e-04
  epoch 019 [ 100/1665]  loss=0.6802
  epoch 019 [ 200/1665]  loss=0.6833
  epoch 019 [ 300/1665]  loss=0.6803
  epoch 019 [ 400/1665]  loss=0.6803
  epoch 019 [ 500/1665]  loss=0.6806
  epoch 019 [ 600/1665]  loss=0.6801
  epoch 019 [ 700/1665]  loss=0.6802
  epoch 019 [ 800/1665]  loss=0.6805
  epoch 019 [ 900/1665]  loss=0.6803
  epoch 019 [1000/1665]  loss=0.6804
  epoch 019 [1100/1665]  loss=0.6802
  epoch 019 [1200/1665]  loss=0.6800
  epoch 019 [1300/1665]  loss=0.6802
  epoch 019 [1400/1665]  loss=0.6805
  epoch 019 [1500/1665]  loss=0.6802
  epoch 019 [1600/1665]  loss=0.6804
epoch 019 | train_loss=0.6811 | val_loss=0.2838 | val_acc=0.9419 | val_f1=0.9259 | lr=8.50e-04
  epoch 020 [ 100/1665]  loss=0.6844
  epoch 020 [ 200/1665]  loss=0.6831
  epoch 020 [ 300/1665]  loss=0.6818
  epoch 020 [ 400/1665]  loss=0.6815
  epoch 020 [ 500/1665]  loss=0.6821
  epoch 020 [ 600/1665]  loss=0.6817
  epoch 020 [ 700/1665]  loss=0.6822
  epoch 020 [ 800/1665]  loss=0.6825
  epoch 020 [ 900/1665]  loss=0.6823
  epoch 020 [1000/1665]  loss=0.6822
  epoch 020 [1100/1665]  loss=0.6823
  epoch 020 [1200/1665]  loss=0.6816
  epoch 020 [1300/1665]  loss=0.6820
  epoch 020 [1400/1665]  loss=0.6818
  epoch 020 [1500/1665]  loss=0.6818
  epoch 020 [1600/1665]  loss=0.6815
epoch 020 | train_loss=0.6814 | val_loss=0.2881 | val_acc=0.9393 | val_f1=0.9226 | lr=8.29e-04
  epoch 021 [ 100/1665]  loss=0.6774
  epoch 021 [ 200/1665]  loss=0.6767
  epoch 021 [ 300/1665]  loss=0.6797
  epoch 021 [ 400/1665]  loss=0.6799
  epoch 021 [ 500/1665]  loss=0.6796
  epoch 021 [ 600/1665]  loss=0.6788
  epoch 021 [ 700/1665]  loss=0.6792
  epoch 021 [ 800/1665]  loss=0.6793
  epoch 021 [ 900/1665]  loss=0.6799
  epoch 021 [1000/1665]  loss=0.6795
  epoch 021 [1100/1665]  loss=0.6798
  epoch 021 [1200/1665]  loss=0.6799
  epoch 021 [1300/1665]  loss=0.6799
  epoch 021 [1400/1665]  loss=0.6800
  epoch 021 [1500/1665]  loss=0.6799
  epoch 021 [1600/1665]  loss=0.6799
